C:/projekty/prywatne/STM-projekty/GUI_sensors_light/Core/Src/main.c:957:6:StartDefaultTask	8	static
C:/projekty/prywatne/STM-projekty/GUI_sensors_light/Core/Src/main.c:975:6:StartSensorTask	24	static
C:/projekty/prywatne/STM-projekty/GUI_sensors_light/Core/Src/main.c:263:6:SystemClock_Config	88	static
C:/projekty/prywatne/STM-projekty/GUI_sensors_light/Core/Src/main.c:149:5:main	176	static,ignoring_inline_asm
C:/projekty/prywatne/STM-projekty/GUI_sensors_light/Core/Src/main.c:1045:6:HAL_TIM_PeriodElapsedCallback	0	static
C:/projekty/prywatne/STM-projekty/GUI_sensors_light/Core/Src/main.c:1062:6:Error_Handler	0	static
