Archive member included to satisfy reference by file (symbol)

c:/ac6/systemworkbench/plugins/fr.ac6.mcu.externaltools.arm-none.win32_1.16.0.201807130628/tools/compiler/bin/../lib/gcc/arm-none-eabi/7.2.1/thumb/v6-m\libgcc.a(_udivsi3.o)
                              Application/User/main.o (__aeabi_uidiv)
c:/ac6/systemworkbench/plugins/fr.ac6.mcu.externaltools.arm-none.win32_1.16.0.201807130628/tools/compiler/bin/../lib/gcc/arm-none-eabi/7.2.1/thumb/v6-m\libgcc.a(_divsi3.o)
                              Application/User/main.o (__aeabi_idiv)
c:/ac6/systemworkbench/plugins/fr.ac6.mcu.externaltools.arm-none.win32_1.16.0.201807130628/tools/compiler/bin/../lib/gcc/arm-none-eabi/7.2.1/thumb/v6-m\libgcc.a(_dvmd_tls.o)
                              c:/ac6/systemworkbench/plugins/fr.ac6.mcu.externaltools.arm-none.win32_1.16.0.201807130628/tools/compiler/bin/../lib/gcc/arm-none-eabi/7.2.1/thumb/v6-m\libgcc.a(_udivsi3.o) (__aeabi_idiv0)
c:/ac6/systemworkbench/plugins/fr.ac6.mcu.externaltools.arm-none.win32_1.16.0.201807130628/tools/compiler/bin/../lib/gcc/arm-none-eabi/7.2.1/../../../../arm-none-eabi/lib/thumb/v6-m\libc_nano.a(lib_a-exit.o)
                              c:/ac6/systemworkbench/plugins/fr.ac6.mcu.externaltools.arm-none.win32_1.16.0.201807130628/tools/compiler/bin/../lib/gcc/arm-none-eabi/7.2.1/../../../../arm-none-eabi/lib/thumb/v6-m/crt0.o (exit)
c:/ac6/systemworkbench/plugins/fr.ac6.mcu.externaltools.arm-none.win32_1.16.0.201807130628/tools/compiler/bin/../lib/gcc/arm-none-eabi/7.2.1/../../../../arm-none-eabi/lib/thumb/v6-m\libc_nano.a(lib_a-impure.o)
                              c:/ac6/systemworkbench/plugins/fr.ac6.mcu.externaltools.arm-none.win32_1.16.0.201807130628/tools/compiler/bin/../lib/gcc/arm-none-eabi/7.2.1/../../../../arm-none-eabi/lib/thumb/v6-m\libc_nano.a(lib_a-exit.o) (_global_impure_ptr)
c:/ac6/systemworkbench/plugins/fr.ac6.mcu.externaltools.arm-none.win32_1.16.0.201807130628/tools/compiler/bin/../lib/gcc/arm-none-eabi/7.2.1/../../../../arm-none-eabi/lib/thumb/v6-m\libc_nano.a(lib_a-init.o)
                              c:/ac6/systemworkbench/plugins/fr.ac6.mcu.externaltools.arm-none.win32_1.16.0.201807130628/tools/compiler/bin/../lib/gcc/arm-none-eabi/7.2.1/../../../../arm-none-eabi/lib/thumb/v6-m/crt0.o (__libc_init_array)
c:/ac6/systemworkbench/plugins/fr.ac6.mcu.externaltools.arm-none.win32_1.16.0.201807130628/tools/compiler/bin/../lib/gcc/arm-none-eabi/7.2.1/../../../../arm-none-eabi/lib/thumb/v6-m\libc_nano.a(lib_a-memset.o)
                              c:/ac6/systemworkbench/plugins/fr.ac6.mcu.externaltools.arm-none.win32_1.16.0.201807130628/tools/compiler/bin/../lib/gcc/arm-none-eabi/7.2.1/../../../../arm-none-eabi/lib/thumb/v6-m/crt0.o (memset)
c:/ac6/systemworkbench/plugins/fr.ac6.mcu.externaltools.arm-none.win32_1.16.0.201807130628/tools/compiler/bin/../lib/gcc/arm-none-eabi/7.2.1/../../../../arm-none-eabi/lib/thumb/v6-m\libnosys.a(_exit.o)
                              c:/ac6/systemworkbench/plugins/fr.ac6.mcu.externaltools.arm-none.win32_1.16.0.201807130628/tools/compiler/bin/../lib/gcc/arm-none-eabi/7.2.1/../../../../arm-none-eabi/lib/thumb/v6-m\libc_nano.a(lib_a-exit.o) (_exit)

Allocating common symbols
Common symbol       size              file

htim17              0x40              Application/User/main.o
val_1               0x4               Application/User/main.o
uwTick              0x4               Drivers/STM32F0xx_HAL_Driver/stm32f0xx_hal.o
pFlash              0x20              Drivers/STM32F0xx_HAL_Driver/stm32f0xx_hal_flash.o
htim3               0x40              Application/User/main.o
direction           0x1               Application/User/main.o
htim14              0x40              Application/User/main.o
hadc                0x4c              Application/User/main.o
htim16              0x40              Application/User/main.o

Discarded input sections

 .text          0x00000000        0x0 c:/ac6/systemworkbench/plugins/fr.ac6.mcu.externaltools.arm-none.win32_1.16.0.201807130628/tools/compiler/bin/../lib/gcc/arm-none-eabi/7.2.1/thumb/v6-m/crti.o
 .data          0x00000000        0x0 c:/ac6/systemworkbench/plugins/fr.ac6.mcu.externaltools.arm-none.win32_1.16.0.201807130628/tools/compiler/bin/../lib/gcc/arm-none-eabi/7.2.1/thumb/v6-m/crti.o
 .bss           0x00000000        0x0 c:/ac6/systemworkbench/plugins/fr.ac6.mcu.externaltools.arm-none.win32_1.16.0.201807130628/tools/compiler/bin/../lib/gcc/arm-none-eabi/7.2.1/thumb/v6-m/crti.o
 .data          0x00000000        0x4 c:/ac6/systemworkbench/plugins/fr.ac6.mcu.externaltools.arm-none.win32_1.16.0.201807130628/tools/compiler/bin/../lib/gcc/arm-none-eabi/7.2.1/thumb/v6-m/crtbegin.o
 .text          0x00000000       0x78 c:/ac6/systemworkbench/plugins/fr.ac6.mcu.externaltools.arm-none.win32_1.16.0.201807130628/tools/compiler/bin/../lib/gcc/arm-none-eabi/7.2.1/../../../../arm-none-eabi/lib/thumb/v6-m/crt0.o
[...]
Memory Configuration

Name             Origin             Length             Attributes
RAM              0x20000000         0x00001000         xrw
FLASH            0x08000000         0x00008000         xr
*default*        0x00000000         0xffffffff

Linker script and memory map

LOAD c:/ac6/systemworkbench/plugins/fr.ac6.mcu.externaltools.arm-none.win32_1.16.0.201807130628/tools/compiler/bin/../lib/gcc/arm-none-eabi/7.2.1/thumb/v6-m/crti.o
LOAD c:/ac6/systemworkbench/plugins/fr.ac6.mcu.externaltools.arm-none.win32_1.16.0.201807130628/tools/compiler/bin/../lib/gcc/arm-none-eabi/7.2.1/thumb/v6-m/crtbegin.o
LOAD c:/ac6/systemworkbench/plugins/fr.ac6.mcu.externaltools.arm-none.win32_1.16.0.201807130628/tools/compiler/bin/../lib/gcc/arm-none-eabi/7.2.1/../../../../arm-none-eabi/lib/thumb/v6-m/crt0.o
LOAD Application/SW4STM32/startup_stm32f030x6.o
LOAD Application/User/main.o
LOAD Application/User/stm32f0xx_hal_msp.o
LOAD Application/User/stm32f0xx_it.o
LOAD Drivers/CMSIS/system_stm32f0xx.o
LOAD Drivers/STM32F0xx_HAL_Driver/stm32f0xx_hal.o
LOAD Drivers/STM32F0xx_HAL_Driver/stm32f0xx_hal_adc.o
LOAD Drivers/STM32F0xx_HAL_Driver/stm32f0xx_hal_adc_ex.o
LOAD Drivers/STM32F0xx_HAL_Driver/stm32f0xx_hal_cortex.o
LOAD Drivers/STM32F0xx_HAL_Driver/stm32f0xx_hal_dma.o
LOAD Drivers/STM32F0xx_HAL_Driver/stm32f0xx_hal_flash.o
LOAD Drivers/STM32F0xx_HAL_Driver/stm32f0xx_hal_flash_ex.o
LOAD Drivers/STM32F0xx_HAL_Driver/stm32f0xx_hal_gpio.o
LOAD Drivers/STM32F0xx_HAL_Driver/stm32f0xx_hal_i2c.o
LOAD Drivers/STM32F0xx_HAL_Driver/stm32f0xx_hal_i2c_ex.o
LOAD Drivers/STM32F0xx_HAL_Driver/stm32f0xx_hal_pwr.o
LOAD Drivers/STM32F0xx_HAL_Driver/stm32f0xx_hal_pwr_ex.o
LOAD Drivers/STM32F0xx_HAL_Driver/stm32f0xx_hal_rcc.o
LOAD Drivers/STM32F0xx_HAL_Driver/stm32f0xx_hal_rcc_ex.o
LOAD Drivers/STM32F0xx_HAL_Driver/stm32f0xx_hal_tim.o
LOAD Drivers/STM32F0xx_HAL_Driver/stm32f0xx_hal_tim_ex.o
LOAD c:/ac6/systemworkbench/plugins/fr.ac6.mcu.externaltools.arm-none.win32_1.16.0.201807130628/tools/compiler/bin/../lib/gcc/arm-none-eabi/7.2.1/../../../../arm-none-eabi/lib/thumb/v6-m\libm.a
START GROUP
LOAD c:/ac6/systemworkbench/plugins/fr.ac6.mcu.externaltools.arm-none.win32_1.16.0.201807130628/tools/compiler/bin/../lib/gcc/arm-none-eabi/7.2.1/thumb/v6-m\libgcc.a
LOAD c:/ac6/systemworkbench/plugins/fr.ac6.mcu.externaltools.arm-none.win32_1.16.0.201807130628/tools/compiler/bin/../lib/gcc/arm-none-eabi/7.2.1/../../../../arm-none-eabi/lib/thumb/v6-m\libc_nano.a
END GROUP
START GROUP
LOAD c:/ac6/systemworkbench/plugins/fr.ac6.mcu.externaltools.arm-none.win32_1.16.0.201807130628/tools/compiler/bin/../lib/gcc/arm-none-eabi/7.2.1/thumb/v6-m\libgcc.a
LOAD c:/ac6/systemworkbench/plugins/fr.ac6.mcu.externaltools.arm-none.win32_1.16.0.201807130628/tools/compiler/bin/../lib/gcc/arm-none-eabi/7.2.1/../../../../arm-none-eabi/lib/thumb/v6-m\libc_nano.a
LOAD c:/ac6/systemworkbench/plugins/fr.ac6.mcu.externaltools.arm-none.win32_1.16.0.201807130628/tools/compiler/bin/../lib/gcc/arm-none-eabi/7.2.1/../../../../arm-none-eabi/lib/thumb/v6-m\libnosys.a
END GROUP
START GROUP
LOAD c:/ac6/systemworkbench/plugins/fr.ac6.mcu.externaltools.arm-none.win32_1.16.0.201807130628/tools/compiler/bin/../lib/gcc/arm-none-eabi/7.2.1/thumb/v6-m\libgcc.a
LOAD c:/ac6/systemworkbench/plugins/fr.ac6.mcu.externaltools.arm-none.win32_1.16.0.201807130628/tools/compiler/bin/../lib/gcc/arm-none-eabi/7.2.1/../../../../arm-none-eabi/lib/thumb/v6-m\libc_nano.a
LOAD c:/ac6/systemworkbench/plugins/fr.ac6.mcu.externaltools.arm-none.win32_1.16.0.201807130628/tools/compiler/bin/../lib/gcc/arm-none-eabi/7.2.1/../../../../arm-none-eabi/lib/thumb/v6-m\libnosys.a
END GROUP
LOAD c:/ac6/systemworkbench/plugins/fr.ac6.mcu.externaltools.arm-none.win32_1.16.0.201807130628/tools/compiler/bin/../lib/gcc/arm-none-eabi/7.2.1/thumb/v6-m/crtend.o
LOAD c:/ac6/systemworkbench/plugins/fr.ac6.mcu.externaltools.arm-none.win32_1.16.0.201807130628/tools/compiler/bin/../lib/gcc/arm-none-eabi/7.2.1/thumb/v6-m/crtn.o
                0x20001000                _estack = 0x20001000
                0x00000200                _Min_Heap_Size = 0x200
                0x00000400                _Min_Stack_Size = 0x400

.isr_vector     0x08000000       0xc0
                0x08000000                . = ALIGN (0x4)
 *(.isr_vector)
 .isr_vector    0x08000000       0xc0 Application/SW4STM32/startup_stm32f030x6.o
                0x08000000                g_pfnVectors
                0x080000c0                . = ALIGN (0x4)

.text           0x080000c0     0x23c4
                0x080000c0                . = ALIGN (0x4)
 *(.text)
 .text          0x080000c0       0x48 c:/ac6/systemworkbench/plugins/fr.ac6.mcu.externaltools.arm-none.win32_1.16.0.201807130628/tools/compiler/bin/../lib/gcc/arm-none-eabi/7.2.1/thumb/v6-m/crtbegin.o
 .text          0x08000108      0x114 c:/ac6/systemworkbench/plugins/fr.ac6.mcu.externaltools.arm-none.win32_1.16.0.201807130628/tools/compiler/bin/../lib/gcc/arm-none-eabi/7.2.1/thumb/v6-m\libgcc.a(_udivsi3.o)
                0x08000108                __aeabi_uidiv
                0x08000108                __udivsi3
                0x08000214                __aeabi_uidivmod
 .text          0x0800021c      0x1d4 c:/ac6/systemworkbench/plugins/fr.ac6.mcu.externaltools.arm-none.win32_1.16.0.201807130628/tools/compiler/bin/../lib/gcc/arm-none-eabi/7.2.1/thumb/v6-m\libgcc.a(_divsi3.o)
                0x0800021c                __divsi3
                0x0800021c                __aeabi_idiv
                0x080003e8                __aeabi_idivmod
 .text          0x080003f0        0x4 c:/ac6/systemworkbench/plugins/fr.ac6.mcu.externaltools.arm-none.win32_1.16.0.201807130628/tools/compiler/bin/../lib/gcc/arm-none-eabi/7.2.1/thumb/v6-m\libgcc.a(_dvmd_tls.o)
                0x080003f0                __aeabi_idiv0
                0x080003f0                __aeabi_ldiv0
 *(.text*)
 .text.Reset_Handler
                0x080003f4       0x50 Application/SW4STM32/startup_stm32f030x6.o
                0x080003f4                Reset_Handler
 .text.Default_Handler
                0x08000444        0x2 Application/SW4STM32/startup_stm32f030x6.o
                0x08000444                TIM1_CC_IRQHandler
                0x08000444                I2C1_IRQHandler
                0x08000444                SPI1_IRQHandler
                0x08000444                EXTI2_3_IRQHandler
                0x08000444                ADC1_IRQHandler
                0x08000444                RTC_IRQHandler
                0x08000444                TIM3_IRQHandler
                0x08000444                EXTI4_15_IRQHandler
                0x08000444                RCC_IRQHandler
                0x08000444                DMA1_Channel1_IRQHandler
                0x08000444                Default_Handler
                0x08000444                DMA1_Channel4_5_IRQHandler
                0x08000444                EXTI0_1_IRQHandler
                0x08000444                WWDG_IRQHandler
                0x08000444                DMA1_Channel2_3_IRQHandler
                0x08000444                FLASH_IRQHandler
                0x08000444                USART1_IRQHandler
                0x08000444                TIM1_BRK_UP_TRG_COM_IRQHandler
 *fill*         0x08000446        0x2 
 .text.MX_GPIO_Init
                0x08000448       0xb0 Application/User/main.o
 .text.HAL_TIM_PeriodElapsedCallback
                0x080004f8      0x160 Application/User/main.o
                0x080004f8                HAL_TIM_PeriodElapsedCallback
 .text.change_speed
                0x08000658       0x50 Application/User/main.o
                0x08000658                change_speed
 .text.go_left  0x080006a8       0x54 Application/User/main.o
                0x080006a8                go_left
 .text.go_right
                0x080006fc       0x54 Application/User/main.o
                0x080006fc                go_right
 .text.open_full
                0x08000750       0x4c Application/User/main.o
                0x08000750                open_full
 .text.open_half
                0x0800079c       0x4c Application/User/main.o
                0x0800079c                open_half
 .text.stop_motor
                0x080007e8       0x58 Application/User/main.o
                0x080007e8                stop_motor
 .text.close    0x08000840       0x8c Application/User/main.o
                0x08000840                close
 .text.gpio_init
                0x080008cc       0x76 Application/User/main.o
                0x080008cc                gpio_init
 *fill*         0x08000942        0x2 
 .text.reset_pos
                0x08000944       0xbc Application/User/main.o
                0x08000944                reset_pos
 .text._Error_Handler
                0x08000a00        0x2 Application/User/main.o
                0x08000a00                _Error_Handler
 *fill*         0x08000a02        0x2 
 .text.MX_ADC_Init
                0x08000a04       0x78 Application/User/main.o
 .text.MX_TIM3_Init
                0x08000a7c       0xa4 Application/User/main.o
 .text.MX_TIM16_Init
                0x08000b20       0x44 Application/User/main.o
 .text.MX_TIM17_Init
                0x08000b64       0x40 Application/User/main.o
 .text.MX_TIM14_Init
                0x08000ba4       0x40 Application/User/main.o
 .text.SystemClock_Config
                0x08000be4       0x8c Application/User/main.o
                0x08000be4                SystemClock_Config
 .text.main     0x08000c70      0x150 Application/User/main.o
                0x08000c70                main
 .text.HAL_MspInit
                0x08000dc0       0x54 Application/User/stm32f0xx_hal_msp.o
                0x08000dc0                HAL_MspInit
 .text.HAL_ADC_MspInit
                0x08000e14       0x48 Application/User/stm32f0xx_hal_msp.o
                0x08000e14                HAL_ADC_MspInit
 .text.HAL_TIM_PWM_MspInit
                0x08000e5c       0x2c Application/User/stm32f0xx_hal_msp.o
                0x08000e5c                HAL_TIM_PWM_MspInit
 .text.HAL_TIM_Base_MspInit
                0x08000e88       0xa0 Application/User/stm32f0xx_hal_msp.o
                0x08000e88                HAL_TIM_Base_MspInit
 .text.HAL_TIM_MspPostInit
                0x08000f28       0x48 Application/User/stm32f0xx_hal_msp.o
                0x08000f28                HAL_TIM_MspPostInit
 .text.NMI_Handler
                0x08000f70        0x2 Application/User/stm32f0xx_it.o
                0x08000f70                NMI_Handler
 .text.HardFault_Handler
                0x08000f72        0x2 Application/User/stm32f0xx_it.o
                0x08000f72                HardFault_Handler
 .text.SVC_Handler
                0x08000f74        0x2 Application/User/stm32f0xx_it.o
                0x08000f74                SVC_Handler
 .text.PendSV_Handler
                0x08000f76        0x2 Application/User/stm32f0xx_it.o
                0x08000f76                PendSV_Handler
 .text.SysTick_Handler
                0x08000f78        0xc Application/User/stm32f0xx_it.o
                0x08000f78                SysTick_Handler
 .text.TIM14_IRQHandler
                0x08000f84       0x10 Application/User/stm32f0xx_it.o
                0x08000f84                TIM14_IRQHandler
 .text.TIM16_IRQHandler
                0x08000f94       0x10 Application/User/stm32f0xx_it.o
                0x08000f94                TIM16_IRQHandler
 .text.TIM17_IRQHandler
                0x08000fa4       0x10 Application/User/stm32f0xx_it.o
                0x08000fa4                TIM17_IRQHandler
 .text.SystemInit
                0x08000fb4       0x60 Drivers/CMSIS/system_stm32f0xx.o
                0x08000fb4                SystemInit
 .text.HAL_InitTick
                0x08001014       0x24 Drivers/STM32F0xx_HAL_Driver/stm32f0xx_hal.o
                0x08001014                HAL_InitTick
 .text.HAL_Init
                0x08001038       0x20 Drivers/STM32F0xx_HAL_Driver/stm32f0xx_hal.o
                0x08001038                HAL_Init
 .text.HAL_IncTick
                0x08001058       0x10 Drivers/STM32F0xx_HAL_Driver/stm32f0xx_hal.o
                0x08001058                HAL_IncTick
 .text.HAL_GetTick
                0x08001068        0xc Drivers/STM32F0xx_HAL_Driver/stm32f0xx_hal.o
                0x08001068                HAL_GetTick
 .text.HAL_Delay
                0x08001074       0x22 Drivers/STM32F0xx_HAL_Driver/stm32f0xx_hal.o
                0x08001074                HAL_Delay
 *fill*         0x08001096        0x2 
 .text.ADC_Enable
                0x08001098       0xa8 Drivers/STM32F0xx_HAL_Driver/stm32f0xx_hal_adc.o
 .text.HAL_ADC_Init
                0x08001140      0x17c Drivers/STM32F0xx_HAL_Driver/stm32f0xx_hal_adc.o
                0x08001140                HAL_ADC_Init
 .text.HAL_ADC_Start
                0x080012bc       0x60 Drivers/STM32F0xx_HAL_Driver/stm32f0xx_hal_adc.o
                0x080012bc                HAL_ADC_Start
 .text.HAL_ADC_PollForConversion
                0x0800131c       0xc0 Drivers/STM32F0xx_HAL_Driver/stm32f0xx_hal_adc.o
                0x0800131c                HAL_ADC_PollForConversion
 .text.HAL_ADC_GetValue
                0x080013dc        0x6 Drivers/STM32F0xx_HAL_Driver/stm32f0xx_hal_adc.o
                0x080013dc                HAL_ADC_GetValue
 *fill*         0x080013e2        0x2 
 .text.HAL_ADC_ConfigChannel
                0x080013e4      0x134 Drivers/STM32F0xx_HAL_Driver/stm32f0xx_hal_adc.o
                0x080013e4                HAL_ADC_ConfigChannel
 .text.HAL_NVIC_SetPriority
                0x08001518       0x60 Drivers/STM32F0xx_HAL_Driver/stm32f0xx_hal_cortex.o
                0x08001518                HAL_NVIC_SetPriority
 .text.HAL_NVIC_EnableIRQ
                0x08001578       0x14 Drivers/STM32F0xx_HAL_Driver/stm32f0xx_hal_cortex.o
                0x08001578                HAL_NVIC_EnableIRQ
 .text.HAL_SYSTICK_Config
                0x0800158c       0x38 Drivers/STM32F0xx_HAL_Driver/stm32f0xx_hal_cortex.o
                0x0800158c                HAL_SYSTICK_Config
 .text.HAL_SYSTICK_CLKSourceConfig
                0x080015c4       0x20 Drivers/STM32F0xx_HAL_Driver/stm32f0xx_hal_cortex.o
                0x080015c4                HAL_SYSTICK_CLKSourceConfig
 .text.HAL_SYSTICK_Callback
                0x080015e4        0x2 Drivers/STM32F0xx_HAL_Driver/stm32f0xx_hal_cortex.o
                0x080015e4                HAL_SYSTICK_Callback
 .text.HAL_SYSTICK_IRQHandler
                0x080015e6        0x8 Drivers/STM32F0xx_HAL_Driver/stm32f0xx_hal_cortex.o
                0x080015e6                HAL_SYSTICK_IRQHandler
 *fill*         0x080015ee        0x2 
 .text.HAL_GPIO_Init
                0x080015f0      0x18c Drivers/STM32F0xx_HAL_Driver/stm32f0xx_hal_gpio.o
                0x080015f0                HAL_GPIO_Init
 .text.HAL_GPIO_ReadPin
                0x0800177c        0xe Drivers/STM32F0xx_HAL_Driver/stm32f0xx_hal_gpio.o
                0x0800177c                HAL_GPIO_ReadPin
 .text.HAL_GPIO_WritePin
                0x0800178a        0xc Drivers/STM32F0xx_HAL_Driver/stm32f0xx_hal_gpio.o
                0x0800178a                HAL_GPIO_WritePin
 *fill*         0x08001796        0x2 
 .text.HAL_RCC_OscConfig
                0x08001798      0x454 Drivers/STM32F0xx_HAL_Driver/stm32f0xx_hal_rcc.o
                0x08001798                HAL_RCC_OscConfig
 .text.HAL_RCC_GetSysClockFreq
                0x08001bec       0x7c Drivers/STM32F0xx_HAL_Driver/stm32f0xx_hal_rcc.o
                0x08001bec                HAL_RCC_GetSysClockFreq
 .text.HAL_RCC_ClockConfig
                0x08001c68      0x154 Drivers/STM32F0xx_HAL_Driver/stm32f0xx_hal_rcc.o
                0x08001c68                HAL_RCC_ClockConfig
 .text.HAL_RCC_GetHCLKFreq
                0x08001dbc        0xc Drivers/STM32F0xx_HAL_Driver/stm32f0xx_hal_rcc.o
                0x08001dbc                HAL_RCC_GetHCLKFreq
 .text.TIM_OC1_SetConfig
                0x08001dc8       0x78 Drivers/STM32F0xx_HAL_Driver/stm32f0xx_hal_tim.o
 .text.TIM_OC3_SetConfig
                0x08001e40       0x88 Drivers/STM32F0xx_HAL_Driver/stm32f0xx_hal_tim.o
 .text.TIM_OC4_SetConfig
                0x08001ec8       0x68 Drivers/STM32F0xx_HAL_Driver/stm32f0xx_hal_tim.o
 .text.HAL_TIM_Base_Start_IT
                0x08001f30       0x16 Drivers/STM32F0xx_HAL_Driver/stm32f0xx_hal_tim.o
                0x08001f30                HAL_TIM_Base_Start_IT
 .text.HAL_TIM_OC_DelayElapsedCallback
                0x08001f46        0x2 Drivers/STM32F0xx_HAL_Driver/stm32f0xx_hal_tim.o
                0x08001f46                HAL_TIM_OC_DelayElapsedCallback
 .text.HAL_TIM_IC_CaptureCallback
                0x08001f48        0x2 Drivers/STM32F0xx_HAL_Driver/stm32f0xx_hal_tim.o
                0x08001f48                HAL_TIM_IC_CaptureCallback
 .text.HAL_TIM_PWM_PulseFinishedCallback
                0x08001f4a        0x2 Drivers/STM32F0xx_HAL_Driver/stm32f0xx_hal_tim.o
                0x08001f4a                HAL_TIM_PWM_PulseFinishedCallback
 .text.HAL_TIM_TriggerCallback
                0x08001f4c        0x2 Drivers/STM32F0xx_HAL_Driver/stm32f0xx_hal_tim.o
                0x08001f4c                HAL_TIM_TriggerCallback
 .text.HAL_TIM_IRQHandler
                0x08001f4e      0x15a Drivers/STM32F0xx_HAL_Driver/stm32f0xx_hal_tim.o
                0x08001f4e                HAL_TIM_IRQHandler
 .text.TIM_Base_SetConfig
                0x080020a8       0x84 Drivers/STM32F0xx_HAL_Driver/stm32f0xx_hal_tim.o
                0x080020a8                TIM_Base_SetConfig
 .text.HAL_TIM_Base_Init
                0x0800212c       0x34 Drivers/STM32F0xx_HAL_Driver/stm32f0xx_hal_tim.o
                0x0800212c                HAL_TIM_Base_Init
 .text.HAL_TIM_PWM_Init
                0x08002160       0x34 Drivers/STM32F0xx_HAL_Driver/stm32f0xx_hal_tim.o
                0x08002160                HAL_TIM_PWM_Init
 .text.TIM_OC2_SetConfig
                0x08002194       0x80 Drivers/STM32F0xx_HAL_Driver/stm32f0xx_hal_tim.o
                0x08002194                TIM_OC2_SetConfig
 .text.HAL_TIM_PWM_ConfigChannel
                0x08002214       0xec Drivers/STM32F0xx_HAL_Driver/stm32f0xx_hal_tim.o
                0x08002214                HAL_TIM_PWM_ConfigChannel
 .text.TIM_CCxChannelCmd
                0x08002300       0x16 Drivers/STM32F0xx_HAL_Driver/stm32f0xx_hal_tim.o
                0x08002300                TIM_CCxChannelCmd
 *fill*         0x08002316        0x2 
 .text.HAL_TIM_PWM_Start
                0x08002318       0x44 Drivers/STM32F0xx_HAL_Driver/stm32f0xx_hal_tim.o
                0x08002318                HAL_TIM_PWM_Start
 .text.HAL_TIM_PWM_Stop
                0x0800235c       0x78 Drivers/STM32F0xx_HAL_Driver/stm32f0xx_hal_tim.o
                0x0800235c                HAL_TIM_PWM_Stop
 .text.HAL_TIMEx_MasterConfigSynchronization
                0x080023d4       0x4c Drivers/STM32F0xx_HAL_Driver/stm32f0xx_hal_tim_ex.o
                0x080023d4                HAL_TIMEx_MasterConfigSynchronization
 .text.HAL_TIMEx_CommutationCallback
                0x08002420        0x2 Drivers/STM32F0xx_HAL_Driver/stm32f0xx_hal_tim_ex.o
                0x08002420                HAL_TIMEx_CommutationCallback
 .text.HAL_TIMEx_BreakCallback
                0x08002422        0x2 Drivers/STM32F0xx_HAL_Driver/stm32f0xx_hal_tim_ex.o
                0x08002422                HAL_TIMEx_BreakCallback
 .text.__libc_init_array
                0x08002424       0x48 c:/ac6/systemworkbench/plugins/fr.ac6.mcu.externaltools.arm-none.win32_1.16.0.201807130628/tools/compiler/bin/../lib/gcc/arm-none-eabi/7.2.1/../../../../arm-none-eabi/lib/thumb/v6-m\libc_nano.a(lib_a-init.o)
                0x08002424                __libc_init_array
 *(.glue_7)
 .glue_7        0x0800246c        0x0 linker stubs
 *(.glue_7t)
 .glue_7t       0x0800246c        0x0 linker stubs
 *(.eh_frame)
 .eh_frame      0x0800246c        0x0 c:/ac6/systemworkbench/plugins/fr.ac6.mcu.externaltools.arm-none.win32_1.16.0.201807130628/tools/compiler/bin/../lib/gcc/arm-none-eabi/7.2.1/thumb/v6-m/crtbegin.o
 *(.init)
 .init          0x0800246c        0x4 c:/ac6/systemworkbench/plugins/fr.ac6.mcu.externaltools.arm-none.win32_1.16.0.201807130628/tools/compiler/bin/../lib/gcc/arm-none-eabi/7.2.1/thumb/v6-m/crti.o
                0x0800246c                _init
 .init          0x08002470        0x8 c:/ac6/systemworkbench/plugins/fr.ac6.mcu.externaltools.arm-none.win32_1.16.0.201807130628/tools/compiler/bin/../lib/gcc/arm-none-eabi/7.2.1/thumb/v6-m/crtn.o
 *(.fini)
 .fini          0x08002478        0x4 c:/ac6/systemworkbench/plugins/fr.ac6.mcu.externaltools.arm-none.win32_1.16.0.201807130628/tools/compiler/bin/../lib/gcc/arm-none-eabi/7.2.1/thumb/v6-m/crti.o
                0x08002478                _fini
 .fini          0x0800247c        0x8 c:/ac6/systemworkbench/plugins/fr.ac6.mcu.externaltools.arm-none.win32_1.16.0.201807130628/tools/compiler/bin/../lib/gcc/arm-none-eabi/7.2.1/thumb/v6-m/crtn.o
                0x08002484                . = ALIGN (0x4)
                0x08002484                _etext = .

.vfp11_veneer   0x08002484        0x0
 .vfp11_veneer  0x08002484        0x0 linker stubs

.v4_bx          0x08002484        0x0
 .v4_bx         0x08002484        0x0 linker stubs

.iplt           0x08002484        0x0
 .iplt          0x08002484        0x0 c:/ac6/systemworkbench/plugins/fr.ac6.mcu.externaltools.arm-none.win32_1.16.0.201807130628/tools/compiler/bin/../lib/gcc/arm-none-eabi/7.2.1/thumb/v6-m/crtbegin.o

.rodata         0x08002484       0x64
                0x08002484                . = ALIGN (0x4)
 *(.rodata)
 .rodata        0x08002484       0x18 Drivers/CMSIS/system_stm32f0xx.o
                0x08002484                AHBPrescTable
                0x08002494                APBPrescTable
 .rodata        0x0800249c       0x20 Drivers/STM32F0xx_HAL_Driver/stm32f0xx_hal_rcc.o
 *(.rodata*)
 .rodata.str1.4
                0x080024bc       0x2c Application/User/main.o
                                 0x2b (size before relaxing)
                0x080024e8                . = ALIGN (0x4)

.rel.dyn        0x080024e8        0x0
 .rel.iplt      0x080024e8        0x0 c:/ac6/systemworkbench/plugins/fr.ac6.mcu.externaltools.arm-none.win32_1.16.0.201807130628/tools/compiler/bin/../lib/gcc/arm-none-eabi/7.2.1/thumb/v6-m/crtbegin.o

.ARM.extab
 *(.ARM.extab* .gnu.linkonce.armextab.*)

.ARM            0x080024e8        0x0
                0x080024e8                __exidx_start = .
 *(.ARM.exidx*)
                0x080024e8                __exidx_end = .

.preinit_array  0x080024e8        0x0
                0x080024e8                PROVIDE (__preinit_array_start, .)
 *(.preinit_array*)
                0x080024e8                PROVIDE (__preinit_array_end, .)

.init_array     0x080024e8        0x4
                0x080024e8                PROVIDE (__init_array_start, .)
 *(SORT_BY_NAME(.init_array.*))
 *(.init_array*)
 .init_array    0x080024e8        0x4 c:/ac6/systemworkbench/plugins/fr.ac6.mcu.externaltools.arm-none.win32_1.16.0.201807130628/tools/compiler/bin/../lib/gcc/arm-none-eabi/7.2.1/thumb/v6-m/crtbegin.o
                0x080024ec                PROVIDE (__init_array_end, .)

.fini_array     0x080024ec        0x4
                [!provide]                PROVIDE (__fini_array_start, .)
 *(SORT_BY_NAME(.fini_array.*))
 *(.fini_array*)
 .fini_array    0x080024ec        0x4 c:/ac6/systemworkbench/plugins/fr.ac6.mcu.externaltools.arm-none.win32_1.16.0.201807130628/tools/compiler/bin/../lib/gcc/arm-none-eabi/7.2.1/thumb/v6-m/crtbegin.o
                [!provide]                PROVIDE (__fini_array_end, .)
                0x080024f0                _sidata = LOADADDR (.data)

.data           0x20000000        0xc load address 0x080024f0
                0x20000000                . = ALIGN (0x4)
                0x20000000                _sdata = .
 *(.data)
 .data          0x20000000        0x5 Application/User/main.o
                0x20000000                timer_50_pr_val
                0x20000002                adc_val
                0x20000004                timer_10_pr_val
 *fill*         0x20000005        0x3 
 .data          0x20000008        0x4 Drivers/CMSIS/system_stm32f0xx.o
                0x20000008                SystemCoreClock
 *(.data*)
                0x2000000c                . = ALIGN (0x4)
                0x2000000c                _edata = .

.igot.plt       0x2000000c        0x0 load address 0x080024fc
 .igot.plt      0x2000000c        0x0 c:/ac6/systemworkbench/plugins/fr.ac6.mcu.externaltools.arm-none.win32_1.16.0.201807130628/tools/compiler/bin/../lib/gcc/arm-none-eabi/7.2.1/thumb/v6-m/crtbegin.o
                0x2000000c                . = ALIGN (0x4)

.bss            0x2000000c      0x17c load address 0x080024fc
                0x2000000c                _sbss = .
                0x2000000c                __bss_start__ = _sbss
 *(.bss)
 .bss           0x2000000c       0x1c c:/ac6/systemworkbench/plugins/fr.ac6.mcu.externaltools.arm-none.win32_1.16.0.201807130628/tools/compiler/bin/../lib/gcc/arm-none-eabi/7.2.1/thumb/v6-m/crtbegin.o
 .bss           0x20000028        0x8 Application/User/main.o
                0x20000028                motor_steps
                0x20000029                current_step
                0x2000002a                last_step
                0x2000002b                speed_mode
                0x2000002c                time_between
                0x2000002e                wait_for_fast
                0x2000002f                adding_actived
 *(.bss*)
 *(COMMON)
 COMMON         0x20000030      0x154 Application/User/main.o
                0x20000030                htim17
                0x20000070                val_1
                0x20000074                htim3
                0x200000b4                direction
                0x200000b8                htim14
                0x200000f8                hadc
                0x20000144                htim16
 COMMON         0x20000184        0x4 Drivers/STM32F0xx_HAL_Driver/stm32f0xx_hal.o
                0x20000184                uwTick
                0x20000188                . = ALIGN (0x4)
                0x20000188                _ebss = .
                0x20000188                __bss_end__ = _ebss

._user_heap_stack
                0x20000188      0x600 load address 0x080024fc
                0x20000188                . = ALIGN (0x8)
                [!provide]                PROVIDE (end, .)
                [!provide]                PROVIDE (_end, .)
                0x20000388                . = (. + _Min_Heap_Size)
 *fill*         0x20000188      0x200 
                0x20000788                . = (. + _Min_Stack_Size)
 *fill*         0x20000388      0x400 
                0x20000788                . = ALIGN (0x8)

/DISCARD/
 libc.a(*)
 libm.a(*)
 libgcc.a(*)

.ARM.attributes
                0x00000000       0x28
 *(.ARM.attributes)
 .ARM.attributes
                0x00000000       0x1e c:/ac6/systemworkbench/plugins/fr.ac6.mcu.externaltools.arm-none.win32_1.16.0.201807130628/tools/compiler/bin/../lib/gcc/arm-none-eabi/7.2.1/thumb/v6-m/crti.o
 .ARM.attributes
                0x0000001e       0x2c c:/ac6/systemworkbench/plugins/fr.ac6.mcu.externaltools.arm-none.win32_1.16.0.201807130628/tools/compiler/bin/../lib/gcc/arm-none-eabi/7.2.1/thumb/v6-m/crtbegin.o
 .ARM.attributes
                0x0000004a       0x21 Application/SW4STM32/startup_stm32f030x6.o
 .ARM.attributes
                0x0000006b       0x31 Application/User/main.o
 .ARM.attributes
                0x0000009c       0x31 Application/User/stm32f0xx_hal_msp.o
 .ARM.attributes
                0x000000cd       0x31 Application/User/stm32f0xx_it.o
 .ARM.attributes
                0x000000fe       0x31 Drivers/CMSIS/system_stm32f0xx.o
 .ARM.attributes
                0x0000012f       0x31 Drivers/STM32F0xx_HAL_Driver/stm32f0xx_hal.o
 .ARM.attributes
                0x00000160       0x31 Drivers/STM32F0xx_HAL_Driver/stm32f0xx_hal_adc.o
 .ARM.attributes
                0x00000191       0x31 Drivers/STM32F0xx_HAL_Driver/stm32f0xx_hal_cortex.o
 .ARM.attributes
                0x000001c2       0x31 Drivers/STM32F0xx_HAL_Driver/stm32f0xx_hal_gpio.o
 .ARM.attributes
                0x000001f3       0x31 Drivers/STM32F0xx_HAL_Driver/stm32f0xx_hal_rcc.o
 .ARM.attributes
                0x00000224       0x31 Drivers/STM32F0xx_HAL_Driver/stm32f0xx_hal_tim.o
 .ARM.attributes
                0x00000255       0x31 Drivers/STM32F0xx_HAL_Driver/stm32f0xx_hal_tim_ex.o
 .ARM.attributes
                0x00000286       0x1e c:/ac6/systemworkbench/plugins/fr.ac6.mcu.externaltools.arm-none.win32_1.16.0.201807130628/tools/compiler/bin/../lib/gcc/arm-none-eabi/7.2.1/thumb/v6-m\libgcc.a(_udivsi3.o)
 .ARM.attributes
                0x000002a4       0x1e c:/ac6/systemworkbench/plugins/fr.ac6.mcu.externaltools.arm-none.win32_1.16.0.201807130628/tools/compiler/bin/../lib/gcc/arm-none-eabi/7.2.1/thumb/v6-m\libgcc.a(_divsi3.o)
 .ARM.attributes
                0x000002c2       0x1e c:/ac6/systemworkbench/plugins/fr.ac6.mcu.externaltools.arm-none.win32_1.16.0.201807130628/tools/compiler/bin/../lib/gcc/arm-none-eabi/7.2.1/thumb/v6-m\libgcc.a(_dvmd_tls.o)
 .ARM.attributes
                0x000002e0       0x2c c:/ac6/systemworkbench/plugins/fr.ac6.mcu.externaltools.arm-none.win32_1.16.0.201807130628/tools/compiler/bin/../lib/gcc/arm-none-eabi/7.2.1/../../../../arm-none-eabi/lib/thumb/v6-m\libc_nano.a(lib_a-init.o)
 .ARM.attributes
                0x0000030c       0x1e c:/ac6/systemworkbench/plugins/fr.ac6.mcu.externaltools.arm-none.win32_1.16.0.201807130628/tools/compiler/bin/../lib/gcc/arm-none-eabi/7.2.1/thumb/v6-m/crtn.o
OUTPUT(SDC_48.elf elf32-littlearm)

.debug_line     0x00000000     0x7954
 .debug_line    0x00000000       0xa1 Application/SW4STM32/startup_stm32f030x6.o
 .debug_line    0x000000a1      0xa5c Application/User/main.o
 .debug_line    0x00000afd      0x83e Application/User/stm32f0xx_hal_msp.o
 .debug_line    0x0000133b      0x7e8 Application/User/stm32f0xx_it.o
 .debug_line    0x00001b23      0x798 Drivers/CMSIS/system_stm32f0xx.o
 .debug_line    0x000022bb      0x8df Drivers/STM32F0xx_HAL_Driver/stm32f0xx_hal.o
 .debug_line    0x00002b9a      0xcba Drivers/STM32F0xx_HAL_Driver/stm32f0xx_hal_adc.o
 .debug_line    0x00003854      0x8d8 Drivers/STM32F0xx_HAL_Driver/stm32f0xx_hal_cortex.o
 .debug_line    0x0000412c      0x8bc Drivers/STM32F0xx_HAL_Driver/stm32f0xx_hal_gpio.o
 .debug_line    0x000049e8      0x9f0 Drivers/STM32F0xx_HAL_Driver/stm32f0xx_hal_rcc.o
 .debug_line    0x000053d8     0x184f Drivers/STM32F0xx_HAL_Driver/stm32f0xx_hal_tim.o
 .debug_line    0x00006c27      0xd2d Drivers/STM32F0xx_HAL_Driver/stm32f0xx_hal_tim_ex.o

.debug_info     0x00000000     0xfad4
 .debug_info    0x00000000       0x22 Application/SW4STM32/startup_stm32f030x6.o
 .debug_info    0x00000022     0x2695 Application/User/main.o
 .debug_info    0x000026b7     0x1592 Application/User/stm32f0xx_hal_msp.o
 .debug_info    0x00003c49      0xe9d Application/User/stm32f0xx_it.o
 .debug_info    0x00004ae6      0xa74 Drivers/CMSIS/system_stm32f0xx.o
 .debug_info    0x0000555a      0xe3e Drivers/STM32F0xx_HAL_Driver/stm32f0xx_hal.o
 .debug_info    0x00006398     0x167b Drivers/STM32F0xx_HAL_Driver/stm32f0xx_hal_adc.o
 .debug_info    0x00007a13      0xfb3 Drivers/STM32F0xx_HAL_Driver/stm32f0xx_hal_cortex.o
 .debug_info    0x000089c6      0xe5a Drivers/STM32F0xx_HAL_Driver/stm32f0xx_hal_gpio.o
 .debug_info    0x00009820     0x1138 Drivers/STM32F0xx_HAL_Driver/stm32f0xx_hal_rcc.o
 .debug_info    0x0000a958     0x36ed Drivers/STM32F0xx_HAL_Driver/stm32f0xx_hal_tim.o
 .debug_info    0x0000e045     0x1a8f Drivers/STM32F0xx_HAL_Driver/stm32f0xx_hal_tim_ex.o

.debug_abbrev   0x00000000     0x1ea5
 .debug_abbrev  0x00000000       0x12 Application/SW4STM32/startup_stm32f030x6.o
 .debug_abbrev  0x00000012      0x38f Application/User/main.o
 .debug_abbrev  0x000003a1      0x27d Application/User/stm32f0xx_hal_msp.o
 .debug_abbrev  0x0000061e      0x232 Application/User/stm32f0xx_it.o
 .debug_abbrev  0x00000850      0x205 Drivers/CMSIS/system_stm32f0xx.o
 .debug_abbrev  0x00000a55      0x2f6 Drivers/STM32F0xx_HAL_Driver/stm32f0xx_hal.o
 .debug_abbrev  0x00000d4b      0x2e1 Drivers/STM32F0xx_HAL_Driver/stm32f0xx_hal_adc.o
 .debug_abbrev  0x0000102c      0x328 Drivers/STM32F0xx_HAL_Driver/stm32f0xx_hal_cortex.o
 .debug_abbrev  0x00001354      0x2a7 Drivers/STM32F0xx_HAL_Driver/stm32f0xx_hal_gpio.o
 .debug_abbrev  0x000015fb      0x2ea Drivers/STM32F0xx_HAL_Driver/stm32f0xx_hal_rcc.o
 .debug_abbrev  0x000018e5      0x2e0 Drivers/STM32F0xx_HAL_Driver/stm32f0xx_hal_tim.o
 .debug_abbrev  0x00001bc5      0x2e0 Drivers/STM32F0xx_HAL_Driver/stm32f0xx_hal_tim_ex.o

.debug_aranges  0x00000000      0x968
 .debug_aranges
                0x00000000       0x28 Application/SW4STM32/startup_stm32f030x6.o
 .debug_aranges
                0x00000028       0xb0 Application/User/main.o
 .debug_aranges
                0x000000d8       0x58 Application/User/stm32f0xx_hal_msp.o
 .debug_aranges
                0x00000130       0x58 Application/User/stm32f0xx_it.o
 .debug_aranges
                0x00000188       0x28 Drivers/CMSIS/system_stm32f0xx.o
 .debug_aranges
                0x000001b0       0xb8 Drivers/STM32F0xx_HAL_Driver/stm32f0xx_hal.o
 .debug_aranges
                0x00000268       0xf8 Drivers/STM32F0xx_HAL_Driver/stm32f0xx_hal_adc.o
 .debug_aranges
                0x00000360       0x78 Drivers/STM32F0xx_HAL_Driver/stm32f0xx_hal_cortex.o
 .debug_aranges
                0x000003d8       0x58 Drivers/STM32F0xx_HAL_Driver/stm32f0xx_hal_gpio.o
 .debug_aranges
                0x00000430       0x80 Drivers/STM32F0xx_HAL_Driver/stm32f0xx_hal_rcc.o
 .debug_aranges
                0x000004b0      0x378 Drivers/STM32F0xx_HAL_Driver/stm32f0xx_hal_tim.o
 .debug_aranges
                0x00000828      0x140 Drivers/STM32F0xx_HAL_Driver/stm32f0xx_hal_tim_ex.o

.debug_str      0x00000000    0x474aa
 .debug_str     0x00000000       0x84 Application/SW4STM32/startup_stm32f030x6.o
 .debug_str     0x00000084    0x45498 Application/User/main.o
                              0x457d7 (size before relaxing)
 .debug_str     0x0004551c      0x106 Application/User/stm32f0xx_hal_msp.o
                              0x451d2 (size before relaxing)
 .debug_str     0x00045622       0xf7 Application/User/stm32f0xx_it.o
                              0x44e1e (size before relaxing)
 .debug_str     0x00045719       0x77 Drivers/CMSIS/system_stm32f0xx.o
                              0x44a2a (size before relaxing)
 .debug_str     0x00045790      0x360 Drivers/STM32F0xx_HAL_Driver/stm32f0xx_hal.o
                              0x44efc (size before relaxing)
 .debug_str     0x00045af0      0x367 Drivers/STM32F0xx_HAL_Driver/stm32f0xx_hal_adc.o
                              0x45136 (size before relaxing)
 .debug_str     0x00045e57      0x15d Drivers/STM32F0xx_HAL_Driver/stm32f0xx_hal_cortex.o
                              0x44daa (size before relaxing)
 .debug_str     0x00045fb4      0x1e9 Drivers/STM32F0xx_HAL_Driver/stm32f0xx_hal_gpio.o
                              0x44cd1 (size before relaxing)
 .debug_str     0x0004619d      0x215 Drivers/STM32F0xx_HAL_Driver/stm32f0xx_hal_rcc.o
                              0x44e35 (size before relaxing)
 .debug_str     0x000463b2      0xc3e Drivers/STM32F0xx_HAL_Driver/stm32f0xx_hal_tim.o
                              0x45b7f (size before relaxing)
 .debug_str     0x00046ff0      0x4ba Drivers/STM32F0xx_HAL_Driver/stm32f0xx_hal_tim_ex.o
                              0x453f1 (size before relaxing)

.debug_ranges   0x00000000      0x928
 .debug_ranges  0x00000000       0x20 Application/SW4STM32/startup_stm32f030x6.o
 .debug_ranges  0x00000020       0xb8 Application/User/main.o
 .debug_ranges  0x000000d8       0x48 Application/User/stm32f0xx_hal_msp.o
 .debug_ranges  0x00000120       0x48 Application/User/stm32f0xx_it.o
 .debug_ranges  0x00000168       0x18 Drivers/CMSIS/system_stm32f0xx.o
 .debug_ranges  0x00000180       0xa8 Drivers/STM32F0xx_HAL_Driver/stm32f0xx_hal.o
 .debug_ranges  0x00000228       0xe8 Drivers/STM32F0xx_HAL_Driver/stm32f0xx_hal_adc.o
 .debug_ranges  0x00000310       0xb0 Drivers/STM32F0xx_HAL_Driver/stm32f0xx_hal_cortex.o
 .debug_ranges  0x000003c0       0x48 Drivers/STM32F0xx_HAL_Driver/stm32f0xx_hal_gpio.o
 .debug_ranges  0x00000408       0x88 Drivers/STM32F0xx_HAL_Driver/stm32f0xx_hal_rcc.o
 .debug_ranges  0x00000490      0x368 Drivers/STM32F0xx_HAL_Driver/stm32f0xx_hal_tim.o
 .debug_ranges  0x000007f8      0x130 Drivers/STM32F0xx_HAL_Driver/stm32f0xx_hal_tim_ex.o

.debug_loc      0x00000000     0x64fb
 .debug_loc     0x00000000      0x1c7 Application/User/main.o
 .debug_loc     0x000001c7      0x186 Application/User/stm32f0xx_hal_msp.o
 .debug_loc     0x0000034d      0x13b Drivers/CMSIS/system_stm32f0xx.o
 .debug_loc     0x00000488       0x7c Drivers/STM32F0xx_HAL_Driver/stm32f0xx_hal.o
 .debug_loc     0x00000504      0xc27 Drivers/STM32F0xx_HAL_Driver/stm32f0xx_hal_adc.o
 .debug_loc     0x0000112b      0x393 Drivers/STM32F0xx_HAL_Driver/stm32f0xx_hal_cortex.o
 .debug_loc     0x000014be      0x2fe Drivers/STM32F0xx_HAL_Driver/stm32f0xx_hal_gpio.o
 .debug_loc     0x000017bc      0x487 Drivers/STM32F0xx_HAL_Driver/stm32f0xx_hal_rcc.o
 .debug_loc     0x00001c43     0x37c7 Drivers/STM32F0xx_HAL_Driver/stm32f0xx_hal_tim.o
 .debug_loc     0x0000540a     0x10f1 Drivers/STM32F0xx_HAL_Driver/stm32f0xx_hal_tim_ex.o

.debug_macro    0x00000000     0xd397
 .debug_macro   0x00000000      0x36c Application/User/main.o
 .debug_macro   0x0000036c      0xa4e Application/User/main.o
 .debug_macro   0x00000dba       0xc4 Application/User/main.o
 .debug_macro   0x00000e7e       0xab Application/User/main.o
 .debug_macro   0x00000f29       0x2e Application/User/main.o
 .debug_macro   0x00000f57       0x22 Application/User/main.o
 .debug_macro   0x00000f79       0x22 Application/User/main.o
 .debug_macro   0x00000f9b       0x87 Application/User/main.o
 .debug_macro   0x00001022       0x51 Application/User/main.o
 .debug_macro   0x00001073       0xef Application/User/main.o
 .debug_macro   0x00001162       0x6a Application/User/main.o
 .debug_macro   0x000011cc      0x1df Application/User/main.o
 .debug_macro   0x000013ab       0x34 Application/User/main.o
 .debug_macro   0x000013df       0x26 Application/User/main.o
 .debug_macro   0x00001405      0x30d Application/User/main.o
 .debug_macro   0x00001712     0x6ed0 Application/User/main.o
 .debug_macro   0x000085e2       0x3c Application/User/main.o
 .debug_macro   0x0000861e       0x58 Application/User/main.o
 .debug_macro   0x00008676       0x17 Application/User/main.o
 .debug_macro   0x0000868d       0x35 Application/User/main.o
 .debug_macro   0x000086c2       0x9c Application/User/main.o
 .debug_macro   0x0000875e       0x16 Application/User/main.o
 .debug_macro   0x00008774       0x97 Application/User/main.o
 .debug_macro   0x0000880b      0x330 Application/User/main.o
 .debug_macro   0x00008b3b       0xfd Application/User/main.o
 .debug_macro   0x00008c38       0x10 Application/User/main.o
 .debug_macro   0x00008c48       0x58 Application/User/main.o
 .debug_macro   0x00008ca0       0x1f Application/User/main.o
 .debug_macro   0x00008cbf       0x43 Application/User/main.o
 .debug_macro   0x00008d02       0x20 Application/User/main.o
 .debug_macro   0x00008d22      0x18e Application/User/main.o
 .debug_macro   0x00008eb0       0x10 Application/User/main.o
 .debug_macro   0x00008ec0       0x1c Application/User/main.o
 .debug_macro   0x00008edc       0x52 Application/User/main.o
 .debug_macro   0x00008f2e       0x40 Application/User/main.o
 .debug_macro   0x00008f6e       0x10 Application/User/main.o
 .debug_macro   0x00008f7e       0x40 Application/User/main.o
 .debug_macro   0x00008fbe       0xd7 Application/User/main.o
 .debug_macro   0x00009095       0x1c Application/User/main.o
 .debug_macro   0x000090b1       0x3d Application/User/main.o
 .debug_macro   0x000090ee       0x16 Application/User/main.o
 .debug_macro   0x00009104      0x16f Application/User/main.o
 .debug_macro   0x00009273       0x49 Application/User/main.o
 .debug_macro   0x000092bc      0x92f Application/User/main.o
 .debug_macro   0x00009beb       0xe5 Application/User/main.o
 .debug_macro   0x00009cd0      0x13a Application/User/main.o
 .debug_macro   0x00009e0a       0xb3 Application/User/main.o
 .debug_macro   0x00009ebd      0x1ed Application/User/main.o
 .debug_macro   0x0000a0aa       0x34 Application/User/main.o
 .debug_macro   0x0000a0de       0x43 Application/User/main.o
 .debug_macro   0x0000a121       0x28 Application/User/main.o
 .debug_macro   0x0000a149      0x33d Application/User/main.o
 .debug_macro   0x0000a486       0xbc Application/User/main.o
 .debug_macro   0x0000a542       0xb6 Application/User/main.o
 .debug_macro   0x0000a5f8      0x15a Application/User/main.o
 .debug_macro   0x0000a752      0x202 Application/User/main.o
 .debug_macro   0x0000a954       0x61 Application/User/main.o
 .debug_macro   0x0000a9b5       0x90 Application/User/main.o
 .debug_macro   0x0000aa45       0x4d Application/User/main.o
 .debug_macro   0x0000aa92       0x2d Application/User/main.o
 .debug_macro   0x0000aabf      0x845 Application/User/main.o
 .debug_macro   0x0000b304       0x45 Application/User/main.o
 .debug_macro   0x0000b349       0xea Application/User/main.o
 .debug_macro   0x0000b433      0x314 Application/User/stm32f0xx_hal_msp.o
 .debug_macro   0x0000b747      0x31e Application/User/stm32f0xx_it.o
 .debug_macro   0x0000ba65      0x314 Drivers/CMSIS/system_stm32f0xx.o
 .debug_macro   0x0000bd79      0x338 Drivers/STM32F0xx_HAL_Driver/stm32f0xx_hal.o
 .debug_macro   0x0000c0b1      0x338 Drivers/STM32F0xx_HAL_Driver/stm32f0xx_hal_adc.o
 .debug_macro   0x0000c3e9      0x314 Drivers/STM32F0xx_HAL_Driver/stm32f0xx_hal_cortex.o
 .debug_macro   0x0000c6fd      0x34c Drivers/STM32F0xx_HAL_Driver/stm32f0xx_hal_gpio.o
 .debug_macro   0x0000ca49      0x326 Drivers/STM32F0xx_HAL_Driver/stm32f0xx_hal_rcc.o
 .debug_macro   0x0000cd6f      0x314 Drivers/STM32F0xx_HAL_Driver/stm32f0xx_hal_tim.o
 .debug_macro   0x0000d083      0x314 Drivers/STM32F0xx_HAL_Driver/stm32f0xx_hal_tim_ex.o

.comment        0x00000000       0x7e
 .comment       0x00000000       0x7e Application/User/main.o
                                 0x7f (size before relaxing)
 .comment       0x0000007e       0x7f Application/User/stm32f0xx_hal_msp.o
 .comment       0x0000007e       0x7f Application/User/stm32f0xx_it.o
 .comment       0x0000007e       0x7f Drivers/CMSIS/system_stm32f0xx.o
 .comment       0x0000007e       0x7f Drivers/STM32F0xx_HAL_Driver/stm32f0xx_hal.o
 .comment       0x0000007e       0x7f Drivers/STM32F0xx_HAL_Driver/stm32f0xx_hal_adc.o
 .comment       0x0000007e       0x7f Drivers/STM32F0xx_HAL_Driver/stm32f0xx_hal_cortex.o
 .comment       0x0000007e       0x7f Drivers/STM32F0xx_HAL_Driver/stm32f0xx_hal_gpio.o
 .comment       0x0000007e       0x7f Drivers/STM32F0xx_HAL_Driver/stm32f0xx_hal_rcc.o
 .comment       0x0000007e       0x7f Drivers/STM32F0xx_HAL_Driver/stm32f0xx_hal_tim.o
 .comment       0x0000007e       0x7f Drivers/STM32F0xx_HAL_Driver/stm32f0xx_hal_tim_ex.o

.debug_frame    0x00000000     0x1848
 .debug_frame   0x00000000      0x1e4 Application/User/main.o
 .debug_frame   0x000001e4       0xcc Application/User/stm32f0xx_hal_msp.o
 .debug_frame   0x000002b0       0xb0 Application/User/stm32f0xx_it.o
 .debug_frame   0x00000360       0x38 Drivers/CMSIS/system_stm32f0xx.o
 .debug_frame   0x00000398      0x174 Drivers/STM32F0xx_HAL_Driver/stm32f0xx_hal.o
 .debug_frame   0x0000050c      0x2a0 Drivers/STM32F0xx_HAL_Driver/stm32f0xx_hal_adc.o
 .debug_frame   0x000007ac       0xe4 Drivers/STM32F0xx_HAL_Driver/stm32f0xx_hal_cortex.o
 .debug_frame   0x00000890       0xcc Drivers/STM32F0xx_HAL_Driver/stm32f0xx_hal_gpio.o
 .debug_frame   0x0000095c      0x130 Drivers/STM32F0xx_HAL_Driver/stm32f0xx_hal_rcc.o
 .debug_frame   0x00000a8c      0x9cc Drivers/STM32F0xx_HAL_Driver/stm32f0xx_hal_tim.o
 .debug_frame   0x00001458      0x384 Drivers/STM32F0xx_HAL_Driver/stm32f0xx_hal_tim_ex.o
 .debug_frame   0x000017dc       0x20 c:/ac6/systemworkbench/plugins/fr.ac6.mcu.externaltools.arm-none.win32_1.16.0.201807130628/tools/compiler/bin/../lib/gcc/arm-none-eabi/7.2.1/thumb/v6-m\libgcc.a(_udivsi3.o)
 .debug_frame   0x000017fc       0x20 c:/ac6/systemworkbench/plugins/fr.ac6.mcu.externaltools.arm-none.win32_1.16.0.201807130628/tools/compiler/bin/../lib/gcc/arm-none-eabi/7.2.1/thumb/v6-m\libgcc.a(_divsi3.o)
 .debug_frame   0x0000181c       0x2c c:/ac6/systemworkbench/plugins/fr.ac6.mcu.externaltools.arm-none.win32_1.16.0.201807130628/tools/compiler/bin/../lib/gcc/arm-none-eabi/7.2.1/../../../../arm-none-eabi/lib/thumb/v6-m\libc_nano.a(lib_a-init.o)
