../private_libs/bme68x.c:1016:14:calc_temperature	0	static
../private_libs/bme68x.c:1040:14:calc_pressure	0	static
../private_libs/bme68x.c:1073:14:calc_humidity	0	static
../private_libs/bme68x.c:1145:16:calc_res_heat	8	static
../private_libs/bme68x.c:1460:15:null_ptr_check	0	static
../private_libs/bme68x.c:1436:15:boundary_check	8	static
../private_libs/bme68x.c:1367:15:set_mem_page	24	static
../private_libs/bme68x.c:1412:15:get_mem_page	24	static
../private_libs/bme68x.c:1106:14:calc_gas_resistance_low.isra	152	static
../private_libs/bme68x.c:177:8:bme68x_set_regs	56	static
../private_libs/bme68x.c:234:8:bme68x_get_regs	24	static
../private_libs/bme68x.c:269:8:bme68x_soft_reset	24	static
../private_libs/bme68x.c:144:8:bme68x_init	56	static
../private_libs/bme68x.c:395:8:bme68x_get_conf	16	static
../private_libs/bme68x.c:430:8:bme68x_set_op_mode	24	static
../private_libs/bme68x.c:467:8:bme68x_get_op_mode	16	static
../private_libs/bme68x.c:311:8:bme68x_set_conf	48	static
../private_libs/bme68x.c:490:10:bme68x_get_meas_dur	24	static
../private_libs/bme68x.c:540:8:bme68x_get_data	248	static
../private_libs/bme68x.c:630:8:bme68x_set_heatr_conf	112	static
../private_libs/bme68x.c:687:8:bme68x_get_heatr_conf	48	static
../private_libs/bme68x.c:727:8:bme68x_selftest_check	280	static
