C:/projekty/saint_denis/wkladka_v1.0/Core/Src/main.c:80:6:HAL_ADC_ConvCpltCallback	24	static
C:/projekty/saint_denis/wkladka_v1.0/Core/Src/main.c:95:6:HAL_GPIO_EXTI_Callback	16	static
C:/projekty/saint_denis/wkladka_v1.0/Core/Src/main.c:115:5:main	128	static
C:/projekty/saint_denis/wkladka_v1.0/Core/Src/main.c:215:6:SystemClock_Config	80	static
C:/projekty/saint_denis/wkladka_v1.0/Core/Src/main.c:259:13:MX_ADC_Init	24	static
C:/projekty/saint_denis/wkladka_v1.0/Core/Src/main.c:350:13:MX_I2C2_Init	8	static
C:/projekty/saint_denis/wkladka_v1.0/Core/Src/main.c:384:13:MX_USART1_UART_Init	8	static
C:/projekty/saint_denis/wkladka_v1.0/Core/Src/main.c:415:13:MX_DMA_Init	16	static
C:/projekty/saint_denis/wkladka_v1.0/Core/Src/main.c:433:13:MX_GPIO_Init	48	static
C:/projekty/saint_denis/wkladka_v1.0/Core/Src/main.c:531:6:StartDefaultTask	16	static
C:/projekty/saint_denis/wkladka_v1.0/Core/Src/main.c:564:6:StartBtTask	16	static
C:/projekty/saint_denis/wkladka_v1.0/Core/Src/main.c:585:6:StartLraGyroTask	16	static
C:/projekty/saint_denis/wkladka_v1.0/Core/Src/main.c:613:6:StartSensorsTask	16	static
C:/projekty/saint_denis/wkladka_v1.0/Core/Src/main.c:634:6:HAL_TIM_PeriodElapsedCallback	16	static
C:/projekty/saint_denis/wkladka_v1.0/Core/Src/main.c:651:6:Error_Handler	4	static,ignoring_inline_asm
