lcd.c:855:20:LCD_DELAY	0	static
lcd.c:863:6:LCD_Write8	16	static
lcd.c:945:20:LCD_Write8Register8	16	static
lcd.c:960:20:LCD_Write16Register8	16	static
lcd.c:993:20:LCD_Write32Register8	16	static
lcd.c:1066:13:LCD_GPIO_Init	48	static
lcd.c:1153:6:LCD_Init	40	static
lcd.c:1430:6:LCD_DrawPixel	24	static
lcd.c:1501:6:LCD_Flood	24	static
lcd.c:1562:6:LCD_FillScreen	8	static
lcd.c:1620:6:LCD_Reset	24	static
lcd.c:1651:6:LCD_SetAddrWindow	24	static
lcd.c:1771:6:LCD_SetRotation	16	static
lcd.c:1892:9:LCD_GetRotation	0	static
lcd.c:1904:6:LCD_DrawBMP	48	static
lcd.c:2187:6:LCD_DrawLine	48	static
lcd.c:2238:6:LCD_DrawFastHLine	24	static
lcd.c:2271:6:LCD_DrawFastVLine	24	static
lcd.c:2302:6:LCD_DrawRect	24	static
lcd.c:2320:6:LCD_FillRect	32	static
lcd.c:2359:6:LCD_DrawCircle	72	static
lcd.c:2403:6:LCD_DrawCircleHelper	56	static
lcd.c:2448:6:LCD_FillCircle	32	static
lcd.c:2465:6:LCD_FillCircleHelper	72	static
lcd.c:2506:6:LCD_DrawTriangle	40	static
lcd.c:2525:6:LCD_FillTriangle	72	static
lcd.c:2613:6:LCD_DrawRoundRect	64	static
lcd.c:2638:6:LCD_FillRoundRect	56	static
lcd.c:2657:10:LCD_Color565	0	static
lcd.c:2668:10:LCD_ColorHex	32	static
lcd.c:2721:6:LCD_DrawChar	80	static
lcd.c:2789:6:LCD_Printf	40	static
lcd.c:2851:6:LCD_SetCursor	0	static
lcd.c:2863:9:LCD_GetCursorX	0	static
lcd.c:2874:9:LCD_GetCursorY	0	static
lcd.c:2885:6:LCD_SetTextSize	0	static
lcd.c:2902:9:LCD_GetTextSize	0	static
lcd.c:2914:6:LCD_SetTextColor	0	static
lcd.c:2926:6:LCD_SetTextWrap	0	static
lcd.c:2937:6:LCD_SetTextScaled	0	static
