Archive member included to satisfy reference by file (symbol)

c:/program files (x86)/atollic/truestudio for stm32 9.3.0/armtools/bin/../lib/gcc/arm-atollic-eabi/6.3.1/../../../../arm-atollic-eabi/lib/armv7e-m/fpu\libc_nano.a(lib_a-errno.o)
                              Application\TrueSTUDIO\syscalls.o (__errno)
c:/program files (x86)/atollic/truestudio for stm32 9.3.0/armtools/bin/../lib/gcc/arm-atollic-eabi/6.3.1/../../../../arm-atollic-eabi/lib/armv7e-m/fpu\libc_nano.a(lib_a-impure.o)
                              c:/program files (x86)/atollic/truestudio for stm32 9.3.0/armtools/bin/../lib/gcc/arm-atollic-eabi/6.3.1/../../../../arm-atollic-eabi/lib/armv7e-m/fpu\libc_nano.a(lib_a-errno.o) (_impure_ptr)
c:/program files (x86)/atollic/truestudio for stm32 9.3.0/armtools/bin/../lib/gcc/arm-atollic-eabi/6.3.1/../../../../arm-atollic-eabi/lib/armv7e-m/fpu\libc_nano.a(lib_a-init.o)
                              Application\TrueSTUDIO\startup_stm32f303xc.o (__libc_init_array)
c:/program files (x86)/atollic/truestudio for stm32 9.3.0/armtools/bin/../lib/gcc/arm-atollic-eabi/6.3.1/../../../../arm-atollic-eabi/lib/armv7e-m/fpu\libc_nano.a(lib_a-memcpy-stub.o)
                              Application\User\Core\main.o (memcpy)
c:/program files (x86)/atollic/truestudio for stm32 9.3.0/armtools/bin/../lib/gcc/arm-atollic-eabi/6.3.1/../../../../arm-atollic-eabi/lib/armv7e-m/fpu\libc_nano.a(lib_a-memset.o)
                              Application\User\Core\main.o (memset)
c:/program files (x86)/atollic/truestudio for stm32 9.3.0/armtools/bin/../lib/gcc/arm-atollic-eabi/6.3.1/../../../../arm-atollic-eabi/lib/armv7e-m/fpu\libc_nano.a(lib_a-strtoul.o)
                              lcd.o (strtoul)
c:/program files (x86)/atollic/truestudio for stm32 9.3.0/armtools/bin/../lib/gcc/arm-atollic-eabi/6.3.1/../../../../arm-atollic-eabi/lib/armv7e-m/fpu\libc_nano.a(lib_a-locale.o)
                              c:/program files (x86)/atollic/truestudio for stm32 9.3.0/armtools/bin/../lib/gcc/arm-atollic-eabi/6.3.1/../../../../arm-atollic-eabi/lib/armv7e-m/fpu\libc_nano.a(lib_a-strtoul.o) (__locale_ctype_ptr_l)
c:/program files (x86)/atollic/truestudio for stm32 9.3.0/armtools/bin/../lib/gcc/arm-atollic-eabi/6.3.1/../../../../arm-atollic-eabi/lib/armv7e-m/fpu\libc_nano.a(lib_a-mbtowc_r.o)
                              c:/program files (x86)/atollic/truestudio for stm32 9.3.0/armtools/bin/../lib/gcc/arm-atollic-eabi/6.3.1/../../../../arm-atollic-eabi/lib/armv7e-m/fpu\libc_nano.a(lib_a-locale.o) (__ascii_mbtowc)
c:/program files (x86)/atollic/truestudio for stm32 9.3.0/armtools/bin/../lib/gcc/arm-atollic-eabi/6.3.1/../../../../arm-atollic-eabi/lib/armv7e-m/fpu\libc_nano.a(lib_a-strcmp.o)
                              c:/program files (x86)/atollic/truestudio for stm32 9.3.0/armtools/bin/../lib/gcc/arm-atollic-eabi/6.3.1/../../../../arm-atollic-eabi/lib/armv7e-m/fpu\libc_nano.a(lib_a-locale.o) (strcmp)
c:/program files (x86)/atollic/truestudio for stm32 9.3.0/armtools/bin/../lib/gcc/arm-atollic-eabi/6.3.1/../../../../arm-atollic-eabi/lib/armv7e-m/fpu\libc_nano.a(lib_a-wctomb_r.o)
                              c:/program files (x86)/atollic/truestudio for stm32 9.3.0/armtools/bin/../lib/gcc/arm-atollic-eabi/6.3.1/../../../../arm-atollic-eabi/lib/armv7e-m/fpu\libc_nano.a(lib_a-locale.o) (__ascii_wctomb)
c:/program files (x86)/atollic/truestudio for stm32 9.3.0/armtools/bin/../lib/gcc/arm-atollic-eabi/6.3.1/../../../../arm-atollic-eabi/lib/armv7e-m/fpu\libc_nano.a(lib_a-ctype_.o)
                              c:/program files (x86)/atollic/truestudio for stm32 9.3.0/armtools/bin/../lib/gcc/arm-atollic-eabi/6.3.1/../../../../arm-atollic-eabi/lib/armv7e-m/fpu\libc_nano.a(lib_a-locale.o) (_ctype_)
c:/program files (x86)/atollic/truestudio for stm32 9.3.0/armtools/bin/../lib/gcc/arm-atollic-eabi/6.3.1/../../../../arm-atollic-eabi/lib/armv7e-m/fpu\libm.a(lib_a-w_sqrt.o)
                              MAX31865_v1.o (sqrt)
c:/program files (x86)/atollic/truestudio for stm32 9.3.0/armtools/bin/../lib/gcc/arm-atollic-eabi/6.3.1/../../../../arm-atollic-eabi/lib/armv7e-m/fpu\libm.a(lib_a-e_sqrt.o)
                              c:/program files (x86)/atollic/truestudio for stm32 9.3.0/armtools/bin/../lib/gcc/arm-atollic-eabi/6.3.1/../../../../arm-atollic-eabi/lib/armv7e-m/fpu\libm.a(lib_a-w_sqrt.o) (__ieee754_sqrt)
c:/program files (x86)/atollic/truestudio for stm32 9.3.0/armtools/bin/../lib/gcc/arm-atollic-eabi/6.3.1/../../../../arm-atollic-eabi/lib/armv7e-m/fpu\libm.a(lib_a-s_lib_ver.o)
                              c:/program files (x86)/atollic/truestudio for stm32 9.3.0/armtools/bin/../lib/gcc/arm-atollic-eabi/6.3.1/../../../../arm-atollic-eabi/lib/armv7e-m/fpu\libm.a(lib_a-w_sqrt.o) (__fdlib_version)
c:/program files (x86)/atollic/truestudio for stm32 9.3.0/armtools/bin/../lib/gcc/arm-atollic-eabi/6.3.1/../../../../arm-atollic-eabi/lib/armv7e-m/fpu\libm.a(lib_a-s_matherr.o)
[...]
Memory Configuration

Name             Origin             Length             Attributes
RAM              0x20000000         0x0000a000         xrw
CCMRAM           0x10000000         0x00002000         xrw
FLASH            0x08000000         0x00040000         xr
*default*        0x00000000         0xffffffff

Linker script and memory map

LOAD c:/program files (x86)/atollic/truestudio for stm32 9.3.0/armtools/bin/../lib/gcc/arm-atollic-eabi/6.3.1/armv7e-m/fpu/crti.o
LOAD c:/program files (x86)/atollic/truestudio for stm32 9.3.0/armtools/bin/../lib/gcc/arm-atollic-eabi/6.3.1/armv7e-m/fpu/crtbegin.o
LOAD Application\TrueSTUDIO\startup_stm32f303xc.o
LOAD Application\TrueSTUDIO\syscalls.o
LOAD Application\User\Core\main.o
LOAD Application\User\Core\stm32f3xx_hal_msp.o
LOAD Application\User\Core\stm32f3xx_it.o
LOAD Drivers\CMSIS\system_stm32f3xx.o
LOAD Drivers\STM32F3xx_HAL_Driver\stm32f3xx_hal.o
LOAD Drivers\STM32F3xx_HAL_Driver\stm32f3xx_hal_cortex.o
LOAD Drivers\STM32F3xx_HAL_Driver\stm32f3xx_hal_dma.o
LOAD Drivers\STM32F3xx_HAL_Driver\stm32f3xx_hal_exti.o
LOAD Drivers\STM32F3xx_HAL_Driver\stm32f3xx_hal_flash.o
LOAD Drivers\STM32F3xx_HAL_Driver\stm32f3xx_hal_flash_ex.o
LOAD Drivers\STM32F3xx_HAL_Driver\stm32f3xx_hal_gpio.o
LOAD Drivers\STM32F3xx_HAL_Driver\stm32f3xx_hal_i2c.o
LOAD Drivers\STM32F3xx_HAL_Driver\stm32f3xx_hal_i2c_ex.o
LOAD Drivers\STM32F3xx_HAL_Driver\stm32f3xx_hal_pwr.o
LOAD Drivers\STM32F3xx_HAL_Driver\stm32f3xx_hal_pwr_ex.o
LOAD Drivers\STM32F3xx_HAL_Driver\stm32f3xx_hal_rcc.o
LOAD Drivers\STM32F3xx_HAL_Driver\stm32f3xx_hal_rcc_ex.o
LOAD Drivers\STM32F3xx_HAL_Driver\stm32f3xx_hal_rtc.o
LOAD Drivers\STM32F3xx_HAL_Driver\stm32f3xx_hal_rtc_ex.o
LOAD Drivers\STM32F3xx_HAL_Driver\stm32f3xx_hal_spi.o
LOAD Drivers\STM32F3xx_HAL_Driver\stm32f3xx_hal_spi_ex.o
LOAD Drivers\STM32F3xx_HAL_Driver\stm32f3xx_hal_tim.o
LOAD Drivers\STM32F3xx_HAL_Driver\stm32f3xx_hal_tim_ex.o
LOAD Drivers\STM32F3xx_HAL_Driver\stm32f3xx_hal_uart.o
LOAD Drivers\STM32F3xx_HAL_Driver\stm32f3xx_hal_uart_ex.o
LOAD Flash.o
LOAD Fonts\font12.o
LOAD Fonts\font16.o
LOAD Fonts\font20.o
LOAD Fonts\font24.o
LOAD Fonts\font8.o
LOAD MAX31865_v1.o
LOAD TC74A0.o
LOAD disp_irq.o
LOAD lcd.o
LOAD printf\printf.o
LOAD touch.o
                0x00000080                malloc_getpagesize_P = 0x80
START GROUP
LOAD c:/program files (x86)/atollic/truestudio for stm32 9.3.0/armtools/bin/../lib/gcc/arm-atollic-eabi/6.3.1/../../../../arm-atollic-eabi/lib/armv7e-m/fpu\libc_nano.a
LOAD c:/program files (x86)/atollic/truestudio for stm32 9.3.0/armtools/bin/../lib/gcc/arm-atollic-eabi/6.3.1/../../../../arm-atollic-eabi/lib/armv7e-m/fpu\libm.a
END GROUP
START GROUP
LOAD c:/program files (x86)/atollic/truestudio for stm32 9.3.0/armtools/bin/../lib/gcc/arm-atollic-eabi/6.3.1/armv7e-m/fpu\libgcc.a
LOAD c:/program files (x86)/atollic/truestudio for stm32 9.3.0/armtools/bin/../lib/gcc/arm-atollic-eabi/6.3.1/../../../../arm-atollic-eabi/lib/armv7e-m/fpu\libc_nano.a
END GROUP
START GROUP
LOAD c:/program files (x86)/atollic/truestudio for stm32 9.3.0/armtools/bin/../lib/gcc/arm-atollic-eabi/6.3.1/armv7e-m/fpu\libgcc.a
LOAD c:/program files (x86)/atollic/truestudio for stm32 9.3.0/armtools/bin/../lib/gcc/arm-atollic-eabi/6.3.1/../../../../arm-atollic-eabi/lib/armv7e-m/fpu\libc_nano.a
LOAD c:/program files (x86)/atollic/truestudio for stm32 9.3.0/armtools/bin/../lib/gcc/arm-atollic-eabi/6.3.1/../../../../arm-atollic-eabi/lib/armv7e-m/fpu\libnosys.a
END GROUP
START GROUP
LOAD c:/program files (x86)/atollic/truestudio for stm32 9.3.0/armtools/bin/../lib/gcc/arm-atollic-eabi/6.3.1/armv7e-m/fpu\libgcc.a
LOAD c:/program files (x86)/atollic/truestudio for stm32 9.3.0/armtools/bin/../lib/gcc/arm-atollic-eabi/6.3.1/../../../../arm-atollic-eabi/lib/armv7e-m/fpu\libc_nano.a
LOAD c:/program files (x86)/atollic/truestudio for stm32 9.3.0/armtools/bin/../lib/gcc/arm-atollic-eabi/6.3.1/../../../../arm-atollic-eabi/lib/armv7e-m/fpu\libnosys.a
END GROUP
LOAD c:/program files (x86)/atollic/truestudio for stm32 9.3.0/armtools/bin/../lib/gcc/arm-atollic-eabi/6.3.1/armv7e-m/fpu/crtend.o
LOAD c:/program files (x86)/atollic/truestudio for stm32 9.3.0/armtools/bin/../lib/gcc/arm-atollic-eabi/6.3.1/armv7e-m/fpu/crtn.o
                0x2000a000                _estack = 0x2000a000
                0x00000200                _Min_Heap_Size = 0x200
                0x00000400                _Min_Stack_Size = 0x400

.isr_vector     0x08000000      0x188
                0x08000000                . = ALIGN (0x4)
 *(.isr_vector)
 .isr_vector    0x08000000      0x188 Application\TrueSTUDIO\startup_stm32f303xc.o
                0x08000000                g_pfnVectors
                0x08000188                . = ALIGN (0x4)

.text           0x08000188     0xd508
                0x08000188                . = ALIGN (0x4)
 *(.text)
 .text          0x08000188       0x40 c:/program files (x86)/atollic/truestudio for stm32 9.3.0/armtools/bin/../lib/gcc/arm-atollic-eabi/6.3.1/armv7e-m/fpu/crtbegin.o
 .text          0x080001c8      0x370 c:/program files (x86)/atollic/truestudio for stm32 9.3.0/armtools/bin/../lib/gcc/arm-atollic-eabi/6.3.1/armv7e-m/fpu\libgcc.a(_arm_addsubdf3.o)
                0x080001c8                __aeabi_drsub
                0x080001d0                __aeabi_dsub
                0x080001d0                __subdf3
                0x080001d4                __aeabi_dadd
                0x080001d4                __adddf3
                0x0800044c                __floatunsidf
                0x0800044c                __aeabi_ui2d
                0x0800046c                __floatsidf
                0x0800046c                __aeabi_i2d
                0x08000490                __aeabi_f2d
                0x08000490                __extendsfdf2
                0x080004cc                __floatundidf
                0x080004cc                __aeabi_ul2d
                0x080004dc                __floatdidf
                0x080004dc                __aeabi_l2d
 .text          0x08000538      0x424 c:/program files (x86)/atollic/truestudio for stm32 9.3.0/armtools/bin/../lib/gcc/arm-atollic-eabi/6.3.1/armv7e-m/fpu\libgcc.a(_arm_muldivdf3.o)
                0x08000538                __aeabi_dmul
                0x08000538                __muldf3
                0x0800078c                __divdf3
                0x0800078c                __aeabi_ddiv
 .text          0x0800095c      0x110 c:/program files (x86)/atollic/truestudio for stm32 9.3.0/armtools/bin/../lib/gcc/arm-atollic-eabi/6.3.1/armv7e-m/fpu\libgcc.a(_arm_cmpdf2.o)
                0x0800095c                __gtdf2
                0x0800095c                __gedf2
                0x08000964                __ltdf2
                0x08000964                __ledf2
                0x0800096c                __nedf2
                0x0800096c                __eqdf2
                0x0800096c                __cmpdf2
                0x080009e8                __aeabi_cdrcmple
                0x080009f8                __aeabi_cdcmpeq
                0x080009f8                __aeabi_cdcmple
                0x08000a08                __aeabi_dcmpeq
                0x08000a1c                __aeabi_dcmplt
                0x08000a30                __aeabi_dcmple
                0x08000a44                __aeabi_dcmpge
                0x08000a58                __aeabi_dcmpgt
 .text          0x08000a6c       0x2c c:/program files (x86)/atollic/truestudio for stm32 9.3.0/armtools/bin/../lib/gcc/arm-atollic-eabi/6.3.1/armv7e-m/fpu\libgcc.a(_arm_unorddf2.o)
                0x08000a6c                __unorddf2
                0x08000a6c                __aeabi_dcmpun
 .text          0x08000a98       0x50 c:/program files (x86)/atollic/truestudio for stm32 9.3.0/armtools/bin/../lib/gcc/arm-atollic-eabi/6.3.1/armv7e-m/fpu\libgcc.a(_arm_fixdfsi.o)
                0x08000a98                __aeabi_d2iz
                0x08000a98                __fixdfsi
 .text          0x08000ae8       0x40 c:/program files (x86)/atollic/truestudio for stm32 9.3.0/armtools/bin/../lib/gcc/arm-atollic-eabi/6.3.1/armv7e-m/fpu\libgcc.a(_arm_fixunsdfsi.o)
                0x08000ae8                __aeabi_d2uiz
                0x08000ae8                __fixunsdfsi
 .text          0x08000b28       0xa0 c:/program files (x86)/atollic/truestudio for stm32 9.3.0/armtools/bin/../lib/gcc/arm-atollic-eabi/6.3.1/armv7e-m/fpu\libgcc.a(_arm_truncdfsf2.o)
                0x08000b28                __truncdfsf2
                0x08000b28                __aeabi_d2f
 .text          0x08000bc8       0x30 c:/program files (x86)/atollic/truestudio for stm32 9.3.0/armtools/bin/../lib/gcc/arm-atollic-eabi/6.3.1/armv7e-m/fpu\libgcc.a(_aeabi_uldivmod.o)
                0x08000bc8                __aeabi_uldivmod
 .text          0x08000bf8      0x2dc c:/program files (x86)/atollic/truestudio for stm32 9.3.0/armtools/bin/../lib/gcc/arm-atollic-eabi/6.3.1/armv7e-m/fpu\libgcc.a(_udivmoddi4.o)
                0x08000bf8                __udivmoddi4
 .text          0x08000ed4        0x4 c:/program files (x86)/atollic/truestudio for stm32 9.3.0/armtools/bin/../lib/gcc/arm-atollic-eabi/6.3.1/armv7e-m/fpu\libgcc.a(_dvmd_tls.o)
                0x08000ed4                __aeabi_idiv0
                0x08000ed4                __aeabi_ldiv0
 *(.text*)
 .text.Reset_Handler
                0x08000ed8       0x50 Application\TrueSTUDIO\startup_stm32f303xc.o
                0x08000ed8                Reset_Handler
 .text.Default_Handler
                0x08000f28        0x2 Application\TrueSTUDIO\startup_stm32f303xc.o
                0x08000f28                RTC_Alarm_IRQHandler
                0x08000f28                TIM8_TRG_COM_IRQHandler
                0x08000f28                TIM8_CC_IRQHandler
                0x08000f28                TIM1_CC_IRQHandler
                0x08000f28                USB_HP_IRQHandler
                0x08000f28                PVD_IRQHandler
                0x08000f28                TAMP_STAMP_IRQHandler
                0x08000f28                EXTI3_IRQHandler
                0x08000f28                USB_HP_CAN_TX_IRQHandler
                0x08000f28                EXTI0_IRQHandler
                0x08000f28                I2C2_EV_IRQHandler
                0x08000f28                FPU_IRQHandler
                0x08000f28                TIM1_UP_TIM16_IRQHandler
                0x08000f28                ADC1_2_IRQHandler
                0x08000f28                SPI1_IRQHandler
                0x08000f28                CAN_SCE_IRQHandler
                0x08000f28                TIM8_UP_IRQHandler
                0x08000f28                DMA2_Channel2_IRQHandler
                0x08000f28                DMA1_Channel4_IRQHandler
                0x08000f28                USART3_IRQHandler
                0x08000f28                DMA1_Channel7_IRQHandler
                0x08000f28                UART5_IRQHandler
                0x08000f28                ADC3_IRQHandler
                0x08000f28                TIM4_IRQHandler
                0x08000f28                CAN_RX1_IRQHandler
                0x08000f28                DMA2_Channel1_IRQHandler
                0x08000f28                I2C1_EV_IRQHandler
                0x08000f28                DMA1_Channel6_IRQHandler
                0x08000f28                UART4_IRQHandler
                0x08000f28                DMA2_Channel4_IRQHandler
                0x08000f28                TIM3_IRQHandler
                0x08000f28                RCC_IRQHandler
                0x08000f28                DMA1_Channel1_IRQHandler
                0x08000f28                Default_Handler
                0x08000f28                USBWakeUp_RMP_IRQHandler
                0x08000f28                EXTI15_10_IRQHandler
                0x08000f28                EXTI9_5_IRQHandler
                0x08000f28                RTC_WKUP_IRQHandler
                0x08000f28                SPI2_IRQHandler
                0x08000f28                USB_LP_CAN_RX0_IRQHandler
                0x08000f28                DMA2_Channel5_IRQHandler
                0x08000f28                DMA1_Channel5_IRQHandler
                0x08000f28                USB_LP_IRQHandler
                0x08000f28                EXTI4_IRQHandler
                0x08000f28                TIM1_TRG_COM_TIM17_IRQHandler
                0x08000f28                DMA1_Channel3_IRQHandler
                0x08000f28                ADC4_IRQHandler
                0x08000f28                WWDG_IRQHandler
                0x08000f28                TIM2_IRQHandler
                0x08000f28                COMP7_IRQHandler
                0x08000f28                COMP1_2_3_IRQHandler
                0x08000f28                EXTI1_IRQHandler
                0x08000f28                USART2_IRQHandler
                0x08000f28                COMP4_5_6_IRQHandler
                0x08000f28                I2C2_ER_IRQHandler
                0x08000f28                DMA1_Channel2_IRQHandler
                0x08000f28                TIM8_BRK_IRQHandler
                0x08000f28                FLASH_IRQHandler
                0x08000f28                USART1_IRQHandler
                0x08000f28                SPI3_IRQHandler
                0x08000f28                I2C1_ER_IRQHandler
                0x08000f28                USBWakeUp_IRQHandler
                0x08000f28                DMA2_Channel3_IRQHandler
                0x08000f28                EXTI2_TSC_IRQHandler
                0x08000f28                TIM1_BRK_TIM15_IRQHandler
 *fill*         0x08000f2a        0x2 
 .text.set_time
                0x08000f2c       0x80 Application\User\Core\main.o
                0x08000f2c                set_time
 .text.read_time
                0x08000fac       0x84 Application\User\Core\main.o
                0x08000fac                read_time
 .text.set_pwm_otp
                0x08001030       0xc0 Application\User\Core\main.o
                0x08001030                set_pwm_otp
 .text.HAL_TIM_PeriodElapsedCallback
                0x080010f0      0x88c Application\User\Core\main.o
                0x080010f0                HAL_TIM_PeriodElapsedCallback
 .text.main     0x0800197c      0x340 Application\User\Core\main.o
                0x0800197c                main
 .text.SystemClock_Config
                0x08001cbc       0xd4 Application\User\Core\main.o
                0x08001cbc                SystemClock_Config
 .text.MX_I2C2_Init
                0x08001d90       0x80 Application\User\Core\main.o
 .text.MX_RTC_Init
                0x08001e10       0x60 Application\User\Core\main.o
 .text.MX_SPI2_Init
                0x08001e70       0x7c Application\User\Core\main.o
 .text.MX_TIM2_Init
                0x08001eec       0xb4 Application\User\Core\main.o
 .text.MX_TIM3_Init
                0x08001fa0       0xcc Application\User\Core\main.o
 .text.MX_TIM6_Init
                0x0800206c       0x6c Application\User\Core\main.o
 .text.MX_TIM7_Init
                0x080020d8       0x6c Application\User\Core\main.o
 .text.MX_USART3_UART_Init
                0x08002144       0x70 Application\User\Core\main.o
 .text.MX_GPIO_Init
                0x080021b4      0x108 Application\User\Core\main.o
 .text.Error_Handler
                0x080022bc        0x8 Application\User\Core\main.o
                0x080022bc                Error_Handler
 .text.HAL_MspInit
                0x080022c4       0x48 Application\User\Core\stm32f3xx_hal_msp.o
                0x080022c4                HAL_MspInit
 .text.HAL_I2C_MspInit
                0x0800230c       0x88 Application\User\Core\stm32f3xx_hal_msp.o
                0x0800230c                HAL_I2C_MspInit
 .text.HAL_RTC_MspInit
                0x08002394       0x4c Application\User\Core\stm32f3xx_hal_msp.o
                0x08002394                HAL_RTC_MspInit
 .text.HAL_SPI_MspInit
                0x080023e0       0x88 Application\User\Core\stm32f3xx_hal_msp.o
                0x080023e0                HAL_SPI_MspInit
 .text.HAL_TIM_PWM_MspInit
                0x08002468       0x64 Application\User\Core\stm32f3xx_hal_msp.o
                0x08002468                HAL_TIM_PWM_MspInit
 .text.HAL_TIM_Base_MspInit
                0x080024cc       0x84 Application\User\Core\stm32f3xx_hal_msp.o
                0x080024cc                HAL_TIM_Base_MspInit
 .text.HAL_TIM_MspPostInit
                0x08002550       0xb4 Application\User\Core\stm32f3xx_hal_msp.o
                0x08002550                HAL_TIM_MspPostInit
 .text.HAL_UART_MspInit
                0x08002604       0x88 Application\User\Core\stm32f3xx_hal_msp.o
                0x08002604                HAL_UART_MspInit
 .text.NMI_Handler
                0x0800268c        0x6 Application\User\Core\stm32f3xx_it.o
                0x0800268c                NMI_Handler
 .text.HardFault_Handler
                0x08002692        0x6 Application\User\Core\stm32f3xx_it.o
                0x08002692                HardFault_Handler
 .text.MemManage_Handler
                0x08002698        0x6 Application\User\Core\stm32f3xx_it.o
                0x08002698                MemManage_Handler
 .text.BusFault_Handler
                0x0800269e        0x6 Application\User\Core\stm32f3xx_it.o
                0x0800269e                BusFault_Handler
 .text.UsageFault_Handler
                0x080026a4        0x6 Application\User\Core\stm32f3xx_it.o
                0x080026a4                UsageFault_Handler
 .text.SVC_Handler
                0x080026aa        0xe Application\User\Core\stm32f3xx_it.o
                0x080026aa                SVC_Handler
 .text.DebugMon_Handler
                0x080026b8        0xe Application\User\Core\stm32f3xx_it.o
                0x080026b8                DebugMon_Handler
 .text.PendSV_Handler
                0x080026c6        0xe Application\User\Core\stm32f3xx_it.o
                0x080026c6                PendSV_Handler
 .text.SysTick_Handler
                0x080026d4        0xc Application\User\Core\stm32f3xx_it.o
                0x080026d4                SysTick_Handler
 .text.TIM6_DAC_IRQHandler
                0x080026e0       0x14 Application\User\Core\stm32f3xx_it.o
                0x080026e0                TIM6_DAC_IRQHandler
 .text.TIM7_IRQHandler
                0x080026f4       0x14 Application\User\Core\stm32f3xx_it.o
                0x080026f4                TIM7_IRQHandler
 .text.SystemInit
                0x08002708       0x24 Drivers\CMSIS\system_stm32f3xx.o
                0x08002708                SystemInit
 .text.HAL_Init
                0x0800272c       0x2c Drivers\STM32F3xx_HAL_Driver\stm32f3xx_hal.o
                0x0800272c                HAL_Init
 .text.HAL_InitTick
                0x08002758       0x60 Drivers\STM32F3xx_HAL_Driver\stm32f3xx_hal.o
                0x08002758                HAL_InitTick
 .text.HAL_IncTick
                0x080027b8       0x28 Drivers\STM32F3xx_HAL_Driver\stm32f3xx_hal.o
                0x080027b8                HAL_IncTick
 .text.HAL_GetTick
                0x080027e0       0x18 Drivers\STM32F3xx_HAL_Driver\stm32f3xx_hal.o
                0x080027e0                HAL_GetTick
 .text.HAL_Delay
                0x080027f8       0x44 Drivers\STM32F3xx_HAL_Driver\stm32f3xx_hal.o
                0x080027f8                HAL_Delay
 .text.__NVIC_SetPriorityGrouping
                0x0800283c       0x48 Drivers\STM32F3xx_HAL_Driver\stm32f3xx_hal_cortex.o
 .text.__NVIC_GetPriorityGrouping
                0x08002884       0x1c Drivers\STM32F3xx_HAL_Driver\stm32f3xx_hal_cortex.o
 .text.__NVIC_EnableIRQ
                0x080028a0       0x3c Drivers\STM32F3xx_HAL_Driver\stm32f3xx_hal_cortex.o
 .text.__NVIC_SetPriority
                0x080028dc       0x54 Drivers\STM32F3xx_HAL_Driver\stm32f3xx_hal_cortex.o
 .text.NVIC_EncodePriority
                0x08002930       0x62 Drivers\STM32F3xx_HAL_Driver\stm32f3xx_hal_cortex.o
 *fill*         0x08002992        0x2 
 .text.SysTick_Config
                0x08002994       0x44 Drivers\STM32F3xx_HAL_Driver\stm32f3xx_hal_cortex.o
 .text.HAL_NVIC_SetPriorityGrouping
                0x080029d8       0x16 Drivers\STM32F3xx_HAL_Driver\stm32f3xx_hal_cortex.o
                0x080029d8                HAL_NVIC_SetPriorityGrouping
 .text.HAL_NVIC_SetPriority
                0x080029ee       0x38 Drivers\STM32F3xx_HAL_Driver\stm32f3xx_hal_cortex.o
                0x080029ee                HAL_NVIC_SetPriority
 .text.HAL_NVIC_EnableIRQ
                0x08002a26       0x1c Drivers\STM32F3xx_HAL_Driver\stm32f3xx_hal_cortex.o
                0x08002a26                HAL_NVIC_EnableIRQ
 .text.HAL_SYSTICK_Config
                0x08002a42       0x18 Drivers\STM32F3xx_HAL_Driver\stm32f3xx_hal_cortex.o
                0x08002a42                HAL_SYSTICK_Config
 *fill*         0x08002a5a        0x2 
 .text.HAL_FLASH_Program
                0x08002a5c       0xe0 Drivers\STM32F3xx_HAL_Driver\stm32f3xx_hal_flash.o
                0x08002a5c                HAL_FLASH_Program
 .text.HAL_FLASH_Unlock
                0x08002b3c       0x4c Drivers\STM32F3xx_HAL_Driver\stm32f3xx_hal_flash.o
                0x08002b3c                HAL_FLASH_Unlock
 .text.HAL_FLASH_Lock
                0x08002b88       0x20 Drivers\STM32F3xx_HAL_Driver\stm32f3xx_hal_flash.o
                0x08002b88                HAL_FLASH_Lock
 .text.HAL_FLASH_GetError
                0x08002ba8       0x18 Drivers\STM32F3xx_HAL_Driver\stm32f3xx_hal_flash.o
                0x08002ba8                HAL_FLASH_GetError
 .text.FLASH_Program_HalfWord
                0x08002bc0       0x38 Drivers\STM32F3xx_HAL_Driver\stm32f3xx_hal_flash.o
 .text.FLASH_WaitForLastOperation
                0x08002bf8       0x80 Drivers\STM32F3xx_HAL_Driver\stm32f3xx_hal_flash.o
                0x08002bf8                FLASH_WaitForLastOperation
 .text.FLASH_SetErrorCode
                0x08002c78       0x64 Drivers\STM32F3xx_HAL_Driver\stm32f3xx_hal_flash.o
 .text.HAL_FLASHEx_Erase
                0x08002cdc       0xd4 Drivers\STM32F3xx_HAL_Driver\stm32f3xx_hal_flash_ex.o
                0x08002cdc                HAL_FLASHEx_Erase
 .text.FLASH_MassErase
                0x08002db0       0x34 Drivers\STM32F3xx_HAL_Driver\stm32f3xx_hal_flash_ex.o
 .text.FLASH_PageErase
                0x08002de4       0x40 Drivers\STM32F3xx_HAL_Driver\stm32f3xx_hal_flash_ex.o
                0x08002de4                FLASH_PageErase
 .text.HAL_GPIO_Init
                0x08002e24      0x2f4 Drivers\STM32F3xx_HAL_Driver\stm32f3xx_hal_gpio.o
                0x08002e24                HAL_GPIO_Init
 .text.HAL_GPIO_WritePin
                0x08003118       0x30 Drivers\STM32F3xx_HAL_Driver\stm32f3xx_hal_gpio.o
                0x08003118                HAL_GPIO_WritePin
 .text.HAL_I2C_Init
                0x08003148      0x11c Drivers\STM32F3xx_HAL_Driver\stm32f3xx_hal_i2c.o
                0x08003148                HAL_I2C_Init
 .text.HAL_I2C_Master_Transmit
                0x08003264      0x1e8 Drivers\STM32F3xx_HAL_Driver\stm32f3xx_hal_i2c.o
                0x08003264                HAL_I2C_Master_Transmit
 .text.HAL_I2C_Master_Receive
                0x0800344c      0x1ec Drivers\STM32F3xx_HAL_Driver\stm32f3xx_hal_i2c.o
                0x0800344c                HAL_I2C_Master_Receive
 .text.I2C_Flush_TXDR
                0x08003638       0x48 Drivers\STM32F3xx_HAL_Driver\stm32f3xx_hal_i2c.o
 .text.I2C_WaitOnFlagUntilTimeout
                0x08003680       0x80 Drivers\STM32F3xx_HAL_Driver\stm32f3xx_hal_i2c.o
 .text.I2C_WaitOnTXISFlagUntilTimeout
                0x08003700       0x80 Drivers\STM32F3xx_HAL_Driver\stm32f3xx_hal_i2c.o
 .text.I2C_WaitOnSTOPFlagUntilTimeout
                0x08003780       0x78 Drivers\STM32F3xx_HAL_Driver\stm32f3xx_hal_i2c.o
 .text.I2C_WaitOnRXNEFlagUntilTimeout
                0x080037f8       0xd8 Drivers\STM32F3xx_HAL_Driver\stm32f3xx_hal_i2c.o
 .text.I2C_IsAcknowledgeFailed
                0x080038d0       0xec Drivers\STM32F3xx_HAL_Driver\stm32f3xx_hal_i2c.o
 .text.I2C_TransferConfig
                0x080039bc       0x58 Drivers\STM32F3xx_HAL_Driver\stm32f3xx_hal_i2c.o
 .text.HAL_I2CEx_ConfigAnalogFilter
                0x08003a14       0x96 Drivers\STM32F3xx_HAL_Driver\stm32f3xx_hal_i2c_ex.o
                0x08003a14                HAL_I2CEx_ConfigAnalogFilter
 .text.HAL_I2CEx_ConfigDigitalFilter
                0x08003aaa       0x98 Drivers\STM32F3xx_HAL_Driver\stm32f3xx_hal_i2c_ex.o
                0x08003aaa                HAL_I2CEx_ConfigDigitalFilter
 *fill*         0x08003b42        0x2 
 .text.HAL_PWR_EnableBkUpAccess
                0x08003b44       0x20 Drivers\STM32F3xx_HAL_Driver\stm32f3xx_hal_pwr.o
                0x08003b44                HAL_PWR_EnableBkUpAccess
 .text.HAL_RCC_OscConfig
                0x08003b64      0xe10 Drivers\STM32F3xx_HAL_Driver\stm32f3xx_hal_rcc.o
                0x08003b64                HAL_RCC_OscConfig
 .text.HAL_RCC_ClockConfig
                0x08004974      0x2f8 Drivers\STM32F3xx_HAL_Driver\stm32f3xx_hal_rcc.o
                0x08004974                HAL_RCC_ClockConfig
 .text.HAL_RCC_GetSysClockFreq
                0x08004c6c       0xd4 Drivers\STM32F3xx_HAL_Driver\stm32f3xx_hal_rcc.o
                0x08004c6c                HAL_RCC_GetSysClockFreq
 .text.HAL_RCC_GetHCLKFreq
                0x08004d40       0x18 Drivers\STM32F3xx_HAL_Driver\stm32f3xx_hal_rcc.o
                0x08004d40                HAL_RCC_GetHCLKFreq
 .text.HAL_RCC_GetPCLK1Freq
                0x08004d58       0x44 Drivers\STM32F3xx_HAL_Driver\stm32f3xx_hal_rcc.o
                0x08004d58                HAL_RCC_GetPCLK1Freq
 .text.HAL_RCC_GetPCLK2Freq
                0x08004d9c       0x44 Drivers\STM32F3xx_HAL_Driver\stm32f3xx_hal_rcc.o
                0x08004d9c                HAL_RCC_GetPCLK2Freq
 .text.HAL_RCCEx_PeriphCLKConfig
                0x08004de0      0x360 Drivers\STM32F3xx_HAL_Driver\stm32f3xx_hal_rcc_ex.o
                0x08004de0                HAL_RCCEx_PeriphCLKConfig
 .text.HAL_RTC_Init
                0x08005140      0x122 Drivers\STM32F3xx_HAL_Driver\stm32f3xx_hal_rtc.o
                0x08005140                HAL_RTC_Init
 .text.HAL_RTC_SetTime
                0x08005262      0x17a Drivers\STM32F3xx_HAL_Driver\stm32f3xx_hal_rtc.o
                0x08005262                HAL_RTC_SetTime
 .text.HAL_RTC_GetTime
                0x080053dc       0xbc Drivers\STM32F3xx_HAL_Driver\stm32f3xx_hal_rtc.o
                0x080053dc                HAL_RTC_GetTime
 .text.HAL_RTC_SetDate
                0x08005498      0x14e Drivers\STM32F3xx_HAL_Driver\stm32f3xx_hal_rtc.o
                0x08005498                HAL_RTC_SetDate
 .text.HAL_RTC_GetDate
                0x080055e6       0x9e Drivers\STM32F3xx_HAL_Driver\stm32f3xx_hal_rtc.o
                0x080055e6                HAL_RTC_GetDate
 .text.HAL_RTC_WaitForSynchro
                0x08005684       0x50 Drivers\STM32F3xx_HAL_Driver\stm32f3xx_hal_rtc.o
                0x08005684                HAL_RTC_WaitForSynchro
 .text.RTC_EnterInitMode
                0x080056d4       0x58 Drivers\STM32F3xx_HAL_Driver\stm32f3xx_hal_rtc.o
                0x080056d4                RTC_EnterInitMode
 .text.RTC_ByteToBcd2
                0x0800572c       0x3c Drivers\STM32F3xx_HAL_Driver\stm32f3xx_hal_rtc.o
                0x0800572c                RTC_ByteToBcd2
 .text.RTC_Bcd2ToByte
                0x08005768       0x3c Drivers\STM32F3xx_HAL_Driver\stm32f3xx_hal_rtc.o
                0x08005768                RTC_Bcd2ToByte
 .text.HAL_SPI_Init
                0x080057a4      0x152 Drivers\STM32F3xx_HAL_Driver\stm32f3xx_hal_spi.o
                0x080057a4                HAL_SPI_Init
 .text.HAL_SPI_Transmit
                0x080058f6      0x2d8 Drivers\STM32F3xx_HAL_Driver\stm32f3xx_hal_spi.o
                0x080058f6                HAL_SPI_Transmit
 .text.HAL_SPI_Receive
                0x08005bce      0x25a Drivers\STM32F3xx_HAL_Driver\stm32f3xx_hal_spi.o
                0x08005bce                HAL_SPI_Receive
 .text.HAL_SPI_TransmitReceive
                0x08005e28      0x420 Drivers\STM32F3xx_HAL_Driver\stm32f3xx_hal_spi.o
                0x08005e28                HAL_SPI_TransmitReceive
 .text.SPI_WaitFlagStateUntilTimeout
                0x08006248      0x110 Drivers\STM32F3xx_HAL_Driver\stm32f3xx_hal_spi.o
 .text.SPI_WaitFifoStateUntilTimeout
                0x08006358      0x12c Drivers\STM32F3xx_HAL_Driver\stm32f3xx_hal_spi.o
 .text.SPI_EndRxTransaction
                0x08006484       0xb0 Drivers\STM32F3xx_HAL_Driver\stm32f3xx_hal_spi.o
 .text.SPI_EndRxTxTransaction
                0x08006534       0x8c Drivers\STM32F3xx_HAL_Driver\stm32f3xx_hal_spi.o
 .text.HAL_TIM_Base_Init
                0x080065c0       0xae Drivers\STM32F3xx_HAL_Driver\stm32f3xx_hal_tim.o
                0x080065c0                HAL_TIM_Base_Init
 *fill*         0x0800666e        0x2 
 .text.HAL_TIM_Base_Start_IT
                0x08006670       0xd4 Drivers\STM32F3xx_HAL_Driver\stm32f3xx_hal_tim.o
                0x08006670                HAL_TIM_Base_Start_IT
 .text.HAL_TIM_PWM_Init
                0x08006744       0xae Drivers\STM32F3xx_HAL_Driver\stm32f3xx_hal_tim.o
                0x08006744                HAL_TIM_PWM_Init
 *fill*         0x080067f2        0x2 
 .text.HAL_TIM_PWM_Start
                0x080067f4      0x200 Drivers\STM32F3xx_HAL_Driver\stm32f3xx_hal_tim.o
                0x080067f4                HAL_TIM_PWM_Start
 .text.HAL_TIM_PWM_Stop
                0x080069f4      0x12c Drivers\STM32F3xx_HAL_Driver\stm32f3xx_hal_tim.o
                0x080069f4                HAL_TIM_PWM_Stop
 .text.HAL_TIM_IRQHandler
                0x08006b20      0x23e Drivers\STM32F3xx_HAL_Driver\stm32f3xx_hal_tim.o
                0x08006b20                HAL_TIM_IRQHandler
 *fill*         0x08006d5e        0x2 
 .text.HAL_TIM_PWM_ConfigChannel
                0x08006d60      0x228 Drivers\STM32F3xx_HAL_Driver\stm32f3xx_hal_tim.o
                0x08006d60                HAL_TIM_PWM_ConfigChannel
 .text.HAL_TIM_OC_DelayElapsedCallback
                0x08006f88       0x14 Drivers\STM32F3xx_HAL_Driver\stm32f3xx_hal_tim.o
                0x08006f88                HAL_TIM_OC_DelayElapsedCallback
 .text.HAL_TIM_IC_CaptureCallback
                0x08006f9c       0x14 Drivers\STM32F3xx_HAL_Driver\stm32f3xx_hal_tim.o
                0x08006f9c                HAL_TIM_IC_CaptureCallback
 .text.HAL_TIM_PWM_PulseFinishedCallback
                0x08006fb0       0x14 Drivers\STM32F3xx_HAL_Driver\stm32f3xx_hal_tim.o
                0x08006fb0                HAL_TIM_PWM_PulseFinishedCallback
 .text.HAL_TIM_TriggerCallback
                0x08006fc4       0x14 Drivers\STM32F3xx_HAL_Driver\stm32f3xx_hal_tim.o
                0x08006fc4                HAL_TIM_TriggerCallback
 .text.TIM_Base_SetConfig
                0x08006fd8      0x120 Drivers\STM32F3xx_HAL_Driver\stm32f3xx_hal_tim.o
                0x08006fd8                TIM_Base_SetConfig
 .text.TIM_OC1_SetConfig
                0x080070f8      0x120 Drivers\STM32F3xx_HAL_Driver\stm32f3xx_hal_tim.o
 .text.TIM_OC2_SetConfig
                0x08007218      0x114 Drivers\STM32F3xx_HAL_Driver\stm32f3xx_hal_tim.o
                0x08007218                TIM_OC2_SetConfig
 .text.TIM_OC3_SetConfig
                0x0800732c      0x110 Drivers\STM32F3xx_HAL_Driver\stm32f3xx_hal_tim.o
 .text.TIM_OC4_SetConfig
                0x0800743c       0xd4 Drivers\STM32F3xx_HAL_Driver\stm32f3xx_hal_tim.o
 .text.TIM_OC5_SetConfig
                0x08007510       0xc8 Drivers\STM32F3xx_HAL_Driver\stm32f3xx_hal_tim.o
 .text.TIM_OC6_SetConfig
                0x080075d8       0xcc Drivers\STM32F3xx_HAL_Driver\stm32f3xx_hal_tim.o
 .text.TIM_CCxChannelCmd
                0x080076a4       0x4a Drivers\STM32F3xx_HAL_Driver\stm32f3xx_hal_tim.o
                0x080076a4                TIM_CCxChannelCmd
 *fill*         0x080076ee        0x2 
 .text.HAL_TIMEx_MasterConfigSynchronization
                0x080076f0      0x100 Drivers\STM32F3xx_HAL_Driver\stm32f3xx_hal_tim_ex.o
                0x080076f0                HAL_TIMEx_MasterConfigSynchronization
 .text.HAL_TIMEx_CommutCallback
                0x080077f0       0x14 Drivers\STM32F3xx_HAL_Driver\stm32f3xx_hal_tim_ex.o
                0x080077f0                HAL_TIMEx_CommutCallback
 .text.HAL_TIMEx_BreakCallback
                0x08007804       0x14 Drivers\STM32F3xx_HAL_Driver\stm32f3xx_hal_tim_ex.o
                0x08007804                HAL_TIMEx_BreakCallback
 .text.HAL_TIMEx_Break2Callback
                0x08007818       0x14 Drivers\STM32F3xx_HAL_Driver\stm32f3xx_hal_tim_ex.o
                0x08007818                HAL_TIMEx_Break2Callback
 .text.HAL_UART_Init
                0x0800782c       0x9c Drivers\STM32F3xx_HAL_Driver\stm32f3xx_hal_uart.o
                0x0800782c                HAL_UART_Init
 .text.HAL_UART_Transmit
                0x080078c8      0x128 Drivers\STM32F3xx_HAL_Driver\stm32f3xx_hal_uart.o
                0x080078c8                HAL_UART_Transmit
 .text.HAL_UART_Receive
                0x080079f0      0x17c Drivers\STM32F3xx_HAL_Driver\stm32f3xx_hal_uart.o
                0x080079f0                HAL_UART_Receive
 .text.UART_SetConfig
                0x08007b6c      0x3a4 Drivers\STM32F3xx_HAL_Driver\stm32f3xx_hal_uart.o
                0x08007b6c                UART_SetConfig
 .text.UART_AdvFeatureConfig
                0x08007f10      0x144 Drivers\STM32F3xx_HAL_Driver\stm32f3xx_hal_uart.o
                0x08007f10                UART_AdvFeatureConfig
 .text.UART_CheckIdleState
                0x08008054       0x92 Drivers\STM32F3xx_HAL_Driver\stm32f3xx_hal_uart.o
                0x08008054                UART_CheckIdleState
 .text.UART_WaitOnFlagUntilTimeout
                0x080080e6      0x188 Drivers\STM32F3xx_HAL_Driver\stm32f3xx_hal_uart.o
                0x080080e6                UART_WaitOnFlagUntilTimeout
 *fill*         0x0800826e        0x2 
 .text.Flash_Write_Data
                0x08008270       0xac Flash.o
                0x08008270                Flash_Write_Data
 .text.Flash_Read_Data
                0x0800831c       0x3c Flash.o
                0x0800831c                Flash_Read_Data
 .text.Flash_save_diff
                0x08008358       0x4c Flash.o
                0x08008358                Flash_save_diff
 .text.Flash_read_diff
                0x080083a4       0x6c Flash.o
                0x080083a4                Flash_read_diff
 .text.max31865_gpio_init
                0x08008410       0x44 MAX31865_v1.o
                0x08008410                max31865_gpio_init
 .text.max31865_init
                0x08008454       0xb0 MAX31865_v1.o
                0x08008454                max31865_init
 *fill*         0x08008504        0x4 
 .text.max31865_getTemp
                0x08008508      0x274 MAX31865_v1.o
                0x08008508                max31865_getTemp
 .text.TC74A0_init
                0x0800877c       0x3c TC74A0.o
                0x0800877c                TC74A0_init
 .text.TC74A0_read_temp
                0x080087b8       0xf8 TC74A0.o
                0x080087b8                TC74A0_read_temp
 .text.print_diff_optins
                0x080088b0      0x164 disp_irq.o
 .text.get_diff_struct
                0x08008a14       0x2c disp_irq.o
                0x08008a14                get_diff_struct
 .text.btn_init
                0x08008a40      0x9b8 disp_irq.o
                0x08008a40                btn_init
 .text.print_screen
                0x080093f8      0x4dc disp_irq.o
                0x080093f8                print_screen
 .text.update_temp_screen
                0x080098d4      0x3e0 disp_irq.o
                0x080098d4                update_temp_screen
 .text.update_time_screen
                0x08009cb4      0x20c disp_irq.o
                0x08009cb4                update_time_screen
 .text.update_main_screen
                0x08009ec0      0x314 disp_irq.o
                0x08009ec0                update_main_screen
 .text.get_time
                0x0800a1d4       0x2c disp_irq.o
                0x0800a1d4                get_time
 .text.temp_reset
                0x0800a200       0x34 disp_irq.o
                0x0800a200                temp_reset
 .text.exit_sign
                0x0800a234       0x64 disp_irq.o
                0x0800a234                exit_sign
 .text.ok_sign  0x0800a298       0x64 disp_irq.o
                0x0800a298                ok_sign
 .text.up_sign  0x0800a2fc      0x1b6 disp_irq.o
                0x0800a2fc                up_sign
 .text.down_sign
                0x0800a4b2      0x1b6 disp_irq.o
                0x0800a4b2                down_sign
 .text.LCD_DELAY
                0x0800a668       0x14 lcd.o
 .text.LCD_Write8
                0x0800a67c       0x6c lcd.o
                0x0800a67c                LCD_Write8
 .text.LCD_Write8Register8
                0x0800a6e8       0x20 lcd.o
 .text.LCD_Write16Register8
                0x0800a708       0x28 lcd.o
 .text.LCD_Write32Register8
                0x0800a730       0x38 lcd.o
 .text.LCD_GPIO_Init
                0x0800a768       0xa8 lcd.o
 .text.LCD_Init
                0x0800a810      0x1d8 lcd.o
                0x0800a810                LCD_Init
 .text.LCD_DrawPixel
                0x0800a9e8       0x58 lcd.o
                0x0800a9e8                LCD_DrawPixel
 .text.LCD_Flood
                0x0800aa40       0x80 lcd.o
                0x0800aa40                LCD_Flood
 .text.LCD_FillScreen
                0x0800aac0       0x34 lcd.o
                0x0800aac0                LCD_FillScreen
 .text.LCD_Reset
                0x0800aaf4       0x64 lcd.o
                0x0800aaf4                LCD_Reset
 .text.LCD_SetAddrWindow
                0x0800ab58       0x2c lcd.o
                0x0800ab58                LCD_SetAddrWindow
 .text.LCD_SetRotation
                0x0800ab84       0x74 lcd.o
                0x0800ab84                LCD_SetRotation
 .text.LCD_DrawLine
                0x0800abf8       0xb2 lcd.o
                0x0800abf8                LCD_DrawLine
 *fill*         0x0800acaa        0x2 
 .text.LCD_DrawFastHLine
                0x0800acac       0x84 lcd.o
                0x0800acac                LCD_DrawFastHLine
 .text.LCD_DrawFastVLine
                0x0800ad30       0x84 lcd.o
                0x0800ad30                LCD_DrawFastVLine
 .text.LCD_FillRect
                0x0800adb4       0xc0 lcd.o
                0x0800adb4                LCD_FillRect
 .text.LCD_DrawCircleHelper
                0x0800ae74      0x14e lcd.o
                0x0800ae74                LCD_DrawCircleHelper
 .text.LCD_FillCircleHelper
                0x0800afc2      0x10c lcd.o
                0x0800afc2                LCD_FillCircleHelper
 .text.LCD_DrawRoundRect
                0x0800b0ce       0xe0 lcd.o
                0x0800b0ce                LCD_DrawRoundRect
 .text.LCD_FillRoundRect
                0x0800b1ae       0x7a lcd.o
                0x0800b1ae                LCD_FillRoundRect
 .text.LCD_DrawChar
                0x0800b228      0x144 lcd.o
                0x0800b228                LCD_DrawChar
 .text.LCD_Printf
                0x0800b36c      0x12c lcd.o
                0x0800b36c                LCD_Printf
 .text.LCD_SetCursor
                0x0800b498       0x14 lcd.o
                0x0800b498                LCD_SetCursor
 .text.LCD_SetTextSize
                0x0800b4ac        0xc lcd.o
                0x0800b4ac                LCD_SetTextSize
 .text.LCD_SetTextColor
                0x0800b4b8       0x14 lcd.o
                0x0800b4b8                LCD_SetTextColor
 .text.LCD_SetTextScaled
                0x0800b4cc        0xc lcd.o
                0x0800b4cc                LCD_SetTextScaled
 .text._out_buffer
                0x0800b4d8       0x2e printf\printf.o
 .text._out_null
                0x0800b506       0x1c printf\printf.o
 .text._strnlen_s
                0x0800b522       0x3a printf\printf.o
 .text._is_digit
                0x0800b55c       0x2e printf\printf.o
 .text._atoi    0x0800b58a       0x48 printf\printf.o
 .text._out_rev
                0x0800b5d2       0xa0 printf\printf.o
 .text._ntoa_format
                0x0800b672      0x1b8 printf\printf.o
 .text._ntoa_long
                0x0800b82a       0xce printf\printf.o
 .text._ntoa_long_long
                0x0800b8f8       0xde printf\printf.o
 *fill*         0x0800b9d6        0x2 
 .text._ftoa    0x0800b9d8      0x4cc printf\printf.o
 *fill*         0x0800bea4        0x4 
 .text._etoa    0x0800bea8      0x510 printf\printf.o
 .text._vsnprintf
                0x0800c3b8      0x964 printf\printf.o
 .text.vsnprintf_
                0x0800cd1c       0x2c printf\printf.o
                0x0800cd1c                vsnprintf_
 .text.map      0x0800cd48       0x38 touch.o
                0x0800cd48                map
 .text.map_float
                0x0800cd80       0x5c touch.o
                0x0800cd80                map_float
 .text.send_comand
                0x0800cddc       0x90 touch.o
                0x0800cddc                send_comand
 .text.send_comand_n_data
                0x0800ce6c       0xd8 touch.o
                0x0800ce6c                send_comand_n_data
 .text.disp_status
                0x0800cf44       0xa4 touch.o
                0x0800cf44                disp_status
 .text.disable_touch
                0x0800cfe8       0xb8 touch.o
                0x0800cfe8                disable_touch
 .text.reg_start
                0x0800d0a0       0xd4 touch.o
                0x0800d0a0                reg_start
 .text.calibration_inset
                0x0800d174       0xd4 touch.o
                0x0800d174                calibration_inset
 .text.enable_touch
                0x0800d248       0xb8 touch.o
                0x0800d248                enable_touch
 .text.get_pos  0x0800d300       0xcc touch.o
                0x0800d300                get_pos
 .text.touch_init
                0x0800d3cc       0x18 touch.o
                0x0800d3cc                touch_init
 .text.__errno  0x0800d3e4        0xc c:/program files (x86)/atollic/truestudio for stm32 9.3.0/armtools/bin/../lib/gcc/arm-atollic-eabi/6.3.1/../../../../arm-atollic-eabi/lib/armv7e-m/fpu\libc_nano.a(lib_a-errno.o)
                0x0800d3e4                __errno
 .text.__libc_init_array
                0x0800d3f0       0x48 c:/program files (x86)/atollic/truestudio for stm32 9.3.0/armtools/bin/../lib/gcc/arm-atollic-eabi/6.3.1/../../../../arm-atollic-eabi/lib/armv7e-m/fpu\libc_nano.a(lib_a-init.o)
                0x0800d3f0                __libc_init_array
 .text.memcpy   0x0800d438       0x16 c:/program files (x86)/atollic/truestudio for stm32 9.3.0/armtools/bin/../lib/gcc/arm-atollic-eabi/6.3.1/../../../../arm-atollic-eabi/lib/armv7e-m/fpu\libc_nano.a(lib_a-memcpy-stub.o)
                0x0800d438                memcpy
 .text.memset   0x0800d44e       0x10 c:/program files (x86)/atollic/truestudio for stm32 9.3.0/armtools/bin/../lib/gcc/arm-atollic-eabi/6.3.1/../../../../arm-atollic-eabi/lib/armv7e-m/fpu\libc_nano.a(lib_a-memset.o)
                0x0800d44e                memset
 *fill*         0x0800d45e        0x2 
 .text.sqrt     0x0800d460       0xb4 c:/program files (x86)/atollic/truestudio for stm32 9.3.0/armtools/bin/../lib/gcc/arm-atollic-eabi/6.3.1/../../../../arm-atollic-eabi/lib/armv7e-m/fpu\libm.a(lib_a-w_sqrt.o)
                0x0800d460                sqrt
 .text.__ieee754_sqrt
                0x0800d514      0x160 c:/program files (x86)/atollic/truestudio for stm32 9.3.0/armtools/bin/../lib/gcc/arm-atollic-eabi/6.3.1/../../../../arm-atollic-eabi/lib/armv7e-m/fpu\libm.a(lib_a-e_sqrt.o)
                0x0800d514                __ieee754_sqrt
 .text.matherr  0x0800d674        0x4 c:/program files (x86)/atollic/truestudio for stm32 9.3.0/armtools/bin/../lib/gcc/arm-atollic-eabi/6.3.1/../../../../arm-atollic-eabi/lib/armv7e-m/fpu\libm.a(lib_a-s_matherr.o)
                0x0800d674                matherr
 *(.glue_7)
 .glue_7        0x0800d678        0x0 linker stubs
 *(.glue_7t)
 .glue_7t       0x0800d678        0x0 linker stubs
 *(.eh_frame)
 .eh_frame      0x0800d678        0x0 c:/program files (x86)/atollic/truestudio for stm32 9.3.0/armtools/bin/../lib/gcc/arm-atollic-eabi/6.3.1/armv7e-m/fpu/crtbegin.o
 *(.init)
 .init          0x0800d678        0x4 c:/program files (x86)/atollic/truestudio for stm32 9.3.0/armtools/bin/../lib/gcc/arm-atollic-eabi/6.3.1/armv7e-m/fpu/crti.o
                0x0800d678                _init
 .init          0x0800d67c        0x8 c:/program files (x86)/atollic/truestudio for stm32 9.3.0/armtools/bin/../lib/gcc/arm-atollic-eabi/6.3.1/armv7e-m/fpu/crtn.o
 *(.fini)
 .fini          0x0800d684        0x4 c:/program files (x86)/atollic/truestudio for stm32 9.3.0/armtools/bin/../lib/gcc/arm-atollic-eabi/6.3.1/armv7e-m/fpu/crti.o
                0x0800d684                _fini
 .fini          0x0800d688        0x8 c:/program files (x86)/atollic/truestudio for stm32 9.3.0/armtools/bin/../lib/gcc/arm-atollic-eabi/6.3.1/armv7e-m/fpu/crtn.o
                0x0800d690                . = ALIGN (0x4)
                0x0800d690                _etext = .

.vfp11_veneer   0x0800d690        0x0
 .vfp11_veneer  0x0800d690        0x0 linker stubs

.v4_bx          0x0800d690        0x0
 .v4_bx         0x0800d690        0x0 linker stubs

.iplt           0x0800d690        0x0
 .iplt          0x0800d690        0x0 c:/program files (x86)/atollic/truestudio for stm32 9.3.0/armtools/bin/../lib/gcc/arm-atollic-eabi/6.3.1/armv7e-m/fpu/crtbegin.o

.rodata         0x0800d690      0x790
                0x0800d690                . = ALIGN (0x4)
 *(.rodata)
 .rodata        0x0800d690        0x2 MAX31865_v1.o
 *fill*         0x0800d692        0x2 
 .rodata        0x0800d694      0x117 disp_irq.o
 *fill*         0x0800d7ab        0x1 
 .rodata        0x0800d7ac       0x18 printf\printf.o
 .rodata        0x0800d7c4       0xe4 touch.o
 *(.rodata*)
 .rodata.AHBPrescTable
                0x0800d8a8       0x10 Drivers\CMSIS\system_stm32f3xx.o
                0x0800d8a8                AHBPrescTable
 .rodata.APBPrescTable
                0x0800d8b8        0x8 Drivers\CMSIS\system_stm32f3xx.o
                0x0800d8b8                APBPrescTable
 .rodata.aPLLMULFactorTable
                0x0800d8c0       0x10 Drivers\STM32F3xx_HAL_Driver\stm32f3xx_hal_rcc.o
                0x0800d8c0                aPLLMULFactorTable
 .rodata.aPredivFactorTable
                0x0800d8d0       0x10 Drivers\STM32F3xx_HAL_Driver\stm32f3xx_hal_rcc.o
                0x0800d8d0                aPredivFactorTable
 .rodata.Font12_Table
                0x0800d8e0      0x474 Fonts\font12.o
                0x0800d8e0                Font12_Table
 .rodata.ILI9341_regValues
                0x0800dd54       0x6c lcd.o
 .rodata.CSWTCH.206
                0x0800ddc0        0x3 lcd.o
 *fill*         0x0800ddc3        0x5 
 .rodata.pow10.5470
                0x0800ddc8       0x50 printf\printf.o
 .rodata.sqrt.str1.1
                0x0800de18        0x5 c:/program files (x86)/atollic/truestudio for stm32 9.3.0/armtools/bin/../lib/gcc/arm-atollic-eabi/6.3.1/../../../../arm-atollic-eabi/lib/armv7e-m/fpu\libm.a(lib_a-w_sqrt.o)
                0x0800de20                . = ALIGN (0x4)
 *fill*         0x0800de1d        0x3 

.ARM.extab
 *(.ARM.extab* .gnu.linkonce.armextab.*)

.ARM            0x0800de20        0x8
                0x0800de20                __exidx_start = .
 *(.ARM.exidx*)
 .ARM.exidx     0x0800de20        0x8 c:/program files (x86)/atollic/truestudio for stm32 9.3.0/armtools/bin/../lib/gcc/arm-atollic-eabi/6.3.1/armv7e-m/fpu\libgcc.a(_udivmoddi4.o)
                0x0800de28                __exidx_end = .

.rel.dyn        0x0800de28        0x0
 .rel.iplt      0x0800de28        0x0 c:/program files (x86)/atollic/truestudio for stm32 9.3.0/armtools/bin/../lib/gcc/arm-atollic-eabi/6.3.1/armv7e-m/fpu/crtbegin.o

.preinit_array  0x0800de28        0x0
                0x0800de28                PROVIDE (__preinit_array_start, .)
 *(.preinit_array*)
                0x0800de28                PROVIDE (__preinit_array_end, .)

.init_array     0x0800de28        0x4
                0x0800de28                PROVIDE (__init_array_start, .)
 *(SORT(.init_array.*))
 *(.init_array*)
 .init_array    0x0800de28        0x4 c:/program files (x86)/atollic/truestudio for stm32 9.3.0/armtools/bin/../lib/gcc/arm-atollic-eabi/6.3.1/armv7e-m/fpu/crtbegin.o
                0x0800de2c                PROVIDE (__init_array_end, .)

.fini_array     0x0800de2c        0x4
                [!provide]                PROVIDE (__fini_array_start, .)
 *(SORT(.fini_array.*))
 *(.fini_array*)
 .fini_array    0x0800de2c        0x4 c:/program files (x86)/atollic/truestudio for stm32 9.3.0/armtools/bin/../lib/gcc/arm-atollic-eabi/6.3.1/armv7e-m/fpu/crtbegin.o
                [!provide]                PROVIDE (__fini_array_end, .)
                0x0800de30                _sidata = LOADADDR (.data)

.data           0x20000000       0x80 load address 0x0800de30
                0x20000000                . = ALIGN (0x4)
                0x20000000                _sdata = .
 *(.data)
 *(.data*)
 .data.SystemCoreClock
                0x20000000        0x4 Drivers\CMSIS\system_stm32f3xx.o
                0x20000000                SystemCoreClock
 .data.uwTickPrio
                0x20000004        0x4 Drivers\STM32F3xx_HAL_Driver\stm32f3xx_hal.o
                0x20000004                uwTickPrio
 .data.uwTickFreq
                0x20000008        0x1 Drivers\STM32F3xx_HAL_Driver\stm32f3xx_hal.o
                0x20000008                uwTickFreq
 *fill*         0x20000009        0x3 
 .data.Font12   0x2000000c        0x8 Fonts\font12.o
                0x2000000c                Font12
 .data.fonts    0x20000014        0x4 lcd.o
 .data._impure_ptr
                0x20000018        0x4 c:/program files (x86)/atollic/truestudio for stm32 9.3.0/armtools/bin/../lib/gcc/arm-atollic-eabi/6.3.1/../../../../arm-atollic-eabi/lib/armv7e-m/fpu\libc_nano.a(lib_a-impure.o)
                0x20000018                _impure_ptr
 .data.impure_data
                0x2000001c       0x60 c:/program files (x86)/atollic/truestudio for stm32 9.3.0/armtools/bin/../lib/gcc/arm-atollic-eabi/6.3.1/../../../../arm-atollic-eabi/lib/armv7e-m/fpu\libc_nano.a(lib_a-impure.o)
 .data.__fdlib_version
                0x2000007c        0x1 c:/program files (x86)/atollic/truestudio for stm32 9.3.0/armtools/bin/../lib/gcc/arm-atollic-eabi/6.3.1/../../../../arm-atollic-eabi/lib/armv7e-m/fpu\libm.a(lib_a-s_lib_ver.o)
                0x2000007c                __fdlib_version
                0x20000080                . = ALIGN (0x4)
 *fill*         0x2000007d        0x3 
                0x20000080                _edata = .
                0x0800deb0                _siccmram = LOADADDR (.ccmram)

.igot.plt       0x20000080        0x0 load address 0x0800deb0
 .igot.plt      0x20000080        0x0 c:/program files (x86)/atollic/truestudio for stm32 9.3.0/armtools/bin/../lib/gcc/arm-atollic-eabi/6.3.1/armv7e-m/fpu/crtbegin.o

.ccmram         0x10000000        0x0 load address 0x0800deb0
                0x10000000                . = ALIGN (0x4)
                0x10000000                _sccmram = .
 *(.ccmram)
 *(.ccmram*)
                0x10000000                . = ALIGN (0x4)
                0x10000000                _eccmram = .
                0x10000000                . = ALIGN (0x4)

.bss            0x20000080     0x1418
                0x20000080                _sbss = .
                0x20000080                __bss_start__ = _sbss
 *(.bss)
 .bss           0x20000080       0x1c c:/program files (x86)/atollic/truestudio for stm32 9.3.0/armtools/bin/../lib/gcc/arm-atollic-eabi/6.3.1/armv7e-m/fpu/crtbegin.o
 *(.bss*)
 .bss.temp      0x2000009c       0x44 Application\User\Core\main.o
                0x2000009c                temp
 .bss.EraseInitStruct.9330
                0x200000e0        0xc Flash.o
 .bss.m_width   0x200000ec        0x2 lcd.o
 .bss.m_height  0x200000ee        0x2 lcd.o
 .bss.m_cursor_x
                0x200000f0        0x2 lcd.o
 .bss.m_cursor_y
                0x200000f2        0x2 lcd.o
 .bss.m_textcolor
                0x200000f4        0x2 lcd.o
 .bss.m_textbgcolor
                0x200000f6        0x2 lcd.o
 .bss.m_font    0x200000f8        0x1 lcd.o
 .bss.m_rotation
                0x200000f9        0x1 lcd.o
 .bss.m_wrap    0x200000fa        0x1 lcd.o
 .bss.m_scale   0x200000fb        0x1 lcd.o
 .bss.lookup_gpioa
                0x200000fc      0x400 lcd.o
 .bss.lookup_gpiob
                0x200004fc      0x400 lcd.o
 .bss.lookup_gpioc
                0x200008fc      0x400 lcd.o
 .bss.buf.9782  0x20000cfc      0x100 lcd.o
 *(COMMON)
 COMMON         0x20000dfc      0x678 Application\User\Core\main.o
                0x20000dfc                t
                0x20000e04                t_in_timer
                0x20000e0c                ts_p
                0x20000e14                menu_vals
                0x20000e18                hspi2
                0x20000e7c                huart3
                0x20000f00                hi2c2
                0x20000f4c                diff_in_use
                0x20000f50                htim3
                0x20000f9c                t_last
                0x20000fa4                temp_last
                0x20000fe8                i2c
                0x20000fec                max
                0x20000ff8                recive
                0x20001004                hrtc
                0x20001024                htim6
                0x20001070                t0
                0x20001078                diff
                0x20001080                diff_vals
                0x20001088                htim2
                0x200010d4                cr_screen
                0x20001268                diff_menu
                0x2000126e                obieg_cnt
                0x20001270                htim7
                0x200012bc                btn
                0x20001450                diff_otp
 COMMON         0x20001474        0x4 Drivers\STM32F3xx_HAL_Driver\stm32f3xx_hal.o
                0x20001474                uwTick
 COMMON         0x20001478       0x20 Drivers\STM32F3xx_HAL_Driver\stm32f3xx_hal_flash.o
                0x20001478                pFlash
                0x20001498                . = ALIGN (0x4)
                0x20001498                _ebss = .
                0x20001498                __bss_end__ = _ebss

._user_heap_stack
                0x20001498      0x600
                0x20001498                . = ALIGN (0x4)
                0x20001498                PROVIDE (end, .)
                [!provide]                PROVIDE (_end, .)
                0x20001698                . = (. + _Min_Heap_Size)
 *fill*         0x20001498      0x200 
                0x20001a98                . = (. + _Min_Stack_Size)
 *fill*         0x20001698      0x400 
                0x20001a98                . = ALIGN (0x4)

/DISCARD/
 libc.a(*)
 libm.a(*)
 libgcc.a(*)

.ARM.attributes
                0x00000000       0x30
 *(.ARM.attributes)
 .ARM.attributes
                0x00000000       0x22 c:/program files (x86)/atollic/truestudio for stm32 9.3.0/armtools/bin/../lib/gcc/arm-atollic-eabi/6.3.1/armv7e-m/fpu/crti.o
 .ARM.attributes
                0x00000022       0x34 c:/program files (x86)/atollic/truestudio for stm32 9.3.0/armtools/bin/../lib/gcc/arm-atollic-eabi/6.3.1/armv7e-m/fpu/crtbegin.o
 .ARM.attributes
                0x00000056       0x21 Application\TrueSTUDIO\startup_stm32f303xc.o
 .ARM.attributes
                0x00000077       0x39 Application\User\Core\main.o
 .ARM.attributes
                0x000000b0       0x39 Application\User\Core\stm32f3xx_hal_msp.o
 .ARM.attributes
                0x000000e9       0x39 Application\User\Core\stm32f3xx_it.o
 .ARM.attributes
                0x00000122       0x39 Drivers\CMSIS\system_stm32f3xx.o
 .ARM.attributes
                0x0000015b       0x39 Drivers\STM32F3xx_HAL_Driver\stm32f3xx_hal.o
 .ARM.attributes
                0x00000194       0x39 Drivers\STM32F3xx_HAL_Driver\stm32f3xx_hal_cortex.o
 .ARM.attributes
                0x000001cd       0x39 Drivers\STM32F3xx_HAL_Driver\stm32f3xx_hal_flash.o
 .ARM.attributes
                0x00000206       0x39 Drivers\STM32F3xx_HAL_Driver\stm32f3xx_hal_flash_ex.o
 .ARM.attributes
                0x0000023f       0x39 Drivers\STM32F3xx_HAL_Driver\stm32f3xx_hal_gpio.o
 .ARM.attributes
                0x00000278       0x39 Drivers\STM32F3xx_HAL_Driver\stm32f3xx_hal_i2c.o
 .ARM.attributes
                0x000002b1       0x39 Drivers\STM32F3xx_HAL_Driver\stm32f3xx_hal_i2c_ex.o
 .ARM.attributes
                0x000002ea       0x39 Drivers\STM32F3xx_HAL_Driver\stm32f3xx_hal_pwr.o
 .ARM.attributes
                0x00000323       0x39 Drivers\STM32F3xx_HAL_Driver\stm32f3xx_hal_rcc.o
 .ARM.attributes
                0x0000035c       0x39 Drivers\STM32F3xx_HAL_Driver\stm32f3xx_hal_rcc_ex.o
 .ARM.attributes
                0x00000395       0x39 Drivers\STM32F3xx_HAL_Driver\stm32f3xx_hal_rtc.o
 .ARM.attributes
                0x000003ce       0x39 Drivers\STM32F3xx_HAL_Driver\stm32f3xx_hal_spi.o
 .ARM.attributes
                0x00000407       0x39 Drivers\STM32F3xx_HAL_Driver\stm32f3xx_hal_tim.o
 .ARM.attributes
                0x00000440       0x39 Drivers\STM32F3xx_HAL_Driver\stm32f3xx_hal_tim_ex.o
 .ARM.attributes
                0x00000479       0x39 Drivers\STM32F3xx_HAL_Driver\stm32f3xx_hal_uart.o
 .ARM.attributes
                0x000004b2       0x39 Flash.o
 .ARM.attributes
                0x000004eb       0x39 Fonts\font12.o
 .ARM.attributes
                0x00000524       0x39 MAX31865_v1.o
 .ARM.attributes
                0x0000055d       0x39 TC74A0.o
 .ARM.attributes
                0x00000596       0x39 disp_irq.o
 .ARM.attributes
                0x000005cf       0x39 lcd.o
 .ARM.attributes
                0x00000608       0x39 printf\printf.o
 .ARM.attributes
                0x00000641       0x39 touch.o
 .ARM.attributes
                0x0000067a       0x34 c:/program files (x86)/atollic/truestudio for stm32 9.3.0/armtools/bin/../lib/gcc/arm-atollic-eabi/6.3.1/../../../../arm-atollic-eabi/lib/armv7e-m/fpu\libc_nano.a(lib_a-errno.o)
 .ARM.attributes
                0x000006ae       0x34 c:/program files (x86)/atollic/truestudio for stm32 9.3.0/armtools/bin/../lib/gcc/arm-atollic-eabi/6.3.1/../../../../arm-atollic-eabi/lib/armv7e-m/fpu\libc_nano.a(lib_a-impure.o)
 .ARM.attributes
                0x000006e2       0x34 c:/program files (x86)/atollic/truestudio for stm32 9.3.0/armtools/bin/../lib/gcc/arm-atollic-eabi/6.3.1/../../../../arm-atollic-eabi/lib/armv7e-m/fpu\libc_nano.a(lib_a-init.o)
 .ARM.attributes
                0x00000716       0x34 c:/program files (x86)/atollic/truestudio for stm32 9.3.0/armtools/bin/../lib/gcc/arm-atollic-eabi/6.3.1/../../../../arm-atollic-eabi/lib/armv7e-m/fpu\libc_nano.a(lib_a-memcpy-stub.o)
 .ARM.attributes
                0x0000074a       0x34 c:/program files (x86)/atollic/truestudio for stm32 9.3.0/armtools/bin/../lib/gcc/arm-atollic-eabi/6.3.1/../../../../arm-atollic-eabi/lib/armv7e-m/fpu\libc_nano.a(lib_a-memset.o)
 .ARM.attributes
                0x0000077e       0x34 c:/program files (x86)/atollic/truestudio for stm32 9.3.0/armtools/bin/../lib/gcc/arm-atollic-eabi/6.3.1/../../../../arm-atollic-eabi/lib/armv7e-m/fpu\libm.a(lib_a-w_sqrt.o)
 .ARM.attributes
                0x000007b2       0x34 c:/program files (x86)/atollic/truestudio for stm32 9.3.0/armtools/bin/../lib/gcc/arm-atollic-eabi/6.3.1/../../../../arm-atollic-eabi/lib/armv7e-m/fpu\libm.a(lib_a-e_sqrt.o)
 .ARM.attributes
                0x000007e6       0x34 c:/program files (x86)/atollic/truestudio for stm32 9.3.0/armtools/bin/../lib/gcc/arm-atollic-eabi/6.3.1/../../../../arm-atollic-eabi/lib/armv7e-m/fpu\libm.a(lib_a-s_lib_ver.o)
 .ARM.attributes
                0x0000081a       0x34 c:/program files (x86)/atollic/truestudio for stm32 9.3.0/armtools/bin/../lib/gcc/arm-atollic-eabi/6.3.1/../../../../arm-atollic-eabi/lib/armv7e-m/fpu\libm.a(lib_a-s_matherr.o)
 .ARM.attributes
                0x0000084e       0x22 c:/program files (x86)/atollic/truestudio for stm32 9.3.0/armtools/bin/../lib/gcc/arm-atollic-eabi/6.3.1/armv7e-m/fpu\libgcc.a(_arm_addsubdf3.o)
 .ARM.attributes
                0x00000870       0x22 c:/program files (x86)/atollic/truestudio for stm32 9.3.0/armtools/bin/../lib/gcc/arm-atollic-eabi/6.3.1/armv7e-m/fpu\libgcc.a(_arm_muldivdf3.o)
 .ARM.attributes
                0x00000892       0x22 c:/program files (x86)/atollic/truestudio for stm32 9.3.0/armtools/bin/../lib/gcc/arm-atollic-eabi/6.3.1/armv7e-m/fpu\libgcc.a(_arm_cmpdf2.o)
 .ARM.attributes
                0x000008b4       0x22 c:/program files (x86)/atollic/truestudio for stm32 9.3.0/armtools/bin/../lib/gcc/arm-atollic-eabi/6.3.1/armv7e-m/fpu\libgcc.a(_arm_unorddf2.o)
 .ARM.attributes
                0x000008d6       0x22 c:/program files (x86)/atollic/truestudio for stm32 9.3.0/armtools/bin/../lib/gcc/arm-atollic-eabi/6.3.1/armv7e-m/fpu\libgcc.a(_arm_fixdfsi.o)
 .ARM.attributes
                0x000008f8       0x22 c:/program files (x86)/atollic/truestudio for stm32 9.3.0/armtools/bin/../lib/gcc/arm-atollic-eabi/6.3.1/armv7e-m/fpu\libgcc.a(_arm_fixunsdfsi.o)
 .ARM.attributes
                0x0000091a       0x22 c:/program files (x86)/atollic/truestudio for stm32 9.3.0/armtools/bin/../lib/gcc/arm-atollic-eabi/6.3.1/armv7e-m/fpu\libgcc.a(_arm_truncdfsf2.o)
 .ARM.attributes
                0x0000093c       0x22 c:/program files (x86)/atollic/truestudio for stm32 9.3.0/armtools/bin/../lib/gcc/arm-atollic-eabi/6.3.1/armv7e-m/fpu\libgcc.a(_aeabi_uldivmod.o)
 .ARM.attributes
                0x0000095e       0x34 c:/program files (x86)/atollic/truestudio for stm32 9.3.0/armtools/bin/../lib/gcc/arm-atollic-eabi/6.3.1/armv7e-m/fpu\libgcc.a(_udivmoddi4.o)
 .ARM.attributes
                0x00000992       0x22 c:/program files (x86)/atollic/truestudio for stm32 9.3.0/armtools/bin/../lib/gcc/arm-atollic-eabi/6.3.1/armv7e-m/fpu\libgcc.a(_dvmd_tls.o)
 .ARM.attributes
                0x000009b4       0x22 c:/program files (x86)/atollic/truestudio for stm32 9.3.0/armtools/bin/../lib/gcc/arm-atollic-eabi/6.3.1/armv7e-m/fpu/crtn.o
OUTPUT(Sterownik_temp.elf elf32-littlearm)

.debug_line     0x00000000     0xe23a
 .debug_line    0x00000000       0x7c Application\TrueSTUDIO\startup_stm32f303xc.o
 .debug_line    0x0000007c      0x7b5 Application\User\Core\main.o
 .debug_line    0x00000831      0x43f Application\User\Core\stm32f3xx_hal_msp.o
 .debug_line    0x00000c70      0x301 Application\User\Core\stm32f3xx_it.o
 .debug_line    0x00000f71      0x229 Drivers\CMSIS\system_stm32f3xx.o
 .debug_line    0x0000119a      0x3fe Drivers\STM32F3xx_HAL_Driver\stm32f3xx_hal.o
 .debug_line    0x00001598      0x552 Drivers\STM32F3xx_HAL_Driver\stm32f3xx_hal_cortex.o
 .debug_line    0x00001aea      0x40b Drivers\STM32F3xx_HAL_Driver\stm32f3xx_hal_flash.o
 .debug_line    0x00001ef5      0x4ce Drivers\STM32F3xx_HAL_Driver\stm32f3xx_hal_flash_ex.o
 .debug_line    0x000023c3      0x3b8 Drivers\STM32F3xx_HAL_Driver\stm32f3xx_hal_gpio.o
 .debug_line    0x0000277b     0x1683 Drivers\STM32F3xx_HAL_Driver\stm32f3xx_hal_i2c.o
 .debug_line    0x00003dfe      0x395 Drivers\STM32F3xx_HAL_Driver\stm32f3xx_hal_i2c_ex.o
 .debug_line    0x00004193      0x2f5 Drivers\STM32F3xx_HAL_Driver\stm32f3xx_hal_pwr.o
 .debug_line    0x00004488      0x9c3 Drivers\STM32F3xx_HAL_Driver\stm32f3xx_hal_rcc.o
 .debug_line    0x00004e4b      0x529 Drivers\STM32F3xx_HAL_Driver\stm32f3xx_hal_rcc_ex.o
 .debug_line    0x00005374      0x64a Drivers\STM32F3xx_HAL_Driver\stm32f3xx_hal_rtc.o
 .debug_line    0x000059be      0xd11 Drivers\STM32F3xx_HAL_Driver\stm32f3xx_hal_spi.o
 .debug_line    0x000066cf     0x22a5 Drivers\STM32F3xx_HAL_Driver\stm32f3xx_hal_tim.o
 .debug_line    0x00008974      0xe78 Drivers\STM32F3xx_HAL_Driver\stm32f3xx_hal_tim_ex.o
 .debug_line    0x000097ec     0x1eab Drivers\STM32F3xx_HAL_Driver\stm32f3xx_hal_uart.o
 .debug_line    0x0000b697      0x441 Flash.o
 .debug_line    0x0000bad8      0x122 Fonts\font12.o
 .debug_line    0x0000bbfa      0x3a5 MAX31865_v1.o
 .debug_line    0x0000bf9f      0x35d TC74A0.o
 .debug_line    0x0000c2fc      0x823 disp_irq.o
 .debug_line    0x0000cb1f      0xace lcd.o
 .debug_line    0x0000d5ed      0x749 printf\printf.o
 .debug_line    0x0000dd36      0x504 touch.o

.debug_info     0x00000000    0x1fd14
 .debug_info    0x00000000       0x80 Application\TrueSTUDIO\startup_stm32f303xc.o
 .debug_info    0x00000080     0x2767 Application\User\Core\main.o
 .debug_info    0x000027e7     0x19e7 Application\User\Core\stm32f3xx_hal_msp.o
 .debug_info    0x000041ce      0x7a6 Application\User\Core\stm32f3xx_it.o
 .debug_info    0x00004974      0x45e Drivers\CMSIS\system_stm32f3xx.o
 .debug_info    0x00004dd2      0x7e2 Drivers\STM32F3xx_HAL_Driver\stm32f3xx_hal.o
 .debug_info    0x000055b4      0xd99 Drivers\STM32F3xx_HAL_Driver\stm32f3xx_hal_cortex.o
 .debug_info    0x0000634d      0x5a4 Drivers\STM32F3xx_HAL_Driver\stm32f3xx_hal_flash.o
 .debug_info    0x000068f1      0x89b Drivers\STM32F3xx_HAL_Driver\stm32f3xx_hal_flash_ex.o
 .debug_info    0x0000718c      0x70b Drivers\STM32F3xx_HAL_Driver\stm32f3xx_hal_gpio.o
 .debug_info    0x00007897     0x1fe1 Drivers\STM32F3xx_HAL_Driver\stm32f3xx_hal_i2c.o
 .debug_info    0x00009878      0x8db Drivers\STM32F3xx_HAL_Driver\stm32f3xx_hal_i2c_ex.o
 .debug_info    0x0000a153      0x557 Drivers\STM32F3xx_HAL_Driver\stm32f3xx_hal_pwr.o
 .debug_info    0x0000a6aa     0x180e Drivers\STM32F3xx_HAL_Driver\stm32f3xx_hal_rcc.o
 .debug_info    0x0000beb8      0x6ac Drivers\STM32F3xx_HAL_Driver\stm32f3xx_hal_rcc_ex.o
 .debug_info    0x0000c564      0xcb4 Drivers\STM32F3xx_HAL_Driver\stm32f3xx_hal_rtc.o
 .debug_info    0x0000d218     0x16a5 Drivers\STM32F3xx_HAL_Driver\stm32f3xx_hal_spi.o
 .debug_info    0x0000e8bd     0x2a73 Drivers\STM32F3xx_HAL_Driver\stm32f3xx_hal_tim.o
 .debug_info    0x00011330     0x14fa Drivers\STM32F3xx_HAL_Driver\stm32f3xx_hal_tim_ex.o
 .debug_info    0x0001282a     0x3eeb Drivers\STM32F3xx_HAL_Driver\stm32f3xx_hal_uart.o
 .debug_info    0x00016715     0x196b Flash.o
 .debug_info    0x00018080      0x11a Fonts\font12.o
 .debug_info    0x0001819a     0x10e1 MAX31865_v1.o
 .debug_info    0x0001927b      0xf8c TC74A0.o
 .debug_info    0x0001a207     0x1c00 disp_irq.o
 .debug_info    0x0001be07     0x1be5 lcd.o
 .debug_info    0x0001d9ec      0xd8a printf\printf.o
 .debug_info    0x0001e776     0x159e touch.o

.debug_abbrev   0x00000000     0x3981
 .debug_abbrev  0x00000000       0x12 Application\TrueSTUDIO\startup_stm32f303xc.o
 .debug_abbrev  0x00000012      0x304 Application\User\Core\main.o
 .debug_abbrev  0x00000316      0x24a Application\User\Core\stm32f3xx_hal_msp.o
 .debug_abbrev  0x00000560      0x153 Application\User\Core\stm32f3xx_it.o
 .debug_abbrev  0x000006b3      0x126 Drivers\CMSIS\system_stm32f3xx.o
 .debug_abbrev  0x000007d9      0x1c2 Drivers\STM32F3xx_HAL_Driver\stm32f3xx_hal.o
 .debug_abbrev  0x0000099b      0x2f5 Drivers\STM32F3xx_HAL_Driver\stm32f3xx_hal_cortex.o
 .debug_abbrev  0x00000c90      0x229 Drivers\STM32F3xx_HAL_Driver\stm32f3xx_hal_flash.o
 .debug_abbrev  0x00000eb9      0x27a Drivers\STM32F3xx_HAL_Driver\stm32f3xx_hal_flash_ex.o
 .debug_abbrev  0x00001133      0x1bb Drivers\STM32F3xx_HAL_Driver\stm32f3xx_hal_gpio.o
 .debug_abbrev  0x000012ee      0x225 Drivers\STM32F3xx_HAL_Driver\stm32f3xx_hal_i2c.o
 .debug_abbrev  0x00001513      0x1b4 Drivers\STM32F3xx_HAL_Driver\stm32f3xx_hal_i2c_ex.o
 .debug_abbrev  0x000016c7      0x15a Drivers\STM32F3xx_HAL_Driver\stm32f3xx_hal_pwr.o
 .debug_abbrev  0x00001821      0x287 Drivers\STM32F3xx_HAL_Driver\stm32f3xx_hal_rcc.o
 .debug_abbrev  0x00001aa8      0x214 Drivers\STM32F3xx_HAL_Driver\stm32f3xx_hal_rcc_ex.o
 .debug_abbrev  0x00001cbc      0x1aa Drivers\STM32F3xx_HAL_Driver\stm32f3xx_hal_rtc.o
 .debug_abbrev  0x00001e66      0x223 Drivers\STM32F3xx_HAL_Driver\stm32f3xx_hal_spi.o
 .debug_abbrev  0x00002089      0x229 Drivers\STM32F3xx_HAL_Driver\stm32f3xx_hal_tim.o
 .debug_abbrev  0x000022b2      0x22f Drivers\STM32F3xx_HAL_Driver\stm32f3xx_hal_tim_ex.o
 .debug_abbrev  0x000024e1      0x27a Drivers\STM32F3xx_HAL_Driver\stm32f3xx_hal_uart.o
 .debug_abbrev  0x0000275b      0x258 Flash.o
 .debug_abbrev  0x000029b3       0xa0 Fonts\font12.o
 .debug_abbrev  0x00002a53      0x247 MAX31865_v1.o
 .debug_abbrev  0x00002c9a      0x21e TC74A0.o
 .debug_abbrev  0x00002eb8      0x319 disp_irq.o
 .debug_abbrev  0x000031d1      0x30c lcd.o
 .debug_abbrev  0x000034dd      0x203 printf\printf.o
 .debug_abbrev  0x000036e0      0x2a1 touch.o

.debug_aranges  0x00000000     0x1770
 .debug_aranges
                0x00000000       0x28 Application\TrueSTUDIO\startup_stm32f303xc.o
 .debug_aranges
                0x00000028       0x98 Application\User\Core\main.o
 .debug_aranges
                0x000000c0       0x88 Application\User\Core\stm32f3xx_hal_msp.o
 .debug_aranges
                0x00000148       0x70 Application\User\Core\stm32f3xx_it.o
 .debug_aranges
                0x000001b8       0x28 Drivers\CMSIS\system_stm32f3xx.o
 .debug_aranges
                0x000001e0       0xe0 Drivers\STM32F3xx_HAL_Driver\stm32f3xx_hal.o
 .debug_aranges
                0x000002c0      0x118 Drivers\STM32F3xx_HAL_Driver\stm32f3xx_hal_cortex.o
 .debug_aranges
                0x000003d8       0x88 Drivers\STM32F3xx_HAL_Driver\stm32f3xx_hal_flash.o
 .debug_aranges
                0x00000460       0x98 Drivers\STM32F3xx_HAL_Driver\stm32f3xx_hal_flash_ex.o
 .debug_aranges
                0x000004f8       0x58 Drivers\STM32F3xx_HAL_Driver\stm32f3xx_hal_gpio.o
 .debug_aranges
                0x00000550      0x290 Drivers\STM32F3xx_HAL_Driver\stm32f3xx_hal_i2c.o
 .debug_aranges
                0x000007e0       0x48 Drivers\STM32F3xx_HAL_Driver\stm32f3xx_hal_i2c_ex.o
 .debug_aranges
                0x00000828       0x78 Drivers\STM32F3xx_HAL_Driver\stm32f3xx_hal_pwr.o
 .debug_aranges
                0x000008a0       0x88 Drivers\STM32F3xx_HAL_Driver\stm32f3xx_hal_rcc.o
 .debug_aranges
                0x00000928       0x38 Drivers\STM32F3xx_HAL_Driver\stm32f3xx_hal_rcc_ex.o
 .debug_aranges
                0x00000960       0xe0 Drivers\STM32F3xx_HAL_Driver\stm32f3xx_hal_rtc.o
 .debug_aranges
                0x00000a40      0x1d8 Drivers\STM32F3xx_HAL_Driver\stm32f3xx_hal_spi.o
 .debug_aranges
                0x00000c18      0x3e0 Drivers\STM32F3xx_HAL_Driver\stm32f3xx_hal_tim.o
 .debug_aranges
                0x00000ff8      0x178 Drivers\STM32F3xx_HAL_Driver\stm32f3xx_hal_tim_ex.o
 .debug_aranges
                0x00001170      0x228 Drivers\STM32F3xx_HAL_Driver\stm32f3xx_hal_uart.o
 .debug_aranges
                0x00001398       0x38 Flash.o
 .debug_aranges
                0x000013d0       0x18 Fonts\font12.o
 .debug_aranges
                0x000013e8       0x30 MAX31865_v1.o
 .debug_aranges
                0x00001418       0x28 TC74A0.o
 .debug_aranges
                0x00001440       0x90 disp_irq.o
 .debug_aranges
                0x000014d0      0x158 lcd.o
 .debug_aranges
                0x00001628       0xc0 printf\printf.o
 .debug_aranges
                0x000016e8       0x88 touch.o

.debug_ranges   0x00000000     0x1738
 .debug_ranges  0x00000000       0x20 Application\TrueSTUDIO\startup_stm32f303xc.o
 .debug_ranges  0x00000020       0xa0 Application\User\Core\main.o
 .debug_ranges  0x000000c0       0x78 Application\User\Core\stm32f3xx_hal_msp.o
 .debug_ranges  0x00000138       0x60 Application\User\Core\stm32f3xx_it.o
 .debug_ranges  0x00000198       0x18 Drivers\CMSIS\system_stm32f3xx.o
 .debug_ranges  0x000001b0       0xd0 Drivers\STM32F3xx_HAL_Driver\stm32f3xx_hal.o
 .debug_ranges  0x00000280      0x108 Drivers\STM32F3xx_HAL_Driver\stm32f3xx_hal_cortex.o
 .debug_ranges  0x00000388       0x78 Drivers\STM32F3xx_HAL_Driver\stm32f3xx_hal_flash.o
 .debug_ranges  0x00000400       0x88 Drivers\STM32F3xx_HAL_Driver\stm32f3xx_hal_flash_ex.o
 .debug_ranges  0x00000488       0x48 Drivers\STM32F3xx_HAL_Driver\stm32f3xx_hal_gpio.o
 .debug_ranges  0x000004d0      0x280 Drivers\STM32F3xx_HAL_Driver\stm32f3xx_hal_i2c.o
 .debug_ranges  0x00000750       0x38 Drivers\STM32F3xx_HAL_Driver\stm32f3xx_hal_i2c_ex.o
 .debug_ranges  0x00000788       0x68 Drivers\STM32F3xx_HAL_Driver\stm32f3xx_hal_pwr.o
 .debug_ranges  0x000007f0       0x78 Drivers\STM32F3xx_HAL_Driver\stm32f3xx_hal_rcc.o
 .debug_ranges  0x00000868       0x28 Drivers\STM32F3xx_HAL_Driver\stm32f3xx_hal_rcc_ex.o
 .debug_ranges  0x00000890       0xd0 Drivers\STM32F3xx_HAL_Driver\stm32f3xx_hal_rtc.o
 .debug_ranges  0x00000960      0x1c8 Drivers\STM32F3xx_HAL_Driver\stm32f3xx_hal_spi.o
 .debug_ranges  0x00000b28      0x3d0 Drivers\STM32F3xx_HAL_Driver\stm32f3xx_hal_tim.o
 .debug_ranges  0x00000ef8      0x168 Drivers\STM32F3xx_HAL_Driver\stm32f3xx_hal_tim_ex.o
 .debug_ranges  0x00001060      0x248 Drivers\STM32F3xx_HAL_Driver\stm32f3xx_hal_uart.o
 .debug_ranges  0x000012a8       0x28 Flash.o
 .debug_ranges  0x000012d0       0x20 MAX31865_v1.o
 .debug_ranges  0x000012f0       0x18 TC74A0.o
 .debug_ranges  0x00001308       0x80 disp_irq.o
 .debug_ranges  0x00001388      0x288 lcd.o
 .debug_ranges  0x00001610       0xb0 printf\printf.o
 .debug_ranges  0x000016c0       0x78 touch.o

.debug_str      0x00000000     0x6955
 .debug_str     0x00000000     0x19a7 Application\User\Core\main.o
                               0x1ba6 (size before relaxing)
 .debug_str     0x000019a7      0x591 Application\User\Core\stm32f3xx_hal_msp.o
                               0x1627 (size before relaxing)
 .debug_str     0x00001f38       0xd5 Application\User\Core\stm32f3xx_it.o
                                0x865 (size before relaxing)
 .debug_str     0x0000200d       0xb9 Drivers\CMSIS\system_stm32f3xx.o
                                0x3a4 (size before relaxing)
 .debug_str     0x000020c6      0x26a Drivers\STM32F3xx_HAL_Driver\stm32f3xx_hal.o
                                0x9e2 (size before relaxing)
 .debug_str     0x00002330      0x4b7 Drivers\STM32F3xx_HAL_Driver\stm32f3xx_hal_cortex.o
                                0xc4e (size before relaxing)
 .debug_str     0x000027e7      0x286 Drivers\STM32F3xx_HAL_Driver\stm32f3xx_hal_flash.o
                                0x601 (size before relaxing)
 .debug_str     0x00002a6d      0x2b4 Drivers\STM32F3xx_HAL_Driver\stm32f3xx_hal_flash_ex.o
                                0x72a (size before relaxing)
 .debug_str     0x00002d21      0x164 Drivers\STM32F3xx_HAL_Driver\stm32f3xx_hal_gpio.o
                                0x53d (size before relaxing)
 .debug_str     0x00002e85      0x885 Drivers\STM32F3xx_HAL_Driver\stm32f3xx_hal_i2c.o
                               0x103f (size before relaxing)
 .debug_str     0x0000370a       0xf9 Drivers\STM32F3xx_HAL_Driver\stm32f3xx_hal_i2c_ex.o
                                0x8db (size before relaxing)
 .debug_str     0x00003803      0x193 Drivers\STM32F3xx_HAL_Driver\stm32f3xx_hal_pwr.o
                                0x4d9 (size before relaxing)
 .debug_str     0x00003996      0x1e4 Drivers\STM32F3xx_HAL_Driver\stm32f3xx_hal_rcc.o
                                0x71a (size before relaxing)
 .debug_str     0x00003b7a       0xde Drivers\STM32F3xx_HAL_Driver\stm32f3xx_hal_rcc_ex.o
                                0x5d6 (size before relaxing)
 .debug_str     0x00003c58      0x29d Drivers\STM32F3xx_HAL_Driver\stm32f3xx_hal_rtc.o
                                0x89a (size before relaxing)
 .debug_str     0x00003ef5      0x56c Drivers\STM32F3xx_HAL_Driver\stm32f3xx_hal_spi.o
                                0xc91 (size before relaxing)
 .debug_str     0x00004461      0xe2f Drivers\STM32F3xx_HAL_Driver\stm32f3xx_hal_tim.o
                               0x1767 (size before relaxing)
 .debug_str     0x00005290      0x5e3 Drivers\STM32F3xx_HAL_Driver\stm32f3xx_hal_tim_ex.o
                                0xf6b (size before relaxing)
 .debug_str     0x00005873      0x768 Drivers\STM32F3xx_HAL_Driver\stm32f3xx_hal_uart.o
                                0xf2a (size before relaxing)
 .debug_str     0x00005fdb       0xc1 Flash.o
                               0x1192 (size before relaxing)
 .debug_str     0x0000609c       0x3a Fonts\font12.o
                                0x1f6 (size before relaxing)
 .debug_str     0x000060d6       0xca MAX31865_v1.o
                                0xbca (size before relaxing)
 .debug_str     0x000061a0       0x30 TC74A0.o
                                0xc1e (size before relaxing)
 .debug_str     0x000061d0       0xfa disp_irq.o
                               0x11b4 (size before relaxing)
 .debug_str     0x000062ca      0x3e1 lcd.o
                                0xbe9 (size before relaxing)
 .debug_str     0x000066ab      0x173 printf\printf.o
                                0x3bc (size before relaxing)
 .debug_str     0x0000681e      0x137 touch.o
                                0xc3a (size before relaxing)

.comment        0x00000000       0x7c
 .comment       0x00000000       0x7c Application\User\Core\main.o
                                 0x7d (size before relaxing)
 .comment       0x0000007c       0x7d Application\User\Core\stm32f3xx_hal_msp.o
 .comment       0x0000007c       0x7d Application\User\Core\stm32f3xx_it.o
 .comment       0x0000007c       0x7d Drivers\CMSIS\system_stm32f3xx.o
 .comment       0x0000007c       0x7d Drivers\STM32F3xx_HAL_Driver\stm32f3xx_hal.o
 .comment       0x0000007c       0x7d Drivers\STM32F3xx_HAL_Driver\stm32f3xx_hal_cortex.o
 .comment       0x0000007c       0x7d Drivers\STM32F3xx_HAL_Driver\stm32f3xx_hal_flash.o
 .comment       0x0000007c       0x7d Drivers\STM32F3xx_HAL_Driver\stm32f3xx_hal_flash_ex.o
 .comment       0x0000007c       0x7d Drivers\STM32F3xx_HAL_Driver\stm32f3xx_hal_gpio.o
 .comment       0x0000007c       0x7d Drivers\STM32F3xx_HAL_Driver\stm32f3xx_hal_i2c.o
 .comment       0x0000007c       0x7d Drivers\STM32F3xx_HAL_Driver\stm32f3xx_hal_i2c_ex.o
 .comment       0x0000007c       0x7d Drivers\STM32F3xx_HAL_Driver\stm32f3xx_hal_pwr.o
 .comment       0x0000007c       0x7d Drivers\STM32F3xx_HAL_Driver\stm32f3xx_hal_rcc.o
 .comment       0x0000007c       0x7d Drivers\STM32F3xx_HAL_Driver\stm32f3xx_hal_rcc_ex.o
 .comment       0x0000007c       0x7d Drivers\STM32F3xx_HAL_Driver\stm32f3xx_hal_rtc.o
 .comment       0x0000007c       0x7d Drivers\STM32F3xx_HAL_Driver\stm32f3xx_hal_spi.o
 .comment       0x0000007c       0x7d Drivers\STM32F3xx_HAL_Driver\stm32f3xx_hal_tim.o
 .comment       0x0000007c       0x7d Drivers\STM32F3xx_HAL_Driver\stm32f3xx_hal_tim_ex.o
 .comment       0x0000007c       0x7d Drivers\STM32F3xx_HAL_Driver\stm32f3xx_hal_uart.o
 .comment       0x0000007c       0x7d Flash.o
 .comment       0x0000007c       0x7d Fonts\font12.o
 .comment       0x0000007c       0x7d MAX31865_v1.o
 .comment       0x0000007c       0x7d TC74A0.o
 .comment       0x0000007c       0x7d disp_irq.o
 .comment       0x0000007c       0x7d lcd.o
 .comment       0x0000007c       0x7d printf\printf.o
 .comment       0x0000007c       0x7d touch.o

.debug_frame    0x00000000     0x6704
 .debug_frame   0x00000000      0x240 Application\User\Core\main.o
 .debug_frame   0x00000240      0x21c Application\User\Core\stm32f3xx_hal_msp.o
 .debug_frame   0x0000045c      0x13c Application\User\Core\stm32f3xx_it.o
 .debug_frame   0x00000598       0x58 Drivers\CMSIS\system_stm32f3xx.o
 .debug_frame   0x000005f0      0x334 Drivers\STM32F3xx_HAL_Driver\stm32f3xx_hal.o
 .debug_frame   0x00000924      0x498 Drivers\STM32F3xx_HAL_Driver\stm32f3xx_hal_cortex.o
 .debug_frame   0x00000dbc      0x214 Drivers\STM32F3xx_HAL_Driver\stm32f3xx_hal_flash.o
 .debug_frame   0x00000fd0      0x258 Drivers\STM32F3xx_HAL_Driver\stm32f3xx_hal_flash_ex.o
 .debug_frame   0x00001228      0x14c Drivers\STM32F3xx_HAL_Driver\stm32f3xx_hal_gpio.o
 .debug_frame   0x00001374      0xbe4 Drivers\STM32F3xx_HAL_Driver\stm32f3xx_hal_i2c.o
 .debug_frame   0x00001f58      0x100 Drivers\STM32F3xx_HAL_Driver\stm32f3xx_hal_i2c_ex.o
 .debug_frame   0x00002058      0x1b0 Drivers\STM32F3xx_HAL_Driver\stm32f3xx_hal_pwr.o
 .debug_frame   0x00002208      0x214 Drivers\STM32F3xx_HAL_Driver\stm32f3xx_hal_rcc.o
 .debug_frame   0x0000241c       0xb4 Drivers\STM32F3xx_HAL_Driver\stm32f3xx_hal_rcc_ex.o
 .debug_frame   0x000024d0      0x3d0 Drivers\STM32F3xx_HAL_Driver\stm32f3xx_hal_rtc.o
 .debug_frame   0x000028a0      0x860 Drivers\STM32F3xx_HAL_Driver\stm32f3xx_hal_spi.o
 .debug_frame   0x00003100     0x121c Drivers\STM32F3xx_HAL_Driver\stm32f3xx_hal_tim.o
 .debug_frame   0x0000431c      0x688 Drivers\STM32F3xx_HAL_Driver\stm32f3xx_hal_tim_ex.o
 .debug_frame   0x000049a4      0x9e8 Drivers\STM32F3xx_HAL_Driver\stm32f3xx_hal_uart.o
 .debug_frame   0x0000538c       0xa8 Flash.o
 .debug_frame   0x00005434       0x84 MAX31865_v1.o
 .debug_frame   0x000054b8       0x5c TC74A0.o
 .debug_frame   0x00005514      0x26c disp_irq.o
 .debug_frame   0x00005780      0x5ac lcd.o
 .debug_frame   0x00005d2c      0x39c printf\printf.o
 .debug_frame   0x000060c8      0x260 touch.o
 .debug_frame   0x00006328       0x20 c:/program files (x86)/atollic/truestudio for stm32 9.3.0/armtools/bin/../lib/gcc/arm-atollic-eabi/6.3.1/../../../../arm-atollic-eabi/lib/armv7e-m/fpu\libc_nano.a(lib_a-errno.o)
 .debug_frame   0x00006348       0x2c c:/program files (x86)/atollic/truestudio for stm32 9.3.0/armtools/bin/../lib/gcc/arm-atollic-eabi/6.3.1/../../../../arm-atollic-eabi/lib/armv7e-m/fpu\libc_nano.a(lib_a-init.o)
 .debug_frame   0x00006374       0x28 c:/program files (x86)/atollic/truestudio for stm32 9.3.0/armtools/bin/../lib/gcc/arm-atollic-eabi/6.3.1/../../../../arm-atollic-eabi/lib/armv7e-m/fpu\libc_nano.a(lib_a-memcpy-stub.o)
 .debug_frame   0x0000639c       0x20 c:/program files (x86)/atollic/truestudio for stm32 9.3.0/armtools/bin/../lib/gcc/arm-atollic-eabi/6.3.1/../../../../arm-atollic-eabi/lib/armv7e-m/fpu\libc_nano.a(lib_a-memset.o)
 .debug_frame   0x000063bc       0x4c c:/program files (x86)/atollic/truestudio for stm32 9.3.0/armtools/bin/../lib/gcc/arm-atollic-eabi/6.3.1/../../../../arm-atollic-eabi/lib/armv7e-m/fpu\libm.a(lib_a-w_sqrt.o)
 .debug_frame   0x00006408       0x30 c:/program files (x86)/atollic/truestudio for stm32 9.3.0/armtools/bin/../lib/gcc/arm-atollic-eabi/6.3.1/../../../../arm-atollic-eabi/lib/armv7e-m/fpu\libm.a(lib_a-e_sqrt.o)
 .debug_frame   0x00006438       0x20 c:/program files (x86)/atollic/truestudio for stm32 9.3.0/armtools/bin/../lib/gcc/arm-atollic-eabi/6.3.1/../../../../arm-atollic-eabi/lib/armv7e-m/fpu\libm.a(lib_a-s_matherr.o)
 .debug_frame   0x00006458       0xac c:/program files (x86)/atollic/truestudio for stm32 9.3.0/armtools/bin/../lib/gcc/arm-atollic-eabi/6.3.1/armv7e-m/fpu\libgcc.a(_arm_addsubdf3.o)
 .debug_frame   0x00006504       0x50 c:/program files (x86)/atollic/truestudio for stm32 9.3.0/armtools/bin/../lib/gcc/arm-atollic-eabi/6.3.1/armv7e-m/fpu\libgcc.a(_arm_muldivdf3.o)
 .debug_frame   0x00006554       0xc4 c:/program files (x86)/atollic/truestudio for stm32 9.3.0/armtools/bin/../lib/gcc/arm-atollic-eabi/6.3.1/armv7e-m/fpu\libgcc.a(_arm_cmpdf2.o)
 .debug_frame   0x00006618       0x20 c:/program files (x86)/atollic/truestudio for stm32 9.3.0/armtools/bin/../lib/gcc/arm-atollic-eabi/6.3.1/armv7e-m/fpu\libgcc.a(_arm_unorddf2.o)
 .debug_frame   0x00006638       0x24 c:/program files (x86)/atollic/truestudio for stm32 9.3.0/armtools/bin/../lib/gcc/arm-atollic-eabi/6.3.1/armv7e-m/fpu\libgcc.a(_arm_fixdfsi.o)
 .debug_frame   0x0000665c       0x24 c:/program files (x86)/atollic/truestudio for stm32 9.3.0/armtools/bin/../lib/gcc/arm-atollic-eabi/6.3.1/armv7e-m/fpu\libgcc.a(_arm_fixunsdfsi.o)
 .debug_frame   0x00006680       0x24 c:/program files (x86)/atollic/truestudio for stm32 9.3.0/armtools/bin/../lib/gcc/arm-atollic-eabi/6.3.1/armv7e-m/fpu\libgcc.a(_arm_truncdfsf2.o)
 .debug_frame   0x000066a4       0x2c c:/program files (x86)/atollic/truestudio for stm32 9.3.0/armtools/bin/../lib/gcc/arm-atollic-eabi/6.3.1/armv7e-m/fpu\libgcc.a(_aeabi_uldivmod.o)
 .debug_frame   0x000066d0       0x34 c:/program files (x86)/atollic/truestudio for stm32 9.3.0/armtools/bin/../lib/gcc/arm-atollic-eabi/6.3.1/armv7e-m/fpu\libgcc.a(_udivmoddi4.o)
