lcd.c:859:6:LCD_Write8	16	static
lcd.c:941:20:LCD_Write8Register8	16	static
lcd.c:956:20:LCD_Write16Register8	16	static
lcd.c:989:20:LCD_Write32Register8	16	static
lcd.c:1062:13:LCD_GPIO_Init	48	static
lcd.c:1149:6:LCD_Init	40	static
lcd.c:1426:6:LCD_DrawPixel	24	static
lcd.c:1497:6:LCD_Flood	24	static
lcd.c:1558:6:LCD_FillScreen	8	static
lcd.c:1616:6:LCD_Reset	32	static
lcd.c:1647:6:LCD_SetAddrWindow	24	static
lcd.c:1767:6:LCD_SetRotation	16	static
lcd.c:1888:9:LCD_GetRotation	0	static
lcd.c:1900:6:LCD_DrawBMP	48	static
lcd.c:2183:6:LCD_DrawLine	48	static
lcd.c:2234:6:LCD_DrawFastHLine	24	static
lcd.c:2267:6:LCD_DrawFastVLine	24	static
lcd.c:2298:6:LCD_DrawRect	24	static
lcd.c:2316:6:LCD_FillRect	32	static
lcd.c:2355:6:LCD_DrawCircle	72	static
lcd.c:2399:6:LCD_DrawCircleHelper	56	static
lcd.c:2444:6:LCD_FillCircle	32	static
lcd.c:2461:6:LCD_FillCircleHelper	72	static
lcd.c:2502:6:LCD_DrawTriangle	40	static
lcd.c:2521:6:LCD_FillTriangle	72	static
lcd.c:2609:6:LCD_DrawRoundRect	64	static
lcd.c:2634:6:LCD_FillRoundRect	56	static
lcd.c:2653:10:LCD_Color565	0	static
lcd.c:2664:10:LCD_ColorHex	32	static
lcd.c:2717:6:LCD_DrawChar	80	static
lcd.c:2785:6:LCD_Printf	40	static
lcd.c:2843:6:LCD_SetCursor	0	static
lcd.c:2855:9:LCD_GetCursorX	0	static
lcd.c:2866:9:LCD_GetCursorY	0	static
lcd.c:2877:6:LCD_SetTextSize	0	static
lcd.c:2894:9:LCD_GetTextSize	0	static
lcd.c:2906:6:LCD_SetTextColor	0	static
lcd.c:2918:6:LCD_SetTextWrap	0	static
lcd.c:2929:6:LCD_SetTextScaled	0	static
