main.c:121:6:set_time	40	static
main.c:145:6:read_time	48	static
main.c:165:6:set_pwm_otp	16	static
main.c:215:6:HAL_TIM_PeriodElapsedCallback	144	static
main.c:391:5:main	536	static
main.c:536:6:SystemClock_Config	128	static
main.c:589:13:MX_I2C2_Init	8	static
main.c:635:13:MX_RTC_Init	32	static
main.c:699:13:MX_SPI2_Init	8	static
main.c:739:13:MX_TIM2_Init	48	static
main.c:788:13:MX_TIM3_Init	48	static
main.c:841:13:MX_TIM6_Init	24	static
main.c:879:13:MX_TIM7_Init	24	static
main.c:917:13:MX_USART3_UART_Init	8	static
main.c:954:13:MX_GPIO_Init	48	static
main.c:1013:6:Error_Handler	4	static
