../Drivers/my_libs/ble.c:28:13:HM10_AT_SendData	16	static
../Drivers/my_libs/ble.c:38:13:HM10_AT_SendnData	16	static
../Drivers/my_libs/ble.c:48:13:HM10_hard_reset	8	static
../Drivers/my_libs/ble.c:55:19:HM10_AT_GetResponse	40	static
../Drivers/my_libs/ble.c:86:19:HM10_AT_SetParamCommand	72	static
../Drivers/my_libs/ble.c:116:19:HM10_AT_SendCommandAndGetResponse	32	static
../Drivers/my_libs/ble.c:135:18:HM10_configure_device	16	static
../Drivers/my_libs/ble.c:240:13:HM10_restart_session	16	static
../Drivers/my_libs/ble.c:265:13:HM10_set_sleep_mode	24	static
../Drivers/my_libs/ble.c:305:14:my_strstr	32	static
../Drivers/my_libs/ble.c:323:6:HM10_handle_connection	48	static
../Drivers/my_libs/ble.c:469:6:ble_enable_sleep_mode	4	static
../Drivers/my_libs/ble.c:471:6:ble_disable_sleep_mode	4	static
../Drivers/my_libs/ble.c:473:6:ble_am_i_sleeping	4	static
