Archive member included to satisfy reference by file (symbol)

c:/st/stm32cubeide_1.12.1/stm32cubeide/plugins/com.st.stm32cube.ide.mcu.externaltools.gnu-tools-for-stm32.10.3-2021.10.win32_1.0.200.202301161003/tools/bin/../lib/gcc/arm-none-eabi/10.3.1/../../../../arm-none-eabi/lib/thumb/v7-m/nofp\libc_nano.a(lib_a-errno.o)
                              ./Application/User/Core/syscalls.o (__errno)
c:/st/stm32cubeide_1.12.1/stm32cubeide/plugins/com.st.stm32cube.ide.mcu.externaltools.gnu-tools-for-stm32.10.3-2021.10.win32_1.0.200.202301161003/tools/bin/../lib/gcc/arm-none-eabi/10.3.1/../../../../arm-none-eabi/lib/thumb/v7-m/nofp\libc_nano.a(lib_a-exit.o)
                              c:/st/stm32cubeide_1.12.1/stm32cubeide/plugins/com.st.stm32cube.ide.mcu.externaltools.gnu-tools-for-stm32.10.3-2021.10.win32_1.0.200.202301161003/tools/bin/../lib/gcc/arm-none-eabi/10.3.1/../../../../arm-none-eabi/lib/thumb/v7-m/nofp/crt0.o (exit)
c:/st/stm32cubeide_1.12.1/stm32cubeide/plugins/com.st.stm32cube.ide.mcu.externaltools.gnu-tools-for-stm32.10.3-2021.10.win32_1.0.200.202301161003/tools/bin/../lib/gcc/arm-none-eabi/10.3.1/../../../../arm-none-eabi/lib/thumb/v7-m/nofp\libc_nano.a(lib_a-findfp.o)
                              ./Middlewares/FreeRTOS/tasks.o (__sf_fake_stderr)
c:/st/stm32cubeide_1.12.1/stm32cubeide/plugins/com.st.stm32cube.ide.mcu.externaltools.gnu-tools-for-stm32.10.3-2021.10.win32_1.0.200.202301161003/tools/bin/../lib/gcc/arm-none-eabi/10.3.1/../../../../arm-none-eabi/lib/thumb/v7-m/nofp\libc_nano.a(lib_a-fwalk.o)
                              c:/st/stm32cubeide_1.12.1/stm32cubeide/plugins/com.st.stm32cube.ide.mcu.externaltools.gnu-tools-for-stm32.10.3-2021.10.win32_1.0.200.202301161003/tools/bin/../lib/gcc/arm-none-eabi/10.3.1/../../../../arm-none-eabi/lib/thumb/v7-m/nofp\libc_nano.a(lib_a-findfp.o) (_fwalk)
c:/st/stm32cubeide_1.12.1/stm32cubeide/plugins/com.st.stm32cube.ide.mcu.externaltools.gnu-tools-for-stm32.10.3-2021.10.win32_1.0.200.202301161003/tools/bin/../lib/gcc/arm-none-eabi/10.3.1/../../../../arm-none-eabi/lib/thumb/v7-m/nofp\libc_nano.a(lib_a-impure.o)
                              c:/st/stm32cubeide_1.12.1/stm32cubeide/plugins/com.st.stm32cube.ide.mcu.externaltools.gnu-tools-for-stm32.10.3-2021.10.win32_1.0.200.202301161003/tools/bin/../lib/gcc/arm-none-eabi/10.3.1/../../../../arm-none-eabi/lib/thumb/v7-m/nofp\libc_nano.a(lib_a-exit.o) (_global_impure_ptr)
c:/st/stm32cubeide_1.12.1/stm32cubeide/plugins/com.st.stm32cube.ide.mcu.externaltools.gnu-tools-for-stm32.10.3-2021.10.win32_1.0.200.202301161003/tools/bin/../lib/gcc/arm-none-eabi/10.3.1/../../../../arm-none-eabi/lib/thumb/v7-m/nofp\libc_nano.a(lib_a-init.o)
                              c:/st/stm32cubeide_1.12.1/stm32cubeide/plugins/com.st.stm32cube.ide.mcu.externaltools.gnu-tools-for-stm32.10.3-2021.10.win32_1.0.200.202301161003/tools/bin/../lib/gcc/arm-none-eabi/10.3.1/../../../../arm-none-eabi/lib/thumb/v7-m/nofp/crt0.o (__libc_init_array)
c:/st/stm32cubeide_1.12.1/stm32cubeide/plugins/com.st.stm32cube.ide.mcu.externaltools.gnu-tools-for-stm32.10.3-2021.10.win32_1.0.200.202301161003/tools/bin/../lib/gcc/arm-none-eabi/10.3.1/../../../../arm-none-eabi/lib/thumb/v7-m/nofp\libc_nano.a(lib_a-lock.o)
                              c:/st/stm32cubeide_1.12.1/stm32cubeide/plugins/com.st.stm32cube.ide.mcu.externaltools.gnu-tools-for-stm32.10.3-2021.10.win32_1.0.200.202301161003/tools/bin/../lib/gcc/arm-none-eabi/10.3.1/../../../../arm-none-eabi/lib/thumb/v7-m/nofp\libc_nano.a(lib_a-findfp.o) (__retarget_lock_init_recursive)
c:/st/stm32cubeide_1.12.1/stm32cubeide/plugins/com.st.stm32cube.ide.mcu.externaltools.gnu-tools-for-stm32.10.3-2021.10.win32_1.0.200.202301161003/tools/bin/../lib/gcc/arm-none-eabi/10.3.1/../../../../arm-none-eabi/lib/thumb/v7-m/nofp\libc_nano.a(lib_a-memcpy-stub.o)
                              ./Drivers/my_libs/ble.o (memcpy)
c:/st/stm32cubeide_1.12.1/stm32cubeide/plugins/com.st.stm32cube.ide.mcu.externaltools.gnu-tools-for-stm32.10.3-2021.10.win32_1.0.200.202301161003/tools/bin/../lib/gcc/arm-none-eabi/10.3.1/../../../../arm-none-eabi/lib/thumb/v7-m/nofp\libc_nano.a(lib_a-memset.o)
                              c:/st/stm32cubeide_1.12.1/stm32cubeide/plugins/com.st.stm32cube.ide.mcu.externaltools.gnu-tools-for-stm32.10.3-2021.10.win32_1.0.200.202301161003/tools/bin/../lib/gcc/arm-none-eabi/10.3.1/../../../../arm-none-eabi/lib/thumb/v7-m/nofp/crt0.o (memset)
c:/st/stm32cubeide_1.12.1/stm32cubeide/plugins/com.st.stm32cube.ide.mcu.externaltools.gnu-tools-for-stm32.10.3-2021.10.win32_1.0.200.202301161003/tools/bin/../lib/gcc/arm-none-eabi/10.3.1/../../../../arm-none-eabi/lib/thumb/v7-m/nofp\libc_nano.a(lib_a-nano-mallocr.o)
                              c:/st/stm32cubeide_1.12.1/stm32cubeide/plugins/com.st.stm32cube.ide.mcu.externaltools.gnu-tools-for-stm32.10.3-2021.10.win32_1.0.200.202301161003/tools/bin/../lib/gcc/arm-none-eabi/10.3.1/../../../../arm-none-eabi/lib/thumb/v7-m/nofp\libc_nano.a(lib_a-findfp.o) (_malloc_r)
[...]
Memory Configuration

Name             Origin             Length             Attributes
RAM              0x0000000020000000 0x0000000000008000 xrw
FLASH            0x0000000008000000 0x0000000000010000 xr
*default*        0x0000000000000000 0xffffffffffffffff

Linker script and memory map

LOAD c:/st/stm32cubeide_1.12.1/stm32cubeide/plugins/com.st.stm32cube.ide.mcu.externaltools.gnu-tools-for-stm32.10.3-2021.10.win32_1.0.200.202301161003/tools/bin/../lib/gcc/arm-none-eabi/10.3.1/thumb/v7-m/nofp/crti.o
LOAD c:/st/stm32cubeide_1.12.1/stm32cubeide/plugins/com.st.stm32cube.ide.mcu.externaltools.gnu-tools-for-stm32.10.3-2021.10.win32_1.0.200.202301161003/tools/bin/../lib/gcc/arm-none-eabi/10.3.1/thumb/v7-m/nofp/crtbegin.o
LOAD c:/st/stm32cubeide_1.12.1/stm32cubeide/plugins/com.st.stm32cube.ide.mcu.externaltools.gnu-tools-for-stm32.10.3-2021.10.win32_1.0.200.202301161003/tools/bin/../lib/gcc/arm-none-eabi/10.3.1/../../../../arm-none-eabi/lib/thumb/v7-m/nofp/crt0.o
LOAD ./Application/User/Core/freertos.o
LOAD ./Application/User/Core/main.o
LOAD ./Application/User/Core/stm32l1xx_hal_msp.o
LOAD ./Application/User/Core/stm32l1xx_hal_timebase_tim.o
LOAD ./Application/User/Core/stm32l1xx_it.o
LOAD ./Application/User/Core/syscalls.o
LOAD ./Application/User/Core/sysmem.o
LOAD ./Application/User/Startup/startup_stm32l151c8txa.o
LOAD ./Drivers/CMSIS/system_stm32l1xx.o
LOAD ./Drivers/STM32L1xx_HAL_Driver/stm32l1xx_hal.o
LOAD ./Drivers/STM32L1xx_HAL_Driver/stm32l1xx_hal_adc.o
LOAD ./Drivers/STM32L1xx_HAL_Driver/stm32l1xx_hal_adc_ex.o
LOAD ./Drivers/STM32L1xx_HAL_Driver/stm32l1xx_hal_cortex.o
LOAD ./Drivers/STM32L1xx_HAL_Driver/stm32l1xx_hal_dma.o
LOAD ./Drivers/STM32L1xx_HAL_Driver/stm32l1xx_hal_exti.o
LOAD ./Drivers/STM32L1xx_HAL_Driver/stm32l1xx_hal_flash.o
LOAD ./Drivers/STM32L1xx_HAL_Driver/stm32l1xx_hal_flash_ex.o
LOAD ./Drivers/STM32L1xx_HAL_Driver/stm32l1xx_hal_flash_ramfunc.o
LOAD ./Drivers/STM32L1xx_HAL_Driver/stm32l1xx_hal_gpio.o
LOAD ./Drivers/STM32L1xx_HAL_Driver/stm32l1xx_hal_i2c.o
LOAD ./Drivers/STM32L1xx_HAL_Driver/stm32l1xx_hal_pwr.o
LOAD ./Drivers/STM32L1xx_HAL_Driver/stm32l1xx_hal_pwr_ex.o
LOAD ./Drivers/STM32L1xx_HAL_Driver/stm32l1xx_hal_rcc.o
LOAD ./Drivers/STM32L1xx_HAL_Driver/stm32l1xx_hal_rcc_ex.o
LOAD ./Drivers/STM32L1xx_HAL_Driver/stm32l1xx_hal_tim.o
LOAD ./Drivers/STM32L1xx_HAL_Driver/stm32l1xx_hal_tim_ex.o
LOAD ./Drivers/STM32L1xx_HAL_Driver/stm32l1xx_hal_uart.o
LOAD ./Drivers/my_libs/ble.o
LOAD ./Drivers/my_libs/drv2605.o
LOAD ./Drivers/my_libs/hm10.o
LOAD ./Drivers/my_libs/lsm6.o
LOAD ./Drivers/my_libs/motor.o
LOAD ./Drivers/my_libs/sens.o
LOAD ./Middlewares/FreeRTOS/cmsis_os.o
LOAD ./Middlewares/FreeRTOS/croutine.o
LOAD ./Middlewares/FreeRTOS/event_groups.o
LOAD ./Middlewares/FreeRTOS/heap_4.o
LOAD ./Middlewares/FreeRTOS/list.o
LOAD ./Middlewares/FreeRTOS/port.o
LOAD ./Middlewares/FreeRTOS/queue.o
LOAD ./Middlewares/FreeRTOS/stream_buffer.o
LOAD ./Middlewares/FreeRTOS/tasks.o
LOAD ./Middlewares/FreeRTOS/timers.o
START GROUP
LOAD c:/st/stm32cubeide_1.12.1/stm32cubeide/plugins/com.st.stm32cube.ide.mcu.externaltools.gnu-tools-for-stm32.10.3-2021.10.win32_1.0.200.202301161003/tools/bin/../lib/gcc/arm-none-eabi/10.3.1/../../../../arm-none-eabi/lib/thumb/v7-m/nofp\libc_nano.a
LOAD c:/st/stm32cubeide_1.12.1/stm32cubeide/plugins/com.st.stm32cube.ide.mcu.externaltools.gnu-tools-for-stm32.10.3-2021.10.win32_1.0.200.202301161003/tools/bin/../lib/gcc/arm-none-eabi/10.3.1/../../../../arm-none-eabi/lib/thumb/v7-m/nofp\libm.a
END GROUP
START GROUP
LOAD c:/st/stm32cubeide_1.12.1/stm32cubeide/plugins/com.st.stm32cube.ide.mcu.externaltools.gnu-tools-for-stm32.10.3-2021.10.win32_1.0.200.202301161003/tools/bin/../lib/gcc/arm-none-eabi/10.3.1/thumb/v7-m/nofp\libgcc.a
LOAD c:/st/stm32cubeide_1.12.1/stm32cubeide/plugins/com.st.stm32cube.ide.mcu.externaltools.gnu-tools-for-stm32.10.3-2021.10.win32_1.0.200.202301161003/tools/bin/../lib/gcc/arm-none-eabi/10.3.1/../../../../arm-none-eabi/lib/thumb/v7-m/nofp\libc_nano.a
END GROUP
START GROUP
LOAD c:/st/stm32cubeide_1.12.1/stm32cubeide/plugins/com.st.stm32cube.ide.mcu.externaltools.gnu-tools-for-stm32.10.3-2021.10.win32_1.0.200.202301161003/tools/bin/../lib/gcc/arm-none-eabi/10.3.1/thumb/v7-m/nofp\libgcc.a
LOAD c:/st/stm32cubeide_1.12.1/stm32cubeide/plugins/com.st.stm32cube.ide.mcu.externaltools.gnu-tools-for-stm32.10.3-2021.10.win32_1.0.200.202301161003/tools/bin/../lib/gcc/arm-none-eabi/10.3.1/../../../../arm-none-eabi/lib/thumb/v7-m/nofp\libc_nano.a
LOAD c:/st/stm32cubeide_1.12.1/stm32cubeide/plugins/com.st.stm32cube.ide.mcu.externaltools.gnu-tools-for-stm32.10.3-2021.10.win32_1.0.200.202301161003/tools/bin/../lib/gcc/arm-none-eabi/10.3.1/../../../../arm-none-eabi/lib/thumb/v7-m/nofp\libnosys.a
END GROUP
START GROUP
LOAD c:/st/stm32cubeide_1.12.1/stm32cubeide/plugins/com.st.stm32cube.ide.mcu.externaltools.gnu-tools-for-stm32.10.3-2021.10.win32_1.0.200.202301161003/tools/bin/../lib/gcc/arm-none-eabi/10.3.1/thumb/v7-m/nofp\libgcc.a
LOAD c:/st/stm32cubeide_1.12.1/stm32cubeide/plugins/com.st.stm32cube.ide.mcu.externaltools.gnu-tools-for-stm32.10.3-2021.10.win32_1.0.200.202301161003/tools/bin/../lib/gcc/arm-none-eabi/10.3.1/../../../../arm-none-eabi/lib/thumb/v7-m/nofp\libc_nano.a
LOAD c:/st/stm32cubeide_1.12.1/stm32cubeide/plugins/com.st.stm32cube.ide.mcu.externaltools.gnu-tools-for-stm32.10.3-2021.10.win32_1.0.200.202301161003/tools/bin/../lib/gcc/arm-none-eabi/10.3.1/../../../../arm-none-eabi/lib/thumb/v7-m/nofp\libnosys.a
END GROUP
LOAD c:/st/stm32cubeide_1.12.1/stm32cubeide/plugins/com.st.stm32cube.ide.mcu.externaltools.gnu-tools-for-stm32.10.3-2021.10.win32_1.0.200.202301161003/tools/bin/../lib/gcc/arm-none-eabi/10.3.1/thumb/v7-m/nofp/crtend.o
LOAD c:/st/stm32cubeide_1.12.1/stm32cubeide/plugins/com.st.stm32cube.ide.mcu.externaltools.gnu-tools-for-stm32.10.3-2021.10.win32_1.0.200.202301161003/tools/bin/../lib/gcc/arm-none-eabi/10.3.1/thumb/v7-m/nofp/crtn.o
                0x0000000020008000                _estack = (ORIGIN (RAM) + LENGTH (RAM))
                0x0000000000000200                _Min_Heap_Size = 0x200
                0x0000000000000400                _Min_Stack_Size = 0x400

.isr_vector     0x0000000008000000      0x13c
                0x0000000008000000                . = ALIGN (0x4)
 *(.isr_vector)
 .isr_vector    0x0000000008000000      0x13c ./Application/User/Startup/startup_stm32l151c8txa.o
                0x0000000008000000                g_pfnVectors
                0x000000000800013c                . = ALIGN (0x4)

.text           0x0000000008000140     0x8f10
                0x0000000008000140                . = ALIGN (0x4)
 *(.text)
 .text          0x0000000008000140       0x40 c:/st/stm32cubeide_1.12.1/stm32cubeide/plugins/com.st.stm32cube.ide.mcu.externaltools.gnu-tools-for-stm32.10.3-2021.10.win32_1.0.200.202301161003/tools/bin/../lib/gcc/arm-none-eabi/10.3.1/thumb/v7-m/nofp/crtbegin.o
 .text          0x0000000008000180       0x14 c:/st/stm32cubeide_1.12.1/stm32cubeide/plugins/com.st.stm32cube.ide.mcu.externaltools.gnu-tools-for-stm32.10.3-2021.10.win32_1.0.200.202301161003/tools/bin/../lib/gcc/arm-none-eabi/10.3.1/../../../../arm-none-eabi/lib/thumb/v7-m/nofp\libc_nano.a(lib_a-strcmp.o)
                0x0000000008000180                strcmp
 .text          0x0000000008000194       0x10 c:/st/stm32cubeide_1.12.1/stm32cubeide/plugins/com.st.stm32cube.ide.mcu.externaltools.gnu-tools-for-stm32.10.3-2021.10.win32_1.0.200.202301161003/tools/bin/../lib/gcc/arm-none-eabi/10.3.1/../../../../arm-none-eabi/lib/thumb/v7-m/nofp\libc_nano.a(lib_a-strlen.o)
                0x0000000008000194                strlen
 .text          0x00000000080001a4      0x378 c:/st/stm32cubeide_1.12.1/stm32cubeide/plugins/com.st.stm32cube.ide.mcu.externaltools.gnu-tools-for-stm32.10.3-2021.10.win32_1.0.200.202301161003/tools/bin/../lib/gcc/arm-none-eabi/10.3.1/thumb/v7-m/nofp\libgcc.a(_arm_addsubdf3.o)
                0x00000000080001a4                __aeabi_drsub
                0x00000000080001ac                __aeabi_dsub
                0x00000000080001ac                __subdf3
                0x00000000080001b0                __aeabi_dadd
                0x00000000080001b0                __adddf3
                0x0000000008000428                __floatunsidf
                0x0000000008000428                __aeabi_ui2d
                0x0000000008000448                __floatsidf
                0x0000000008000448                __aeabi_i2d
                0x000000000800046c                __aeabi_f2d
                0x000000000800046c                __extendsfdf2
                0x00000000080004b0                __floatundidf
                0x00000000080004b0                __aeabi_ul2d
                0x00000000080004c0                __floatdidf
                0x00000000080004c0                __aeabi_l2d
 .text          0x000000000800051c      0x110 c:/st/stm32cubeide_1.12.1/stm32cubeide/plugins/com.st.stm32cube.ide.mcu.externaltools.gnu-tools-for-stm32.10.3-2021.10.win32_1.0.200.202301161003/tools/bin/../lib/gcc/arm-none-eabi/10.3.1/thumb/v7-m/nofp\libgcc.a(_arm_cmpdf2.o)
                0x000000000800051c                __gtdf2
                0x000000000800051c                __gedf2
                0x0000000008000524                __ltdf2
                0x0000000008000524                __ledf2
                0x000000000800052c                __nedf2
                0x000000000800052c                __eqdf2
                0x000000000800052c                __cmpdf2
                0x00000000080005a8                __aeabi_cdrcmple
                0x00000000080005b8                __aeabi_cdcmpeq
                0x00000000080005b8                __aeabi_cdcmple
                0x00000000080005c8                __aeabi_dcmpeq
                0x00000000080005dc                __aeabi_dcmplt
                0x00000000080005f0                __aeabi_dcmple
                0x0000000008000604                __aeabi_dcmpge
                0x0000000008000618                __aeabi_dcmpgt
 .text          0x000000000800062c      0x21c c:/st/stm32cubeide_1.12.1/stm32cubeide/plugins/com.st.stm32cube.ide.mcu.externaltools.gnu-tools-for-stm32.10.3-2021.10.win32_1.0.200.202301161003/tools/bin/../lib/gcc/arm-none-eabi/10.3.1/thumb/v7-m/nofp\libgcc.a(_arm_addsubsf3.o)
                0x000000000800062c                __aeabi_frsub
                0x0000000008000634                __subsf3
                0x0000000008000634                __aeabi_fsub
                0x0000000008000638                __aeabi_fadd
                0x0000000008000638                __addsf3
                0x0000000008000798                __aeabi_ui2f
                0x0000000008000798                __floatunsisf
                0x00000000080007a0                __aeabi_i2f
                0x00000000080007a0                __floatsisf
                0x00000000080007bc                __aeabi_ul2f
                0x00000000080007bc                __floatundisf
                0x00000000080007cc                __aeabi_l2f
                0x00000000080007cc                __floatdisf
 .text          0x0000000008000848      0x2a0 c:/st/stm32cubeide_1.12.1/stm32cubeide/plugins/com.st.stm32cube.ide.mcu.externaltools.gnu-tools-for-stm32.10.3-2021.10.win32_1.0.200.202301161003/tools/bin/../lib/gcc/arm-none-eabi/10.3.1/thumb/v7-m/nofp\libgcc.a(_arm_muldivsf3.o)
                0x0000000008000848                __mulsf3
                0x0000000008000848                __aeabi_fmul
                0x00000000080009b0                __aeabi_fdiv
                0x00000000080009b0                __divsf3
 .text          0x0000000008000ae8       0xec c:/st/stm32cubeide_1.12.1/stm32cubeide/plugins/com.st.stm32cube.ide.mcu.externaltools.gnu-tools-for-stm32.10.3-2021.10.win32_1.0.200.202301161003/tools/bin/../lib/gcc/arm-none-eabi/10.3.1/thumb/v7-m/nofp\libgcc.a(_arm_cmpsf2.o)
                0x0000000008000ae8                __gesf2
                0x0000000008000ae8                __gtsf2
                0x0000000008000af0                __lesf2
                0x0000000008000af0                __ltsf2
                0x0000000008000af8                __nesf2
                0x0000000008000af8                __eqsf2
                0x0000000008000af8                __cmpsf2
                0x0000000008000b58                __aeabi_cfrcmple
                0x0000000008000b60                __aeabi_cfcmpeq
                0x0000000008000b60                __aeabi_cfcmple
                0x0000000008000b70                __aeabi_fcmpeq
                0x0000000008000b84                __aeabi_fcmplt
                0x0000000008000b98                __aeabi_fcmple
                0x0000000008000bac                __aeabi_fcmpge
                0x0000000008000bc0                __aeabi_fcmpgt
 .text          0x0000000008000bd4       0x40 c:/st/stm32cubeide_1.12.1/stm32cubeide/plugins/com.st.stm32cube.ide.mcu.externaltools.gnu-tools-for-stm32.10.3-2021.10.win32_1.0.200.202301161003/tools/bin/../lib/gcc/arm-none-eabi/10.3.1/thumb/v7-m/nofp\libgcc.a(_arm_fixunssfsi.o)
                0x0000000008000bd4                __fixunssfsi
                0x0000000008000bd4                __aeabi_f2uiz
 .text          0x0000000008000c14       0x30 c:/st/stm32cubeide_1.12.1/stm32cubeide/plugins/com.st.stm32cube.ide.mcu.externaltools.gnu-tools-for-stm32.10.3-2021.10.win32_1.0.200.202301161003/tools/bin/../lib/gcc/arm-none-eabi/10.3.1/thumb/v7-m/nofp\libgcc.a(_aeabi_uldivmod.o)
                0x0000000008000c14                __aeabi_uldivmod
 .text          0x0000000008000c44      0x2d4 c:/st/stm32cubeide_1.12.1/stm32cubeide/plugins/com.st.stm32cube.ide.mcu.externaltools.gnu-tools-for-stm32.10.3-2021.10.win32_1.0.200.202301161003/tools/bin/../lib/gcc/arm-none-eabi/10.3.1/thumb/v7-m/nofp\libgcc.a(_udivmoddi4.o)
                0x0000000008000c44                __udivmoddi4
 .text          0x0000000008000f18        0x4 c:/st/stm32cubeide_1.12.1/stm32cubeide/plugins/com.st.stm32cube.ide.mcu.externaltools.gnu-tools-for-stm32.10.3-2021.10.win32_1.0.200.202301161003/tools/bin/../lib/gcc/arm-none-eabi/10.3.1/thumb/v7-m/nofp\libgcc.a(_dvmd_tls.o)
                0x0000000008000f18                __aeabi_idiv0
                0x0000000008000f18                __aeabi_ldiv0
 *(.text*)
 .text.vApplicationGetIdleTaskMemory
                0x0000000008000f1c       0x30 ./Application/User/Core/freertos.o
                0x0000000008000f1c                vApplicationGetIdleTaskMemory
 .text.HAL_ADC_ConvCpltCallback
                0x0000000008000f4c       0x58 ./Application/User/Core/main.o
                0x0000000008000f4c                HAL_ADC_ConvCpltCallback
 .text.HAL_GPIO_EXTI_Callback
                0x0000000008000fa4       0x28 ./Application/User/Core/main.o
                0x0000000008000fa4                HAL_GPIO_EXTI_Callback
 .text.main     0x0000000008000fcc      0x118 ./Application/User/Core/main.o
                0x0000000008000fcc                main
 .text.SystemClock_Config
                0x00000000080010e4       0x98 ./Application/User/Core/main.o
                0x00000000080010e4                SystemClock_Config
 .text.MX_ADC_Init
                0x000000000800117c      0x128 ./Application/User/Core/main.o
 .text.MX_I2C2_Init
                0x00000000080012a4       0x5c ./Application/User/Core/main.o
 .text.MX_USART1_UART_Init
                0x0000000008001300       0x54 ./Application/User/Core/main.o
 .text.MX_DMA_Init
                0x0000000008001354       0x3c ./Application/User/Core/main.o
 .text.MX_GPIO_Init
                0x0000000008001390      0x1bc ./Application/User/Core/main.o
 .text.StartDefaultTask
                0x000000000800154c       0x80 ./Application/User/Core/main.o
                0x000000000800154c                StartDefaultTask
 .text.StartBtTask
                0x00000000080015cc       0x18 ./Application/User/Core/main.o
                0x00000000080015cc                StartBtTask
 .text.StartLraGyroTask
                0x00000000080015e4       0x38 ./Application/User/Core/main.o
                0x00000000080015e4                StartLraGyroTask
 .text.StartSensorsTask
                0x000000000800161c       0x24 ./Application/User/Core/main.o
                0x000000000800161c                StartSensorsTask
 .text.HAL_TIM_PeriodElapsedCallback
                0x0000000008001640       0x24 ./Application/User/Core/main.o
                0x0000000008001640                HAL_TIM_PeriodElapsedCallback
 .text.Error_Handler
                0x0000000008001664        0xa ./Application/User/Core/main.o
                0x0000000008001664                Error_Handler
 *fill*         0x000000000800166e        0x2 
 .text.HAL_MspInit
                0x0000000008001670       0x68 ./Application/User/Core/stm32l1xx_hal_msp.o
                0x0000000008001670                HAL_MspInit
 .text.HAL_ADC_MspInit
                0x00000000080016d8       0xd8 ./Application/User/Core/stm32l1xx_hal_msp.o
                0x00000000080016d8                HAL_ADC_MspInit
 .text.HAL_I2C_MspInit
                0x00000000080017b0       0x88 ./Application/User/Core/stm32l1xx_hal_msp.o
                0x00000000080017b0                HAL_I2C_MspInit
 .text.HAL_UART_MspInit
                0x0000000008001838       0x98 ./Application/User/Core/stm32l1xx_hal_msp.o
                0x0000000008001838                HAL_UART_MspInit
 .text.HAL_InitTick
                0x00000000080018d0       0xe0 ./Application/User/Core/stm32l1xx_hal_timebase_tim.o
                0x00000000080018d0                HAL_InitTick
 .text.HAL_SuspendTick
                0x00000000080019b0       0x20 ./Application/User/Core/stm32l1xx_hal_timebase_tim.o
                0x00000000080019b0                HAL_SuspendTick
 .text.NMI_Handler
                0x00000000080019d0        0x6 ./Application/User/Core/stm32l1xx_it.o
                0x00000000080019d0                NMI_Handler
 .text.HardFault_Handler
                0x00000000080019d6        0x6 ./Application/User/Core/stm32l1xx_it.o
                0x00000000080019d6                HardFault_Handler
 .text.MemManage_Handler
                0x00000000080019dc        0x6 ./Application/User/Core/stm32l1xx_it.o
                0x00000000080019dc                MemManage_Handler
 .text.BusFault_Handler
                0x00000000080019e2        0x6 ./Application/User/Core/stm32l1xx_it.o
                0x00000000080019e2                BusFault_Handler
 .text.UsageFault_Handler
                0x00000000080019e8        0x6 ./Application/User/Core/stm32l1xx_it.o
                0x00000000080019e8                UsageFault_Handler
 .text.DebugMon_Handler
                0x00000000080019ee        0xc ./Application/User/Core/stm32l1xx_it.o
                0x00000000080019ee                DebugMon_Handler
 *fill*         0x00000000080019fa        0x2 
 .text.DMA1_Channel1_IRQHandler
                0x00000000080019fc       0x14 ./Application/User/Core/stm32l1xx_it.o
                0x00000000080019fc                DMA1_Channel1_IRQHandler
 .text.TIM11_IRQHandler
                0x0000000008001a10       0x14 ./Application/User/Core/stm32l1xx_it.o
                0x0000000008001a10                TIM11_IRQHandler
 .text.USART1_IRQHandler
                0x0000000008001a24        0xc ./Application/User/Core/stm32l1xx_it.o
                0x0000000008001a24                USART1_IRQHandler
 .text.EXTI15_10_IRQHandler
                0x0000000008001a30       0x18 ./Application/User/Core/stm32l1xx_it.o
                0x0000000008001a30                EXTI15_10_IRQHandler
 .text._sbrk    0x0000000008001a48       0x6c ./Application/User/Core/sysmem.o
                0x0000000008001a48                _sbrk
 .text.Reset_Handler
                0x0000000008001ab4       0x48 ./Application/User/Startup/startup_stm32l151c8txa.o
                0x0000000008001ab4                Reset_Handler
 .text.Default_Handler
                0x0000000008001afc        0x2 ./Application/User/Startup/startup_stm32l151c8txa.o
                0x0000000008001afc                RTC_Alarm_IRQHandler
                0x0000000008001afc                EXTI2_IRQHandler
                0x0000000008001afc                TIM10_IRQHandler
                0x0000000008001afc                USB_HP_IRQHandler
                0x0000000008001afc                TIM6_IRQHandler
                0x0000000008001afc                PVD_IRQHandler
                0x0000000008001afc                EXTI3_IRQHandler
                0x0000000008001afc                EXTI0_IRQHandler
                0x0000000008001afc                I2C2_EV_IRQHandler
                0x0000000008001afc                SPI1_IRQHandler
                0x0000000008001afc                USB_FS_WKUP_IRQHandler
                0x0000000008001afc                DMA1_Channel4_IRQHandler
                0x0000000008001afc                ADC1_IRQHandler
                0x0000000008001afc                USART3_IRQHandler
                0x0000000008001afc                DMA1_Channel7_IRQHandler
                0x0000000008001afc                TIM4_IRQHandler
                0x0000000008001afc                I2C1_EV_IRQHandler
                0x0000000008001afc                DMA1_Channel6_IRQHandler
                0x0000000008001afc                TIM3_IRQHandler
                0x0000000008001afc                RCC_IRQHandler
                0x0000000008001afc                Default_Handler
                0x0000000008001afc                TIM7_IRQHandler
                0x0000000008001afc                EXTI9_5_IRQHandler
                0x0000000008001afc                TIM9_IRQHandler
                0x0000000008001afc                TAMPER_STAMP_IRQHandler
                0x0000000008001afc                RTC_WKUP_IRQHandler
                0x0000000008001afc                SPI2_IRQHandler
                0x0000000008001afc                DMA1_Channel5_IRQHandler
                0x0000000008001afc                USB_LP_IRQHandler
                0x0000000008001afc                EXTI4_IRQHandler
                0x0000000008001afc                DMA1_Channel3_IRQHandler
                0x0000000008001afc                COMP_IRQHandler
                0x0000000008001afc                WWDG_IRQHandler
                0x0000000008001afc                TIM2_IRQHandler
                0x0000000008001afc                DAC_IRQHandler
                0x0000000008001afc                EXTI1_IRQHandler
                0x0000000008001afc                USART2_IRQHandler
                0x0000000008001afc                I2C2_ER_IRQHandler
                0x0000000008001afc                DMA1_Channel2_IRQHandler
                0x0000000008001afc                FLASH_IRQHandler
                0x0000000008001afc                I2C1_ER_IRQHandler
 .text.SystemInit
                0x0000000008001afe        0xc ./Drivers/CMSIS/system_stm32l1xx.o
                0x0000000008001afe                SystemInit
 .text.HAL_Init
                0x0000000008001b0a       0x30 ./Drivers/STM32L1xx_HAL_Driver/stm32l1xx_hal.o
                0x0000000008001b0a                HAL_Init
 *fill*         0x0000000008001b3a        0x2 
 .text.HAL_IncTick
                0x0000000008001b3c       0x24 ./Drivers/STM32L1xx_HAL_Driver/stm32l1xx_hal.o
                0x0000000008001b3c                HAL_IncTick
 .text.HAL_GetTick
                0x0000000008001b60       0x14 ./Drivers/STM32L1xx_HAL_Driver/stm32l1xx_hal.o
                0x0000000008001b60                HAL_GetTick
 .text.HAL_ADC_Init
                0x0000000008001b74      0x28c ./Drivers/STM32L1xx_HAL_Driver/stm32l1xx_hal_adc.o
                0x0000000008001b74                HAL_ADC_Init
 .text.HAL_ADC_Start_DMA
                0x0000000008001e00      0x11c ./Drivers/STM32L1xx_HAL_Driver/stm32l1xx_hal_adc.o
                0x0000000008001e00                HAL_ADC_Start_DMA
 .text.HAL_ADC_Stop_DMA
                0x0000000008001f1c       0xa2 ./Drivers/STM32L1xx_HAL_Driver/stm32l1xx_hal_adc.o
                0x0000000008001f1c                HAL_ADC_Stop_DMA
 .text.HAL_ADC_ConvHalfCpltCallback
                0x0000000008001fbe       0x12 ./Drivers/STM32L1xx_HAL_Driver/stm32l1xx_hal_adc.o
                0x0000000008001fbe                HAL_ADC_ConvHalfCpltCallback
 .text.HAL_ADC_ErrorCallback
                0x0000000008001fd0       0x12 ./Drivers/STM32L1xx_HAL_Driver/stm32l1xx_hal_adc.o
                0x0000000008001fd0                HAL_ADC_ErrorCallback
 *fill*         0x0000000008001fe2        0x2 
 .text.HAL_ADC_ConfigChannel
                0x0000000008001fe4      0x2a0 ./Drivers/STM32L1xx_HAL_Driver/stm32l1xx_hal_adc.o
                0x0000000008001fe4                HAL_ADC_ConfigChannel
 .text.ADC_Enable
                0x0000000008002284       0xb8 ./Drivers/STM32L1xx_HAL_Driver/stm32l1xx_hal_adc.o
                0x0000000008002284                ADC_Enable
 .text.ADC_ConversionStop_Disable
                0x000000000800233c       0x82 ./Drivers/STM32L1xx_HAL_Driver/stm32l1xx_hal_adc.o
                0x000000000800233c                ADC_ConversionStop_Disable
 .text.ADC_DMAConvCplt
                0x00000000080023be       0xa8 ./Drivers/STM32L1xx_HAL_Driver/stm32l1xx_hal_adc.o
 .text.ADC_DMAHalfConvCplt
                0x0000000008002466       0x1c ./Drivers/STM32L1xx_HAL_Driver/stm32l1xx_hal_adc.o
 .text.ADC_DMAError
                0x0000000008002482       0x34 ./Drivers/STM32L1xx_HAL_Driver/stm32l1xx_hal_adc.o
 *fill*         0x00000000080024b6        0x2 
 .text.__NVIC_SetPriorityGrouping
                0x00000000080024b8       0x48 ./Drivers/STM32L1xx_HAL_Driver/stm32l1xx_hal_cortex.o
 .text.__NVIC_GetPriorityGrouping
                0x0000000008002500       0x1c ./Drivers/STM32L1xx_HAL_Driver/stm32l1xx_hal_cortex.o
 .text.__NVIC_EnableIRQ
                0x000000000800251c       0x38 ./Drivers/STM32L1xx_HAL_Driver/stm32l1xx_hal_cortex.o
 .text.__NVIC_SetPriority
                0x0000000008002554       0x54 ./Drivers/STM32L1xx_HAL_Driver/stm32l1xx_hal_cortex.o
 .text.NVIC_EncodePriority
                0x00000000080025a8       0x64 ./Drivers/STM32L1xx_HAL_Driver/stm32l1xx_hal_cortex.o
 .text.__NVIC_SystemReset
                0x000000000800260c       0x2c ./Drivers/STM32L1xx_HAL_Driver/stm32l1xx_hal_cortex.o
 .text.HAL_NVIC_SetPriorityGrouping
                0x0000000008002638       0x16 ./Drivers/STM32L1xx_HAL_Driver/stm32l1xx_hal_cortex.o
                0x0000000008002638                HAL_NVIC_SetPriorityGrouping
 .text.HAL_NVIC_SetPriority
                0x000000000800264e       0x38 ./Drivers/STM32L1xx_HAL_Driver/stm32l1xx_hal_cortex.o
                0x000000000800264e                HAL_NVIC_SetPriority
 .text.HAL_NVIC_EnableIRQ
                0x0000000008002686       0x1c ./Drivers/STM32L1xx_HAL_Driver/stm32l1xx_hal_cortex.o
                0x0000000008002686                HAL_NVIC_EnableIRQ
 .text.HAL_NVIC_SystemReset
                0x00000000080026a2        0x8 ./Drivers/STM32L1xx_HAL_Driver/stm32l1xx_hal_cortex.o
                0x00000000080026a2                HAL_NVIC_SystemReset
 *fill*         0x00000000080026aa        0x2 
 .text.HAL_DMA_Init
                0x00000000080026ac       0xb0 ./Drivers/STM32L1xx_HAL_Driver/stm32l1xx_hal_dma.o
                0x00000000080026ac                HAL_DMA_Init
 .text.HAL_DMA_Start_IT
                0x000000000800275c       0xc0 ./Drivers/STM32L1xx_HAL_Driver/stm32l1xx_hal_dma.o
                0x000000000800275c                HAL_DMA_Start_IT
 .text.HAL_DMA_Abort
                0x000000000800281c       0x7a ./Drivers/STM32L1xx_HAL_Driver/stm32l1xx_hal_dma.o
                0x000000000800281c                HAL_DMA_Abort
 .text.HAL_DMA_IRQHandler
                0x0000000008002896      0x15e ./Drivers/STM32L1xx_HAL_Driver/stm32l1xx_hal_dma.o
                0x0000000008002896                HAL_DMA_IRQHandler
 .text.DMA_SetConfig
                0x00000000080029f4       0x5e ./Drivers/STM32L1xx_HAL_Driver/stm32l1xx_hal_dma.o
 *fill*         0x0000000008002a52        0x2 
 .text.HAL_GPIO_Init
                0x0000000008002a54      0x300 ./Drivers/STM32L1xx_HAL_Driver/stm32l1xx_hal_gpio.o
                0x0000000008002a54                HAL_GPIO_Init
 .text.HAL_GPIO_WritePin
                0x0000000008002d54       0x30 ./Drivers/STM32L1xx_HAL_Driver/stm32l1xx_hal_gpio.o
                0x0000000008002d54                HAL_GPIO_WritePin
 .text.HAL_GPIO_EXTI_IRQHandler
                0x0000000008002d84       0x30 ./Drivers/STM32L1xx_HAL_Driver/stm32l1xx_hal_gpio.o
                0x0000000008002d84                HAL_GPIO_EXTI_IRQHandler
 .text.HAL_I2C_Init
                0x0000000008002db4      0x288 ./Drivers/STM32L1xx_HAL_Driver/stm32l1xx_hal_i2c.o
                0x0000000008002db4                HAL_I2C_Init
 .text.HAL_I2C_Master_Transmit
                0x000000000800303c      0x1fc ./Drivers/STM32L1xx_HAL_Driver/stm32l1xx_hal_i2c.o
                0x000000000800303c                HAL_I2C_Master_Transmit
 .text.HAL_I2C_Master_Receive
                0x0000000008003238      0x464 ./Drivers/STM32L1xx_HAL_Driver/stm32l1xx_hal_i2c.o
                0x0000000008003238                HAL_I2C_Master_Receive
 .text.I2C_MasterRequestWrite
                0x000000000800369c      0x104 ./Drivers/STM32L1xx_HAL_Driver/stm32l1xx_hal_i2c.o
 .text.I2C_MasterRequestRead
                0x00000000080037a0      0x19c ./Drivers/STM32L1xx_HAL_Driver/stm32l1xx_hal_i2c.o
 .text.I2C_WaitOnFlagUntilTimeout
                0x000000000800393c       0xf4 ./Drivers/STM32L1xx_HAL_Driver/stm32l1xx_hal_i2c.o
 .text.I2C_WaitOnMasterAddressFlagUntilTimeout
                0x0000000008003a30      0x140 ./Drivers/STM32L1xx_HAL_Driver/stm32l1xx_hal_i2c.o
 .text.I2C_WaitOnTXEFlagUntilTimeout
                0x0000000008003b70       0x90 ./Drivers/STM32L1xx_HAL_Driver/stm32l1xx_hal_i2c.o
 .text.I2C_WaitOnBTFFlagUntilTimeout
                0x0000000008003c00       0x90 ./Drivers/STM32L1xx_HAL_Driver/stm32l1xx_hal_i2c.o
 .text.I2C_WaitOnRXNEFlagUntilTimeout
                0x0000000008003c90       0xba ./Drivers/STM32L1xx_HAL_Driver/stm32l1xx_hal_i2c.o
 .text.I2C_IsAcknowledgeFailed
                0x0000000008003d4a       0x5c ./Drivers/STM32L1xx_HAL_Driver/stm32l1xx_hal_i2c.o
 *fill*         0x0000000008003da6        0x2 
 .text.HAL_PWR_EnableWakeUpPin
                0x0000000008003da8       0x38 ./Drivers/STM32L1xx_HAL_Driver/stm32l1xx_hal_pwr.o
                0x0000000008003da8                HAL_PWR_EnableWakeUpPin
 .text.HAL_PWR_DisableWakeUpPin
                0x0000000008003de0       0x38 ./Drivers/STM32L1xx_HAL_Driver/stm32l1xx_hal_pwr.o
                0x0000000008003de0                HAL_PWR_DisableWakeUpPin
 .text.HAL_PWR_EnterSTANDBYMode
                0x0000000008003e18       0x30 ./Drivers/STM32L1xx_HAL_Driver/stm32l1xx_hal_pwr.o
                0x0000000008003e18                HAL_PWR_EnterSTANDBYMode
 .text.HAL_RCC_OscConfig
                0x0000000008003e48      0x660 ./Drivers/STM32L1xx_HAL_Driver/stm32l1xx_hal_rcc.o
                0x0000000008003e48                HAL_RCC_OscConfig
 .text.HAL_RCC_ClockConfig
                0x00000000080044a8      0x268 ./Drivers/STM32L1xx_HAL_Driver/stm32l1xx_hal_rcc.o
                0x00000000080044a8                HAL_RCC_ClockConfig
 .text.HAL_RCC_GetSysClockFreq
                0x0000000008004710      0x17c ./Drivers/STM32L1xx_HAL_Driver/stm32l1xx_hal_rcc.o
                0x0000000008004710                HAL_RCC_GetSysClockFreq
 .text.HAL_RCC_GetHCLKFreq
                0x000000000800488c       0x14 ./Drivers/STM32L1xx_HAL_Driver/stm32l1xx_hal_rcc.o
                0x000000000800488c                HAL_RCC_GetHCLKFreq
 .text.HAL_RCC_GetPCLK1Freq
                0x00000000080048a0       0x28 ./Drivers/STM32L1xx_HAL_Driver/stm32l1xx_hal_rcc.o
                0x00000000080048a0                HAL_RCC_GetPCLK1Freq
 .text.HAL_RCC_GetPCLK2Freq
                0x00000000080048c8       0x28 ./Drivers/STM32L1xx_HAL_Driver/stm32l1xx_hal_rcc.o
                0x00000000080048c8                HAL_RCC_GetPCLK2Freq
 .text.HAL_RCC_GetClockConfig
                0x00000000080048f0       0x60 ./Drivers/STM32L1xx_HAL_Driver/stm32l1xx_hal_rcc.o
                0x00000000080048f0                HAL_RCC_GetClockConfig
 .text.RCC_SetFlashLatencyFromMSIRange
                0x0000000008004950       0xc0 ./Drivers/STM32L1xx_HAL_Driver/stm32l1xx_hal_rcc.o
 .text.HAL_TIM_Base_Init
                0x0000000008004a10       0x7e ./Drivers/STM32L1xx_HAL_Driver/stm32l1xx_hal_tim.o
                0x0000000008004a10                HAL_TIM_Base_Init
 .text.HAL_TIM_Base_MspInit
                0x0000000008004a8e       0x12 ./Drivers/STM32L1xx_HAL_Driver/stm32l1xx_hal_tim.o
                0x0000000008004a8e                HAL_TIM_Base_MspInit
 .text.HAL_TIM_Base_Start_IT
                0x0000000008004aa0       0xa4 ./Drivers/STM32L1xx_HAL_Driver/stm32l1xx_hal_tim.o
                0x0000000008004aa0                HAL_TIM_Base_Start_IT
 .text.HAL_TIM_IRQHandler
                0x0000000008004b44      0x1b8 ./Drivers/STM32L1xx_HAL_Driver/stm32l1xx_hal_tim.o
                0x0000000008004b44                HAL_TIM_IRQHandler
 .text.HAL_TIM_OC_DelayElapsedCallback
                0x0000000008004cfc       0x12 ./Drivers/STM32L1xx_HAL_Driver/stm32l1xx_hal_tim.o
                0x0000000008004cfc                HAL_TIM_OC_DelayElapsedCallback
 .text.HAL_TIM_IC_CaptureCallback
                0x0000000008004d0e       0x12 ./Drivers/STM32L1xx_HAL_Driver/stm32l1xx_hal_tim.o
                0x0000000008004d0e                HAL_TIM_IC_CaptureCallback
 .text.HAL_TIM_PWM_PulseFinishedCallback
                0x0000000008004d20       0x12 ./Drivers/STM32L1xx_HAL_Driver/stm32l1xx_hal_tim.o
                0x0000000008004d20                HAL_TIM_PWM_PulseFinishedCallback
 .text.HAL_TIM_TriggerCallback
                0x0000000008004d32       0x12 ./Drivers/STM32L1xx_HAL_Driver/stm32l1xx_hal_tim.o
                0x0000000008004d32                HAL_TIM_TriggerCallback
 .text.TIM_Base_SetConfig
                0x0000000008004d44       0xc4 ./Drivers/STM32L1xx_HAL_Driver/stm32l1xx_hal_tim.o
 .text.HAL_UART_Init
                0x0000000008004e08       0xa0 ./Drivers/STM32L1xx_HAL_Driver/stm32l1xx_hal_uart.o
                0x0000000008004e08                HAL_UART_Init
 .text.UART_SetConfig
                0x0000000008004ea8      0x1c8 ./Drivers/STM32L1xx_HAL_Driver/stm32l1xx_hal_uart.o
 .text.HM10_AT_SendData
                0x0000000008005070       0x3e ./Drivers/my_libs/ble.o
 .text.HM10_AT_SendnData
                0x00000000080050ae       0x46 ./Drivers/my_libs/ble.o
 .text.HM10_hard_reset
                0x00000000080050f4       0x2c ./Drivers/my_libs/ble.o
 .text.HM10_AT_GetResponse
                0x0000000008005120       0xb0 ./Drivers/my_libs/ble.o
 .text.HM10_AT_SetParamCommand
                0x00000000080051d0       0xc0 ./Drivers/my_libs/ble.o
 .text.HM10_AT_SendCommandAndGetResponse
                0x0000000008005290       0x52 ./Drivers/my_libs/ble.o
 *fill*         0x00000000080052e2        0x2 
 .text.HM10_configure_device
                0x00000000080052e4      0x254 ./Drivers/my_libs/ble.o
                0x00000000080052e4                HM10_configure_device
 .text.HM10_restart_session
                0x0000000008005538       0xb8 ./Drivers/my_libs/ble.o
 .text.HM10_set_sleep_mode
                0x00000000080055f0       0xa4 ./Drivers/my_libs/ble.o
 .text.my_strstr
                0x0000000008005694       0x4c ./Drivers/my_libs/ble.o
 .text.HM10_handle_connection
                0x00000000080056e0      0x2d4 ./Drivers/my_libs/ble.o
                0x00000000080056e0                HM10_handle_connection
 .text.ble_enable_sleep_mode
                0x00000000080059b4       0x18 ./Drivers/my_libs/ble.o
                0x00000000080059b4                ble_enable_sleep_mode
 .text.ble_disable_sleep_mode
                0x00000000080059cc       0x24 ./Drivers/my_libs/ble.o
                0x00000000080059cc                ble_disable_sleep_mode
 .text.ble_am_i_sleeping
                0x00000000080059f0       0x20 ./Drivers/my_libs/ble.o
                0x00000000080059f0                ble_am_i_sleeping
 .text.Haptic_DRV2605_Haptic_DRV2605
                0x0000000008005a10       0x18 ./Drivers/my_libs/drv2605.o
                0x0000000008005a10                Haptic_DRV2605_Haptic_DRV2605
 .text.Haptic_DRV2605_readReg
                0x0000000008005a28       0x60 ./Drivers/my_libs/drv2605.o
                0x0000000008005a28                Haptic_DRV2605_readReg
 .text.Haptic_DRV2605_writeReg
                0x0000000008005a88       0x50 ./Drivers/my_libs/drv2605.o
                0x0000000008005a88                Haptic_DRV2605_writeReg
 .text.Haptic_DRV2605_writeRegScript
                0x0000000008005ad8       0x86 ./Drivers/my_libs/drv2605.o
                0x0000000008005ad8                Haptic_DRV2605_writeRegScript
 .text.Haptic_DRV2605_getDeviceID
                0x0000000008005b5e       0x2a ./Drivers/my_libs/drv2605.o
                0x0000000008005b5e                Haptic_DRV2605_getDeviceID
 .text.Haptic_DRV2605_inited
                0x0000000008005b88       0x14 ./Drivers/my_libs/drv2605.o
                0x0000000008005b88                Haptic_DRV2605_inited
 .text.Haptic_DRV2605_begin
                0x0000000008005b9c       0x5c ./Drivers/my_libs/drv2605.o
                0x0000000008005b9c                Haptic_DRV2605_begin
 .text.Haptic_DRV2605_playScript
                0x0000000008005bf8       0x44 ./Drivers/my_libs/drv2605.o
                0x0000000008005bf8                Haptic_DRV2605_playScript
 .text.Haptic_DRV2605_go
                0x0000000008005c3c       0x12 ./Drivers/my_libs/drv2605.o
                0x0000000008005c3c                Haptic_DRV2605_go
 .text.Haptic_DRV2605_goWait
                0x0000000008005c4e       0x24 ./Drivers/my_libs/drv2605.o
                0x0000000008005c4e                Haptic_DRV2605_goWait
 *fill*         0x0000000008005c72        0x2 
 .text.HM10_io_init
                0x0000000008005c74       0x94 ./Drivers/my_libs/hm10.o
                0x0000000008005c74                HM10_io_init
 .text.HM10_io_deinit
                0x0000000008005d08       0x90 ./Drivers/my_libs/hm10.o
                0x0000000008005d08                HM10_io_deinit
 .text.HM10_io_cmd_irq_handler
                0x0000000008005d98       0xd8 ./Drivers/my_libs/hm10.o
                0x0000000008005d98                HM10_io_cmd_irq_handler
 .text.HM10_io_cmd_getc
                0x0000000008005e70       0x50 ./Drivers/my_libs/hm10.o
                0x0000000008005e70                HM10_io_cmd_getc
 .text.HM10_io_cmd_putc
                0x0000000008005ec0       0x84 ./Drivers/my_libs/hm10.o
                0x0000000008005ec0                HM10_io_cmd_putc
 .text.LSM_readReg
                0x0000000008005f44       0x58 ./Drivers/my_libs/lsm6.o
 .text.LSM_writeReg
                0x0000000008005f9c       0x44 ./Drivers/my_libs/lsm6.o
 .text.lsm_init
                0x0000000008005fe0       0x7c ./Drivers/my_libs/lsm6.o
                0x0000000008005fe0                lsm_init
 .text.handle_lsm_steps
                0x000000000800605c       0x48 ./Drivers/my_libs/lsm6.o
                0x000000000800605c                handle_lsm_steps
 .text.motor_vibrate
                0x00000000080060a4       0x44 ./Drivers/my_libs/motor.o
                0x00000000080060a4                motor_vibrate
 .text.handle_vibration
                0x00000000080060e8       0x20 ./Drivers/my_libs/motor.o
                0x00000000080060e8                handle_vibration
 .text.map      0x0000000008006108       0x56 ./Drivers/my_libs/sens.o
                0x0000000008006108                map
 *fill*         0x000000000800615e        0x2 
 .text.floatToUintTab
                0x0000000008006160       0x64 ./Drivers/my_libs/sens.o
 .text.transform_adc_to_weight
                0x00000000080061c4       0x98 ./Drivers/my_libs/sens.o
 .text.generate_colours
                0x000000000800625c      0x18c ./Drivers/my_libs/sens.o
                0x000000000800625c                generate_colours
 .text.am_i_sitting
                0x00000000080063e8       0xc4 ./Drivers/my_libs/sens.o
 *fill*         0x00000000080064ac        0x4 
 .text.sensors_check
                0x00000000080064b0      0x1b4 ./Drivers/my_libs/sens.o
 .text.position_check
                0x0000000008006664      0x100 ./Drivers/my_libs/sens.o
 .text.sens_handler
                0x0000000008006764       0x2c ./Drivers/my_libs/sens.o
                0x0000000008006764                sens_handler
 .text.sens_reset_timestamp
                0x0000000008006790       0x18 ./Drivers/my_libs/sens.o
                0x0000000008006790                sens_reset_timestamp
 .text.sens_calibrate
                0x00000000080067a8       0xcc ./Drivers/my_libs/sens.o
                0x00000000080067a8                sens_calibrate
 .text.makeFreeRtosPriority
                0x0000000008006874       0x2e ./Middlewares/FreeRTOS/cmsis_os.o
 .text.osKernelStart
                0x00000000080068a2        0xe ./Middlewares/FreeRTOS/cmsis_os.o
                0x00000000080068a2                osKernelStart
 .text.osThreadCreate
                0x00000000080068b0       0x98 ./Middlewares/FreeRTOS/cmsis_os.o
                0x00000000080068b0                osThreadCreate
 .text.osDelay  0x0000000008006948       0x28 ./Middlewares/FreeRTOS/cmsis_os.o
                0x0000000008006948                osDelay
 .text.pvPortMalloc
                0x0000000008006970      0x188 ./Middlewares/FreeRTOS/heap_4.o
                0x0000000008006970                pvPortMalloc
 .text.vPortFree
                0x0000000008006af8       0xb4 ./Middlewares/FreeRTOS/heap_4.o
                0x0000000008006af8                vPortFree
 .text.prvHeapInit
                0x0000000008006bac       0xc4 ./Middlewares/FreeRTOS/heap_4.o
 .text.prvInsertBlockIntoFreeList
                0x0000000008006c70       0xb0 ./Middlewares/FreeRTOS/heap_4.o
 .text.vListInitialise
                0x0000000008006d20       0x3e ./Middlewares/FreeRTOS/list.o
                0x0000000008006d20                vListInitialise
 .text.vListInitialiseItem
                0x0000000008006d5e       0x18 ./Middlewares/FreeRTOS/list.o
                0x0000000008006d5e                vListInitialiseItem
 .text.vListInsertEnd
                0x0000000008006d76       0x46 ./Middlewares/FreeRTOS/list.o
                0x0000000008006d76                vListInsertEnd
 .text.vListInsert
                0x0000000008006dbc       0x70 ./Middlewares/FreeRTOS/list.o
                0x0000000008006dbc                vListInsert
 .text.uxListRemove
                0x0000000008006e2c       0x52 ./Middlewares/FreeRTOS/list.o
                0x0000000008006e2c                uxListRemove
 *fill*         0x0000000008006e7e        0x2 
 .text.pxPortInitialiseStack
                0x0000000008006e80       0x58 ./Middlewares/FreeRTOS/port.o
                0x0000000008006e80                pxPortInitialiseStack
 .text.prvTaskExitError
                0x0000000008006ed8       0x58 ./Middlewares/FreeRTOS/port.o
 .text.SVC_Handler
                0x0000000008006f30       0x28 ./Middlewares/FreeRTOS/port.o
                0x0000000008006f30                SVC_Handler
 .text.prvPortStartFirstTask
                0x0000000008006f58       0x20 ./Middlewares/FreeRTOS/port.o
 .text.xPortStartScheduler
                0x0000000008006f78       0xe4 ./Middlewares/FreeRTOS/port.o
                0x0000000008006f78                xPortStartScheduler
 .text.vPortEnterCritical
                0x000000000800705c       0x60 ./Middlewares/FreeRTOS/port.o
                0x000000000800705c                vPortEnterCritical
 .text.vPortExitCritical
                0x00000000080070bc       0x50 ./Middlewares/FreeRTOS/port.o
                0x00000000080070bc                vPortExitCritical
 *fill*         0x000000000800710c        0x4 
 .text.PendSV_Handler
                0x0000000008007110       0x48 ./Middlewares/FreeRTOS/port.o
                0x0000000008007110                PendSV_Handler
 .text.SysTick_Handler
                0x0000000008007158       0x44 ./Middlewares/FreeRTOS/port.o
                0x0000000008007158                SysTick_Handler
 .text.vPortSetupTimerInterrupt
                0x000000000800719c       0x44 ./Middlewares/FreeRTOS/port.o
                0x000000000800719c                vPortSetupTimerInterrupt
 .text.xTaskCreateStatic
                0x00000000080071e0       0xb8 ./Middlewares/FreeRTOS/tasks.o
                0x00000000080071e0                xTaskCreateStatic
 .text.xTaskCreate
                0x0000000008007298       0x8a ./Middlewares/FreeRTOS/tasks.o
                0x0000000008007298                xTaskCreate
 *fill*         0x0000000008007322        0x2 
 .text.prvInitialiseNewTask
                0x0000000008007324      0x12c ./Middlewares/FreeRTOS/tasks.o
 .text.prvAddNewTaskToReadyList
                0x0000000008007450       0xd4 ./Middlewares/FreeRTOS/tasks.o
 .text.vTaskDelay
                0x0000000008007524       0x68 ./Middlewares/FreeRTOS/tasks.o
                0x0000000008007524                vTaskDelay
 .text.vTaskStartScheduler
                0x000000000800758c       0xd4 ./Middlewares/FreeRTOS/tasks.o
                0x000000000800758c                vTaskStartScheduler
 .text.vTaskSuspendAll
                0x0000000008007660       0x1c ./Middlewares/FreeRTOS/tasks.o
                0x0000000008007660                vTaskSuspendAll
 .text.xTaskResumeAll
                0x000000000800767c      0x138 ./Middlewares/FreeRTOS/tasks.o
                0x000000000800767c                xTaskResumeAll
 .text.xTaskIncrementTick
                0x00000000080077b4      0x17c ./Middlewares/FreeRTOS/tasks.o
                0x00000000080077b4                xTaskIncrementTick
 .text.vTaskSwitchContext
                0x0000000008007930       0xc4 ./Middlewares/FreeRTOS/tasks.o
                0x0000000008007930                vTaskSwitchContext
 .text.prvIdleTask
                0x00000000080079f4       0x30 ./Middlewares/FreeRTOS/tasks.o
 .text.prvInitialiseTaskLists
                0x0000000008007a24       0x80 ./Middlewares/FreeRTOS/tasks.o
 .text.prvCheckTasksWaitingTermination
                0x0000000008007aa4       0x5c ./Middlewares/FreeRTOS/tasks.o
 .text.prvDeleteTCB
                0x0000000008007b00       0x68 ./Middlewares/FreeRTOS/tasks.o
 .text.prvResetNextTaskUnblockTime
                0x0000000008007b68       0x48 ./Middlewares/FreeRTOS/tasks.o
 .text.prvAddCurrentTaskToDelayedList
                0x0000000008007bb0       0xcc ./Middlewares/FreeRTOS/tasks.o
 .text.__errno  0x0000000008007c7c        0xc c:/st/stm32cubeide_1.12.1/stm32cubeide/plugins/com.st.stm32cube.ide.mcu.externaltools.gnu-tools-for-stm32.10.3-2021.10.win32_1.0.200.202301161003/tools/bin/../lib/gcc/arm-none-eabi/10.3.1/../../../../arm-none-eabi/lib/thumb/v7-m/nofp\libc_nano.a(lib_a-errno.o)
                0x0000000008007c7c                __errno
 .text.__libc_init_array
                0x0000000008007c88       0x48 c:/st/stm32cubeide_1.12.1/stm32cubeide/plugins/com.st.stm32cube.ide.mcu.externaltools.gnu-tools-for-stm32.10.3-2021.10.win32_1.0.200.202301161003/tools/bin/../lib/gcc/arm-none-eabi/10.3.1/../../../../arm-none-eabi/lib/thumb/v7-m/nofp\libc_nano.a(lib_a-init.o)
                0x0000000008007c88                __libc_init_array
 .text.__retarget_lock_acquire_recursive
                0x0000000008007cd0        0x2 c:/st/stm32cubeide_1.12.1/stm32cubeide/plugins/com.st.stm32cube.ide.mcu.externaltools.gnu-tools-for-stm32.10.3-2021.10.win32_1.0.200.202301161003/tools/bin/../lib/gcc/arm-none-eabi/10.3.1/../../../../arm-none-eabi/lib/thumb/v7-m/nofp\libc_nano.a(lib_a-lock.o)
                0x0000000008007cd0                __retarget_lock_acquire_recursive
 .text.__retarget_lock_release_recursive
                0x0000000008007cd2        0x2 c:/st/stm32cubeide_1.12.1/stm32cubeide/plugins/com.st.stm32cube.ide.mcu.externaltools.gnu-tools-for-stm32.10.3-2021.10.win32_1.0.200.202301161003/tools/bin/../lib/gcc/arm-none-eabi/10.3.1/../../../../arm-none-eabi/lib/thumb/v7-m/nofp\libc_nano.a(lib_a-lock.o)
                0x0000000008007cd2                __retarget_lock_release_recursive
 .text.memcpy   0x0000000008007cd4       0x1c c:/st/stm32cubeide_1.12.1/stm32cubeide/plugins/com.st.stm32cube.ide.mcu.externaltools.gnu-tools-for-stm32.10.3-2021.10.win32_1.0.200.202301161003/tools/bin/../lib/gcc/arm-none-eabi/10.3.1/../../../../arm-none-eabi/lib/thumb/v7-m/nofp\libc_nano.a(lib_a-memcpy-stub.o)
                0x0000000008007cd4                memcpy
 .text.memset   0x0000000008007cf0       0x10 c:/st/stm32cubeide_1.12.1/stm32cubeide/plugins/com.st.stm32cube.ide.mcu.externaltools.gnu-tools-for-stm32.10.3-2021.10.win32_1.0.200.202301161003/tools/bin/../lib/gcc/arm-none-eabi/10.3.1/../../../../arm-none-eabi/lib/thumb/v7-m/nofp\libc_nano.a(lib_a-memset.o)
                0x0000000008007cf0                memset
 .text.sbrk_aligned
                0x0000000008007d00       0x40 c:/st/stm32cubeide_1.12.1/stm32cubeide/plugins/com.st.stm32cube.ide.mcu.externaltools.gnu-tools-for-stm32.10.3-2021.10.win32_1.0.200.202301161003/tools/bin/../lib/gcc/arm-none-eabi/10.3.1/../../../../arm-none-eabi/lib/thumb/v7-m/nofp\libc_nano.a(lib_a-nano-mallocr.o)
 .text._malloc_r
                0x0000000008007d40       0xe8 c:/st/stm32cubeide_1.12.1/stm32cubeide/plugins/com.st.stm32cube.ide.mcu.externaltools.gnu-tools-for-stm32.10.3-2021.10.win32_1.0.200.202301161003/tools/bin/../lib/gcc/arm-none-eabi/10.3.1/../../../../arm-none-eabi/lib/thumb/v7-m/nofp\libc_nano.a(lib_a-nano-mallocr.o)
                0x0000000008007d40                _malloc_r
 .text.cleanup_glue
                0x0000000008007e28       0x1a c:/st/stm32cubeide_1.12.1/stm32cubeide/plugins/com.st.stm32cube.ide.mcu.externaltools.gnu-tools-for-stm32.10.3-2021.10.win32_1.0.200.202301161003/tools/bin/../lib/gcc/arm-none-eabi/10.3.1/../../../../arm-none-eabi/lib/thumb/v7-m/nofp\libc_nano.a(lib_a-reent.o)
                0x0000000008007e28                cleanup_glue
 *fill*         0x0000000008007e42        0x2 
 .text._reclaim_reent
                0x0000000008007e44       0xb8 c:/st/stm32cubeide_1.12.1/stm32cubeide/plugins/com.st.stm32cube.ide.mcu.externaltools.gnu-tools-for-stm32.10.3-2021.10.win32_1.0.200.202301161003/tools/bin/../lib/gcc/arm-none-eabi/10.3.1/../../../../arm-none-eabi/lib/thumb/v7-m/nofp\libc_nano.a(lib_a-reent.o)
                0x0000000008007e44                _reclaim_reent
 .text._sbrk_r  0x0000000008007efc       0x20 c:/st/stm32cubeide_1.12.1/stm32cubeide/plugins/com.st.stm32cube.ide.mcu.externaltools.gnu-tools-for-stm32.10.3-2021.10.win32_1.0.200.202301161003/tools/bin/../lib/gcc/arm-none-eabi/10.3.1/../../../../arm-none-eabi/lib/thumb/v7-m/nofp\libc_nano.a(lib_a-sbrkr.o)
                0x0000000008007efc                _sbrk_r
 .text.sprintf  0x0000000008007f1c       0x40 c:/st/stm32cubeide_1.12.1/stm32cubeide/plugins/com.st.stm32cube.ide.mcu.externaltools.gnu-tools-for-stm32.10.3-2021.10.win32_1.0.200.202301161003/tools/bin/../lib/gcc/arm-none-eabi/10.3.1/../../../../arm-none-eabi/lib/thumb/v7-m/nofp\libc_nano.a(lib_a-sprintf.o)
                0x0000000008007f1c                siprintf
                0x0000000008007f1c                sprintf
 .text.sscanf   0x0000000008007f5c       0x54 c:/st/stm32cubeide_1.12.1/stm32cubeide/plugins/com.st.stm32cube.ide.mcu.externaltools.gnu-tools-for-stm32.10.3-2021.10.win32_1.0.200.202301161003/tools/bin/../lib/gcc/arm-none-eabi/10.3.1/../../../../arm-none-eabi/lib/thumb/v7-m/nofp\libc_nano.a(lib_a-sscanf.o)
                0x0000000008007f5c                siscanf
                0x0000000008007f5c                sscanf
 .text.__seofread
                0x0000000008007fb0        0x4 c:/st/stm32cubeide_1.12.1/stm32cubeide/plugins/com.st.stm32cube.ide.mcu.externaltools.gnu-tools-for-stm32.10.3-2021.10.win32_1.0.200.202301161003/tools/bin/../lib/gcc/arm-none-eabi/10.3.1/../../../../arm-none-eabi/lib/thumb/v7-m/nofp\libc_nano.a(lib_a-stdio.o)
                0x0000000008007fb0                __seofread
 .text.strncmp  0x0000000008007fb4       0x28 c:/st/stm32cubeide_1.12.1/stm32cubeide/plugins/com.st.stm32cube.ide.mcu.externaltools.gnu-tools-for-stm32.10.3-2021.10.win32_1.0.200.202301161003/tools/bin/../lib/gcc/arm-none-eabi/10.3.1/../../../../arm-none-eabi/lib/thumb/v7-m/nofp\libc_nano.a(lib_a-strncmp.o)
                0x0000000008007fb4                strncmp
 .text.__malloc_lock
                0x0000000008007fdc        0xc c:/st/stm32cubeide_1.12.1/stm32cubeide/plugins/com.st.stm32cube.ide.mcu.externaltools.gnu-tools-for-stm32.10.3-2021.10.win32_1.0.200.202301161003/tools/bin/../lib/gcc/arm-none-eabi/10.3.1/../../../../arm-none-eabi/lib/thumb/v7-m/nofp\libc_nano.a(lib_a-mlock.o)
                0x0000000008007fdc                __malloc_lock
 .text.__malloc_unlock
                0x0000000008007fe8        0xc c:/st/stm32cubeide_1.12.1/stm32cubeide/plugins/com.st.stm32cube.ide.mcu.externaltools.gnu-tools-for-stm32.10.3-2021.10.win32_1.0.200.202301161003/tools/bin/../lib/gcc/arm-none-eabi/10.3.1/../../../../arm-none-eabi/lib/thumb/v7-m/nofp\libc_nano.a(lib_a-mlock.o)
                0x0000000008007fe8                __malloc_unlock
 .text._free_r  0x0000000008007ff4       0x90 c:/st/stm32cubeide_1.12.1/stm32cubeide/plugins/com.st.stm32cube.ide.mcu.externaltools.gnu-tools-for-stm32.10.3-2021.10.win32_1.0.200.202301161003/tools/bin/../lib/gcc/arm-none-eabi/10.3.1/../../../../arm-none-eabi/lib/thumb/v7-m/nofp\libc_nano.a(lib_a-nano-freer.o)
                0x0000000008007ff4                _free_r
 .text.__ssputs_r
                0x0000000008008084       0xb6 c:/st/stm32cubeide_1.12.1/stm32cubeide/plugins/com.st.stm32cube.ide.mcu.externaltools.gnu-tools-for-stm32.10.3-2021.10.win32_1.0.200.202301161003/tools/bin/../lib/gcc/arm-none-eabi/10.3.1/../../../../arm-none-eabi/lib/thumb/v7-m/nofp\libc_nano.a(lib_a-nano-svfprintf.o)
                0x0000000008008084                __ssputs_r
 *fill*         0x000000000800813a        0x2 
 .text._svfprintf_r
                0x000000000800813c      0x200 c:/st/stm32cubeide_1.12.1/stm32cubeide/plugins/com.st.stm32cube.ide.mcu.externaltools.gnu-tools-for-stm32.10.3-2021.10.win32_1.0.200.202301161003/tools/bin/../lib/gcc/arm-none-eabi/10.3.1/../../../../arm-none-eabi/lib/thumb/v7-m/nofp\libc_nano.a(lib_a-nano-svfprintf.o)
                0x000000000800813c                _svfiprintf_r
                0x000000000800813c                _svfprintf_r
 .text._sungetc_r
                0x000000000800833c       0x7a c:/st/stm32cubeide_1.12.1/stm32cubeide/plugins/com.st.stm32cube.ide.mcu.externaltools.gnu-tools-for-stm32.10.3-2021.10.win32_1.0.200.202301161003/tools/bin/../lib/gcc/arm-none-eabi/10.3.1/../../../../arm-none-eabi/lib/thumb/v7-m/nofp\libc_nano.a(lib_a-nano-svfscanf.o)
                0x000000000800833c                _sungetc_r
 .text.__ssrefill_r
                0x00000000080083b6       0x3a c:/st/stm32cubeide_1.12.1/stm32cubeide/plugins/com.st.stm32cube.ide.mcu.externaltools.gnu-tools-for-stm32.10.3-2021.10.win32_1.0.200.202301161003/tools/bin/../lib/gcc/arm-none-eabi/10.3.1/../../../../arm-none-eabi/lib/thumb/v7-m/nofp\libc_nano.a(lib_a-nano-svfscanf.o)
                0x00000000080083b6                __ssrefill_r
 .text.__ssvfscanf_r
                0x00000000080083f0      0x2f4 c:/st/stm32cubeide_1.12.1/stm32cubeide/plugins/com.st.stm32cube.ide.mcu.externaltools.gnu-tools-for-stm32.10.3-2021.10.win32_1.0.200.202301161003/tools/bin/../lib/gcc/arm-none-eabi/10.3.1/../../../../arm-none-eabi/lib/thumb/v7-m/nofp\libc_nano.a(lib_a-nano-svfscanf.o)
                0x00000000080083f0                __ssvfiscanf_r
                0x00000000080083f0                __ssvfscanf_r
 .text._printf_common
                0x00000000080086e4       0xde c:/st/stm32cubeide_1.12.1/stm32cubeide/plugins/com.st.stm32cube.ide.mcu.externaltools.gnu-tools-for-stm32.10.3-2021.10.win32_1.0.200.202301161003/tools/bin/../lib/gcc/arm-none-eabi/10.3.1/../../../../arm-none-eabi/lib/thumb/v7-m/nofp\libc_nano.a(lib_a-nano-vfprintf_i.o)
                0x00000000080086e4                _printf_common
 *fill*         0x00000000080087c2        0x2 
 .text._printf_i
                0x00000000080087c4      0x24c c:/st/stm32cubeide_1.12.1/stm32cubeide/plugins/com.st.stm32cube.ide.mcu.externaltools.gnu-tools-for-stm32.10.3-2021.10.win32_1.0.200.202301161003/tools/bin/../lib/gcc/arm-none-eabi/10.3.1/../../../../arm-none-eabi/lib/thumb/v7-m/nofp\libc_nano.a(lib_a-nano-vfprintf_i.o)
                0x00000000080087c4                _printf_i
 .text._scanf_chars
                0x0000000008008a10       0xb4 c:/st/stm32cubeide_1.12.1/stm32cubeide/plugins/com.st.stm32cube.ide.mcu.externaltools.gnu-tools-for-stm32.10.3-2021.10.win32_1.0.200.202301161003/tools/bin/../lib/gcc/arm-none-eabi/10.3.1/../../../../arm-none-eabi/lib/thumb/v7-m/nofp\libc_nano.a(lib_a-nano-vfscanf_i.o)
                0x0000000008008a10                _scanf_chars
 .text._scanf_i
                0x0000000008008ac4      0x1f0 c:/st/stm32cubeide_1.12.1/stm32cubeide/plugins/com.st.stm32cube.ide.mcu.externaltools.gnu-tools-for-stm32.10.3-2021.10.win32_1.0.200.202301161003/tools/bin/../lib/gcc/arm-none-eabi/10.3.1/../../../../arm-none-eabi/lib/thumb/v7-m/nofp\libc_nano.a(lib_a-nano-vfscanf_i.o)
                0x0000000008008ac4                _scanf_i
 .text.__sccl   0x0000000008008cb4       0x70 c:/st/stm32cubeide_1.12.1/stm32cubeide/plugins/com.st.stm32cube.ide.mcu.externaltools.gnu-tools-for-stm32.10.3-2021.10.win32_1.0.200.202301161003/tools/bin/../lib/gcc/arm-none-eabi/10.3.1/../../../../arm-none-eabi/lib/thumb/v7-m/nofp\libc_nano.a(lib_a-sccl.o)
                0x0000000008008cb4                __sccl
 .text._strtol_l.constprop.0
                0x0000000008008d24       0xf8 c:/st/stm32cubeide_1.12.1/stm32cubeide/plugins/com.st.stm32cube.ide.mcu.externaltools.gnu-tools-for-stm32.10.3-2021.10.win32_1.0.200.202301161003/tools/bin/../lib/gcc/arm-none-eabi/10.3.1/../../../../arm-none-eabi/lib/thumb/v7-m/nofp\libc_nano.a(lib_a-strtol.o)
 .text._strtol_r
                0x0000000008008e1c        0x4 c:/st/stm32cubeide_1.12.1/stm32cubeide/plugins/com.st.stm32cube.ide.mcu.externaltools.gnu-tools-for-stm32.10.3-2021.10.win32_1.0.200.202301161003/tools/bin/../lib/gcc/arm-none-eabi/10.3.1/../../../../arm-none-eabi/lib/thumb/v7-m/nofp\libc_nano.a(lib_a-strtol.o)
                0x0000000008008e1c                _strtol_r
 .text._strtoul_l.constprop.0
                0x0000000008008e20       0xe4 c:/st/stm32cubeide_1.12.1/stm32cubeide/plugins/com.st.stm32cube.ide.mcu.externaltools.gnu-tools-for-stm32.10.3-2021.10.win32_1.0.200.202301161003/tools/bin/../lib/gcc/arm-none-eabi/10.3.1/../../../../arm-none-eabi/lib/thumb/v7-m/nofp\libc_nano.a(lib_a-strtoul.o)
 .text._strtoul_r
                0x0000000008008f04        0x4 c:/st/stm32cubeide_1.12.1/stm32cubeide/plugins/com.st.stm32cube.ide.mcu.externaltools.gnu-tools-for-stm32.10.3-2021.10.win32_1.0.200.202301161003/tools/bin/../lib/gcc/arm-none-eabi/10.3.1/../../../../arm-none-eabi/lib/thumb/v7-m/nofp\libc_nano.a(lib_a-strtoul.o)
                0x0000000008008f04                _strtoul_r
 .text.__submore
                0x0000000008008f08       0x70 c:/st/stm32cubeide_1.12.1/stm32cubeide/plugins/com.st.stm32cube.ide.mcu.externaltools.gnu-tools-for-stm32.10.3-2021.10.win32_1.0.200.202301161003/tools/bin/../lib/gcc/arm-none-eabi/10.3.1/../../../../arm-none-eabi/lib/thumb/v7-m/nofp\libc_nano.a(lib_a-ungetc.o)
                0x0000000008008f08                __submore
 .text.memchr   0x0000000008008f78       0x1c c:/st/stm32cubeide_1.12.1/stm32cubeide/plugins/com.st.stm32cube.ide.mcu.externaltools.gnu-tools-for-stm32.10.3-2021.10.win32_1.0.200.202301161003/tools/bin/../lib/gcc/arm-none-eabi/10.3.1/../../../../arm-none-eabi/lib/thumb/v7-m/nofp\libc_nano.a(lib_a-memchr-stub.o)
                0x0000000008008f78                memchr
 .text.memmove  0x0000000008008f94       0x34 c:/st/stm32cubeide_1.12.1/stm32cubeide/plugins/com.st.stm32cube.ide.mcu.externaltools.gnu-tools-for-stm32.10.3-2021.10.win32_1.0.200.202301161003/tools/bin/../lib/gcc/arm-none-eabi/10.3.1/../../../../arm-none-eabi/lib/thumb/v7-m/nofp\libc_nano.a(lib_a-memmove.o)
                0x0000000008008f94                memmove
 .text._realloc_r
                0x0000000008008fc8       0x5e c:/st/stm32cubeide_1.12.1/stm32cubeide/plugins/com.st.stm32cube.ide.mcu.externaltools.gnu-tools-for-stm32.10.3-2021.10.win32_1.0.200.202301161003/tools/bin/../lib/gcc/arm-none-eabi/10.3.1/../../../../arm-none-eabi/lib/thumb/v7-m/nofp\libc_nano.a(lib_a-nano-reallocr.o)
                0x0000000008008fc8                _realloc_r
 .text._malloc_usable_size_r
                0x0000000008009026       0x10 c:/st/stm32cubeide_1.12.1/stm32cubeide/plugins/com.st.stm32cube.ide.mcu.externaltools.gnu-tools-for-stm32.10.3-2021.10.win32_1.0.200.202301161003/tools/bin/../lib/gcc/arm-none-eabi/10.3.1/../../../../arm-none-eabi/lib/thumb/v7-m/nofp\libc_nano.a(lib_a-nano-msizer.o)
                0x0000000008009026                _malloc_usable_size_r
 *(.glue_7)
 .glue_7        0x0000000008009036        0x0 linker stubs
 *(.glue_7t)
 .glue_7t       0x0000000008009036        0x0 linker stubs
 *(.eh_frame)
 *fill*         0x0000000008009036        0x2 
 .eh_frame      0x0000000008009038        0x0 c:/st/stm32cubeide_1.12.1/stm32cubeide/plugins/com.st.stm32cube.ide.mcu.externaltools.gnu-tools-for-stm32.10.3-2021.10.win32_1.0.200.202301161003/tools/bin/../lib/gcc/arm-none-eabi/10.3.1/thumb/v7-m/nofp/crtbegin.o
 *(.init)
 .init          0x0000000008009038        0x4 c:/st/stm32cubeide_1.12.1/stm32cubeide/plugins/com.st.stm32cube.ide.mcu.externaltools.gnu-tools-for-stm32.10.3-2021.10.win32_1.0.200.202301161003/tools/bin/../lib/gcc/arm-none-eabi/10.3.1/thumb/v7-m/nofp/crti.o
                0x0000000008009038                _init
 .init          0x000000000800903c        0x8 c:/st/stm32cubeide_1.12.1/stm32cubeide/plugins/com.st.stm32cube.ide.mcu.externaltools.gnu-tools-for-stm32.10.3-2021.10.win32_1.0.200.202301161003/tools/bin/../lib/gcc/arm-none-eabi/10.3.1/thumb/v7-m/nofp/crtn.o
 *(.fini)
 .fini          0x0000000008009044        0x4 c:/st/stm32cubeide_1.12.1/stm32cubeide/plugins/com.st.stm32cube.ide.mcu.externaltools.gnu-tools-for-stm32.10.3-2021.10.win32_1.0.200.202301161003/tools/bin/../lib/gcc/arm-none-eabi/10.3.1/thumb/v7-m/nofp/crti.o
                0x0000000008009044                _fini
 .fini          0x0000000008009048        0x8 c:/st/stm32cubeide_1.12.1/stm32cubeide/plugins/com.st.stm32cube.ide.mcu.externaltools.gnu-tools-for-stm32.10.3-2021.10.win32_1.0.200.202301161003/tools/bin/../lib/gcc/arm-none-eabi/10.3.1/thumb/v7-m/nofp/crtn.o
                0x0000000008009050                . = ALIGN (0x4)
                0x0000000008009050                _etext = .

.vfp11_veneer   0x0000000008009050        0x0
 .vfp11_veneer  0x0000000008009050        0x0 linker stubs

.v4_bx          0x0000000008009050        0x0
 .v4_bx         0x0000000008009050        0x0 linker stubs

.iplt           0x0000000008009050        0x0
 .iplt          0x0000000008009050        0x0 c:/st/stm32cubeide_1.12.1/stm32cubeide/plugins/com.st.stm32cube.ide.mcu.externaltools.gnu-tools-for-stm32.10.3-2021.10.win32_1.0.200.202301161003/tools/bin/../lib/gcc/arm-none-eabi/10.3.1/thumb/v7-m/nofp/crtbegin.o

.rodata         0x0000000008009050      0x438
                0x0000000008009050                . = ALIGN (0x4)
 *(.rodata)
 .rodata        0x0000000008009050       0x9c ./Application/User/Core/main.o
 .rodata        0x00000000080090ec      0x161 ./Drivers/my_libs/ble.o
 *fill*         0x000000000800924d        0x3 
 .rodata        0x0000000008009250        0x5 ./Middlewares/FreeRTOS/tasks.o
 *fill*         0x0000000008009255        0x3 
 .rodata        0x0000000008009258        0xc c:/st/stm32cubeide_1.12.1/stm32cubeide/plugins/com.st.stm32cube.ide.mcu.externaltools.gnu-tools-for-stm32.10.3-2021.10.win32_1.0.200.202301161003/tools/bin/../lib/gcc/arm-none-eabi/10.3.1/../../../../arm-none-eabi/lib/thumb/v7-m/nofp\libc_nano.a(lib_a-nano-vfscanf_i.o)
 *(.rodata*)
 .rodata.PLLMulTable
                0x0000000008009264        0x9 ./Drivers/CMSIS/system_stm32l1xx.o
                0x0000000008009264                PLLMulTable
 *fill*         0x000000000800926d        0x3 
 .rodata.AHBPrescTable
                0x0000000008009270       0x10 ./Drivers/CMSIS/system_stm32l1xx.o
                0x0000000008009270                AHBPrescTable
 .rodata.APBPrescTable
                0x0000000008009280        0x8 ./Drivers/CMSIS/system_stm32l1xx.o
                0x0000000008009280                APBPrescTable
 .rodata.haptic_reset
                0x0000000008009288        0x6 ./Drivers/my_libs/drv2605.o
                0x0000000008009288                haptic_reset
 *fill*         0x000000000800928e        0x2 
 .rodata.haptic_ERM_basic
                0x0000000008009290       0x22 ./Drivers/my_libs/drv2605.o
                0x0000000008009290                haptic_ERM_basic
 *fill*         0x00000000080092b2        0x2 
 .rodata.haptic_ERM_coin
                0x00000000080092b4       0x22 ./Drivers/my_libs/drv2605.o
                0x00000000080092b4                haptic_ERM_coin
 *fill*         0x00000000080092d6        0x2 
 .rodata.__sf_fake_stderr
                0x00000000080092d8       0x20 c:/st/stm32cubeide_1.12.1/stm32cubeide/plugins/com.st.stm32cube.ide.mcu.externaltools.gnu-tools-for-stm32.10.3-2021.10.win32_1.0.200.202301161003/tools/bin/../lib/gcc/arm-none-eabi/10.3.1/../../../../arm-none-eabi/lib/thumb/v7-m/nofp\libc_nano.a(lib_a-findfp.o)
                0x00000000080092d8                __sf_fake_stderr
 .rodata.__sf_fake_stdin
                0x00000000080092f8       0x20 c:/st/stm32cubeide_1.12.1/stm32cubeide/plugins/com.st.stm32cube.ide.mcu.externaltools.gnu-tools-for-stm32.10.3-2021.10.win32_1.0.200.202301161003/tools/bin/../lib/gcc/arm-none-eabi/10.3.1/../../../../arm-none-eabi/lib/thumb/v7-m/nofp\libc_nano.a(lib_a-findfp.o)
                0x00000000080092f8                __sf_fake_stdin
 .rodata.__sf_fake_stdout
                0x0000000008009318       0x20 c:/st/stm32cubeide_1.12.1/stm32cubeide/plugins/com.st.stm32cube.ide.mcu.externaltools.gnu-tools-for-stm32.10.3-2021.10.win32_1.0.200.202301161003/tools/bin/../lib/gcc/arm-none-eabi/10.3.1/../../../../arm-none-eabi/lib/thumb/v7-m/nofp\libc_nano.a(lib_a-findfp.o)
                0x0000000008009318                __sf_fake_stdout
 .rodata._svfprintf_r.str1.1
                0x0000000008009338       0x11 c:/st/stm32cubeide_1.12.1/stm32cubeide/plugins/com.st.stm32cube.ide.mcu.externaltools.gnu-tools-for-stm32.10.3-2021.10.win32_1.0.200.202301161003/tools/bin/../lib/gcc/arm-none-eabi/10.3.1/../../../../arm-none-eabi/lib/thumb/v7-m/nofp\libc_nano.a(lib_a-nano-svfprintf.o)
 .rodata.__ssvfscanf_r.str1.1
                0x0000000008009349        0x4 c:/st/stm32cubeide_1.12.1/stm32cubeide/plugins/com.st.stm32cube.ide.mcu.externaltools.gnu-tools-for-stm32.10.3-2021.10.win32_1.0.200.202301161003/tools/bin/../lib/gcc/arm-none-eabi/10.3.1/../../../../arm-none-eabi/lib/thumb/v7-m/nofp\libc_nano.a(lib_a-nano-svfscanf.o)
 .rodata._printf_i.str1.1
                0x0000000008009349       0x22 c:/st/stm32cubeide_1.12.1/stm32cubeide/plugins/com.st.stm32cube.ide.mcu.externaltools.gnu-tools-for-stm32.10.3-2021.10.win32_1.0.200.202301161003/tools/bin/../lib/gcc/arm-none-eabi/10.3.1/../../../../arm-none-eabi/lib/thumb/v7-m/nofp\libc_nano.a(lib_a-nano-vfprintf_i.o)
 .rodata.str1.1
                0x000000000800936b        0x9 c:/st/stm32cubeide_1.12.1/stm32cubeide/plugins/com.st.stm32cube.ide.mcu.externaltools.gnu-tools-for-stm32.10.3-2021.10.win32_1.0.200.202301161003/tools/bin/../lib/gcc/arm-none-eabi/10.3.1/../../../../arm-none-eabi/lib/thumb/v7-m/nofp\libc_nano.a(lib_a-nano-vfscanf_i.o)
 .rodata._scanf_i.str1.1
                0x0000000008009374       0x12 c:/st/stm32cubeide_1.12.1/stm32cubeide/plugins/com.st.stm32cube.ide.mcu.externaltools.gnu-tools-for-stm32.10.3-2021.10.win32_1.0.200.202301161003/tools/bin/../lib/gcc/arm-none-eabi/10.3.1/../../../../arm-none-eabi/lib/thumb/v7-m/nofp\libc_nano.a(lib_a-nano-vfscanf_i.o)
 .rodata._ctype_
                0x0000000008009386      0x101 c:/st/stm32cubeide_1.12.1/stm32cubeide/plugins/com.st.stm32cube.ide.mcu.externaltools.gnu-tools-for-stm32.10.3-2021.10.win32_1.0.200.202301161003/tools/bin/../lib/gcc/arm-none-eabi/10.3.1/../../../../arm-none-eabi/lib/thumb/v7-m/nofp\libc_nano.a(lib_a-ctype_.o)
                0x0000000008009386                _ctype_
                0x0000000008009488                . = ALIGN (0x4)
 *fill*         0x0000000008009487        0x1 

.ARM.extab      0x0000000008009488        0x0
                0x0000000008009488                . = ALIGN (0x4)
 *(.ARM.extab* .gnu.linkonce.armextab.*)
                0x0000000008009488                . = ALIGN (0x4)

.ARM            0x0000000008009488        0x8
                0x0000000008009488                . = ALIGN (0x4)
                0x0000000008009488                __exidx_start = .
 *(.ARM.exidx*)
 .ARM.exidx     0x0000000008009488        0x8 c:/st/stm32cubeide_1.12.1/stm32cubeide/plugins/com.st.stm32cube.ide.mcu.externaltools.gnu-tools-for-stm32.10.3-2021.10.win32_1.0.200.202301161003/tools/bin/../lib/gcc/arm-none-eabi/10.3.1/thumb/v7-m/nofp\libgcc.a(_udivmoddi4.o)
                0x0000000008009490                __exidx_end = .
                0x0000000008009490                . = ALIGN (0x4)

.rel.dyn        0x0000000008009490        0x0
 .rel.iplt      0x0000000008009490        0x0 c:/st/stm32cubeide_1.12.1/stm32cubeide/plugins/com.st.stm32cube.ide.mcu.externaltools.gnu-tools-for-stm32.10.3-2021.10.win32_1.0.200.202301161003/tools/bin/../lib/gcc/arm-none-eabi/10.3.1/thumb/v7-m/nofp/crtbegin.o

.preinit_array  0x0000000008009490        0x0
                0x0000000008009490                . = ALIGN (0x4)
                0x0000000008009490                PROVIDE (__preinit_array_start = .)
 *(.preinit_array*)
                0x0000000008009490                PROVIDE (__preinit_array_end = .)
                0x0000000008009490                . = ALIGN (0x4)

.init_array     0x0000000008009490        0x4
                0x0000000008009490                . = ALIGN (0x4)
                0x0000000008009490                PROVIDE (__init_array_start = .)
 *(SORT_BY_NAME(.init_array.*))
 *(.init_array*)
 .init_array    0x0000000008009490        0x4 c:/st/stm32cubeide_1.12.1/stm32cubeide/plugins/com.st.stm32cube.ide.mcu.externaltools.gnu-tools-for-stm32.10.3-2021.10.win32_1.0.200.202301161003/tools/bin/../lib/gcc/arm-none-eabi/10.3.1/thumb/v7-m/nofp/crtbegin.o
                0x0000000008009494                PROVIDE (__init_array_end = .)
                0x0000000008009494                . = ALIGN (0x4)

.fini_array     0x0000000008009494        0x4
                0x0000000008009494                . = ALIGN (0x4)
                [!provide]                        PROVIDE (__fini_array_start = .)
 *(SORT_BY_NAME(.fini_array.*))
 *(.fini_array*)
 .fini_array    0x0000000008009494        0x4 c:/st/stm32cubeide_1.12.1/stm32cubeide/plugins/com.st.stm32cube.ide.mcu.externaltools.gnu-tools-for-stm32.10.3-2021.10.win32_1.0.200.202301161003/tools/bin/../lib/gcc/arm-none-eabi/10.3.1/thumb/v7-m/nofp/crtbegin.o
                [!provide]                        PROVIDE (__fini_array_end = .)
                0x0000000008009498                . = ALIGN (0x4)
                0x0000000008009498                _sidata = LOADADDR (.data)

.data           0x0000000020000000      0x100 load address 0x0000000008009498
                0x0000000020000000                . = ALIGN (0x4)
                0x0000000020000000                _sdata = .
 *(.data)
 *(.data*)
 .data.adc_channel_count
                0x0000000020000000        0x4 ./Application/User/Core/main.o
                0x0000000020000000                adc_channel_count
 .data.SystemCoreClock
                0x0000000020000004        0x4 ./Drivers/CMSIS/system_stm32l1xx.o
                0x0000000020000004                SystemCoreClock
 .data.uwTickPrio
                0x0000000020000008        0x4 ./Drivers/STM32L1xx_HAL_Driver/stm32l1xx_hal.o
                0x0000000020000008                uwTickPrio
 .data.uwTickFreq
                0x000000002000000c        0x4 ./Drivers/STM32L1xx_HAL_Driver/stm32l1xx_hal.o
                0x000000002000000c                uwTickFreq
 .data.stats    0x0000000020000010       0x14 ./Drivers/my_libs/ble.o
                0x0000000020000010                stats
 .data.actuator
                0x0000000020000024       0x20 ./Drivers/my_libs/drv2605.o
 .data.sens     0x0000000020000044       0x54 ./Drivers/my_libs/sens.o
                0x0000000020000044                sens
 .data.uxCriticalNesting
                0x0000000020000098        0x4 ./Middlewares/FreeRTOS/port.o
 .data._impure_ptr
                0x000000002000009c        0x4 c:/st/stm32cubeide_1.12.1/stm32cubeide/plugins/com.st.stm32cube.ide.mcu.externaltools.gnu-tools-for-stm32.10.3-2021.10.win32_1.0.200.202301161003/tools/bin/../lib/gcc/arm-none-eabi/10.3.1/../../../../arm-none-eabi/lib/thumb/v7-m/nofp\libc_nano.a(lib_a-impure.o)
                0x000000002000009c                _impure_ptr
 .data.impure_data
                0x00000000200000a0       0x60 c:/st/stm32cubeide_1.12.1/stm32cubeide/plugins/com.st.stm32cube.ide.mcu.externaltools.gnu-tools-for-stm32.10.3-2021.10.win32_1.0.200.202301161003/tools/bin/../lib/gcc/arm-none-eabi/10.3.1/../../../../arm-none-eabi/lib/thumb/v7-m/nofp\libc_nano.a(lib_a-impure.o)
 *(.RamFunc)
 *(.RamFunc*)
                0x0000000020000100                . = ALIGN (0x4)
                0x0000000020000100                _edata = .

.igot.plt       0x0000000020000100        0x0 load address 0x0000000008009598
 .igot.plt      0x0000000020000100        0x0 c:/st/stm32cubeide_1.12.1/stm32cubeide/plugins/com.st.stm32cube.ide.mcu.externaltools.gnu-tools-for-stm32.10.3-2021.10.win32_1.0.200.202301161003/tools/bin/../lib/gcc/arm-none-eabi/10.3.1/thumb/v7-m/nofp/crtbegin.o
                0x0000000020000100                . = ALIGN (0x4)

.bss            0x0000000020000100     0x1da4 load address 0x0000000008009598
                0x0000000020000100                _sbss = .
                0x0000000020000100                __bss_start__ = _sbss
 *(.bss)
 .bss           0x0000000020000100       0x1c c:/st/stm32cubeide_1.12.1/stm32cubeide/plugins/com.st.stm32cube.ide.mcu.externaltools.gnu-tools-for-stm32.10.3-2021.10.win32_1.0.200.202301161003/tools/bin/../lib/gcc/arm-none-eabi/10.3.1/thumb/v7-m/nofp/crtbegin.o
 *(.bss*)
 .bss.xIdleTaskTCBBuffer
                0x000000002000011c       0xb4 ./Application/User/Core/freertos.o
 .bss.xIdleStack
                0x00000000200001d0      0x200 ./Application/User/Core/freertos.o
 .bss.hadc      0x00000000200003d0       0x54 ./Application/User/Core/main.o
                0x00000000200003d0                hadc
 .bss.hdma_adc  0x0000000020000424       0x44 ./Application/User/Core/main.o
                0x0000000020000424                hdma_adc
 .bss.hi2c2     0x0000000020000468       0x54 ./Application/User/Core/main.o
                0x0000000020000468                hi2c2
 .bss.huart1    0x00000000200004bc       0x48 ./Application/User/Core/main.o
                0x00000000200004bc                huart1
 .bss.defaultTaskHandle
                0x0000000020000504        0x4 ./Application/User/Core/main.o
                0x0000000020000504                defaultTaskHandle
 .bss.BtTaskHandle
                0x0000000020000508        0x4 ./Application/User/Core/main.o
                0x0000000020000508                BtTaskHandle
 .bss.LraGyroTaskHandle
                0x000000002000050c        0x4 ./Application/User/Core/main.o
                0x000000002000050c                LraGyroTaskHandle
 .bss.SensorsTaskHandle
                0x0000000020000510        0x4 ./Application/User/Core/main.o
                0x0000000020000510                SensorsTaskHandle
 .bss.lpm       0x0000000020000514        0x1 ./Application/User/Core/main.o
                0x0000000020000514                lpm
 *fill*         0x0000000020000515        0x3 
 .bss.adc_dma_result
                0x0000000020000518        0xa ./Application/User/Core/main.o
                0x0000000020000518                adc_dma_result
 .bss.adc_conv_complete_flag
                0x0000000020000522        0x1 ./Application/User/Core/main.o
                0x0000000020000522                adc_conv_complete_flag
 *fill*         0x0000000020000523        0x1 
 .bss.htim11    0x0000000020000524       0x40 ./Application/User/Core/stm32l1xx_hal_timebase_tim.o
                0x0000000020000524                htim11
 .bss.__sbrk_heap_end
                0x0000000020000564        0x4 ./Application/User/Core/sysmem.o
 .bss.uwTick    0x0000000020000568        0x4 ./Drivers/STM32L1xx_HAL_Driver/stm32l1xx_hal.o
                0x0000000020000568                uwTick
 .bss.response_buf
                0x000000002000056c       0x80 ./Drivers/my_libs/ble.o
 .bss.respos    0x00000000200005ec        0x4 ./Drivers/my_libs/ble.o
                0x00000000200005ec                respos
 .bss.last_msg_ts
                0x00000000200005f0        0x4 ./Drivers/my_libs/ble.o
                0x00000000200005f0                last_msg_ts
 .bss.last_msg_t
                0x00000000200005f4        0x4 ./Drivers/my_libs/ble.o
                0x00000000200005f4                last_msg_t
 .bss.Haptic_I2C_Address
                0x00000000200005f8        0x1 ./Drivers/my_libs/drv2605.o
                0x00000000200005f8                Haptic_I2C_Address
 *fill*         0x00000000200005f9        0x3 
 .bss.scriptList
                0x00000000200005fc       0x80 ./Drivers/my_libs/drv2605.o
                0x00000000200005fc                scriptList
 .bss.inited    0x000000002000067c        0x1 ./Drivers/my_libs/drv2605.o
                0x000000002000067c                inited
 *fill*         0x000000002000067d        0x3 
 .bss.CmdUart   0x0000000020000680        0x4 ./Drivers/my_libs/hm10.o
 .bss.CmdTxBuf  0x0000000020000684       0x80 ./Drivers/my_libs/hm10.o
 .bss.CmdRxBuf  0x0000000020000704       0x80 ./Drivers/my_libs/hm10.o
 .bss.CmdTxHead
                0x0000000020000784        0x4 ./Drivers/my_libs/hm10.o
 .bss.CmdTxTail
                0x0000000020000788        0x4 ./Drivers/my_libs/hm10.o
 .bss.CmdRxHead
                0x000000002000078c        0x4 ./Drivers/my_libs/hm10.o
 .bss.CmdRxTail
                0x0000000020000790        0x4 ./Drivers/my_libs/hm10.o
 .bss.lsm_inited
                0x0000000020000794        0x1 ./Drivers/my_libs/lsm6.o
                0x0000000020000794                lsm_inited
 *fill*         0x0000000020000795        0x1 
 .bss.steps     0x0000000020000796        0x2 ./Drivers/my_libs/lsm6.o
                0x0000000020000796                steps
 .bss.vibrate_untill_ts
                0x0000000020000798        0x4 ./Drivers/my_libs/motor.o
                0x0000000020000798                vibrate_untill_ts
 .bss.reset_cnt
                0x000000002000079c        0x1 ./Drivers/my_libs/sens.o
                0x000000002000079c                reset_cnt
 *fill*         0x000000002000079d        0x3 
 .bss.feet_prev
                0x00000000200007a0       0x18 ./Drivers/my_libs/sens.o
                0x00000000200007a0                feet_prev
 .bss.pos_prev  0x00000000200007b8        0xc ./Drivers/my_libs/sens.o
                0x00000000200007b8                pos_prev
 .bss.prev      0x00000000200007c4        0x4 ./Drivers/my_libs/sens.o
                0x00000000200007c4                prev
 .bss.time      0x00000000200007c8        0x4 ./Drivers/my_libs/sens.o
                0x00000000200007c8                time
 .bss.ucHeap    0x00000000200007cc     0x157c ./Middlewares/FreeRTOS/heap_4.o
 .bss.xStart    0x0000000020001d48        0x8 ./Middlewares/FreeRTOS/heap_4.o
 .bss.pxEnd     0x0000000020001d50        0x4 ./Middlewares/FreeRTOS/heap_4.o
 .bss.xFreeBytesRemaining
                0x0000000020001d54        0x4 ./Middlewares/FreeRTOS/heap_4.o
 .bss.xMinimumEverFreeBytesRemaining
                0x0000000020001d58        0x4 ./Middlewares/FreeRTOS/heap_4.o
 .bss.xBlockAllocatedBit
                0x0000000020001d5c        0x4 ./Middlewares/FreeRTOS/heap_4.o
 .bss.ucMaxSysCallPriority
                0x0000000020001d60        0x1 ./Middlewares/FreeRTOS/port.o
 *fill*         0x0000000020001d61        0x3 
 .bss.ulMaxPRIGROUPValue
                0x0000000020001d64        0x4 ./Middlewares/FreeRTOS/port.o
 .bss.pxCurrentTCB
                0x0000000020001d68        0x4 ./Middlewares/FreeRTOS/tasks.o
                0x0000000020001d68                pxCurrentTCB
 .bss.pxReadyTasksLists
                0x0000000020001d6c       0x8c ./Middlewares/FreeRTOS/tasks.o
 .bss.xDelayedTaskList1
                0x0000000020001df8       0x14 ./Middlewares/FreeRTOS/tasks.o
 .bss.xDelayedTaskList2
                0x0000000020001e0c       0x14 ./Middlewares/FreeRTOS/tasks.o
 .bss.pxDelayedTaskList
                0x0000000020001e20        0x4 ./Middlewares/FreeRTOS/tasks.o
 .bss.pxOverflowDelayedTaskList
                0x0000000020001e24        0x4 ./Middlewares/FreeRTOS/tasks.o
 .bss.xPendingReadyList
                0x0000000020001e28       0x14 ./Middlewares/FreeRTOS/tasks.o
 .bss.xTasksWaitingTermination
                0x0000000020001e3c       0x14 ./Middlewares/FreeRTOS/tasks.o
 .bss.uxDeletedTasksWaitingCleanUp
                0x0000000020001e50        0x4 ./Middlewares/FreeRTOS/tasks.o
 .bss.xSuspendedTaskList
                0x0000000020001e54       0x14 ./Middlewares/FreeRTOS/tasks.o
 .bss.uxCurrentNumberOfTasks
                0x0000000020001e68        0x4 ./Middlewares/FreeRTOS/tasks.o
 .bss.xTickCount
                0x0000000020001e6c        0x4 ./Middlewares/FreeRTOS/tasks.o
 .bss.uxTopReadyPriority
                0x0000000020001e70        0x4 ./Middlewares/FreeRTOS/tasks.o
 .bss.xSchedulerRunning
                0x0000000020001e74        0x4 ./Middlewares/FreeRTOS/tasks.o
 .bss.uxPendedTicks
                0x0000000020001e78        0x4 ./Middlewares/FreeRTOS/tasks.o
 .bss.xYieldPending
                0x0000000020001e7c        0x4 ./Middlewares/FreeRTOS/tasks.o
 .bss.xNumOfOverflows
                0x0000000020001e80        0x4 ./Middlewares/FreeRTOS/tasks.o
 .bss.uxTaskNumber
                0x0000000020001e84        0x4 ./Middlewares/FreeRTOS/tasks.o
 .bss.xNextTaskUnblockTime
                0x0000000020001e88        0x4 ./Middlewares/FreeRTOS/tasks.o
 .bss.xIdleTaskHandle
                0x0000000020001e8c        0x4 ./Middlewares/FreeRTOS/tasks.o
 .bss.uxSchedulerSuspended
                0x0000000020001e90        0x4 ./Middlewares/FreeRTOS/tasks.o
 .bss.__lock___malloc_recursive_mutex
                0x0000000020001e94        0x1 c:/st/stm32cubeide_1.12.1/stm32cubeide/plugins/com.st.stm32cube.ide.mcu.externaltools.gnu-tools-for-stm32.10.3-2021.10.win32_1.0.200.202301161003/tools/bin/../lib/gcc/arm-none-eabi/10.3.1/../../../../arm-none-eabi/lib/thumb/v7-m/nofp\libc_nano.a(lib_a-lock.o)
                0x0000000020001e94                __lock___malloc_recursive_mutex
 *fill*         0x0000000020001e95        0x3 
 .bss.__malloc_free_list
                0x0000000020001e98        0x4 c:/st/stm32cubeide_1.12.1/stm32cubeide/plugins/com.st.stm32cube.ide.mcu.externaltools.gnu-tools-for-stm32.10.3-2021.10.win32_1.0.200.202301161003/tools/bin/../lib/gcc/arm-none-eabi/10.3.1/../../../../arm-none-eabi/lib/thumb/v7-m/nofp\libc_nano.a(lib_a-nano-mallocr.o)
                0x0000000020001e98                __malloc_free_list
 .bss.__malloc_sbrk_start
                0x0000000020001e9c        0x4 c:/st/stm32cubeide_1.12.1/stm32cubeide/plugins/com.st.stm32cube.ide.mcu.externaltools.gnu-tools-for-stm32.10.3-2021.10.win32_1.0.200.202301161003/tools/bin/../lib/gcc/arm-none-eabi/10.3.1/../../../../arm-none-eabi/lib/thumb/v7-m/nofp\libc_nano.a(lib_a-nano-mallocr.o)
                0x0000000020001e9c                __malloc_sbrk_start
 .bss.errno     0x0000000020001ea0        0x4 c:/st/stm32cubeide_1.12.1/stm32cubeide/plugins/com.st.stm32cube.ide.mcu.externaltools.gnu-tools-for-stm32.10.3-2021.10.win32_1.0.200.202301161003/tools/bin/../lib/gcc/arm-none-eabi/10.3.1/../../../../arm-none-eabi/lib/thumb/v7-m/nofp\libc_nano.a(lib_a-reent.o)
                0x0000000020001ea0                errno
 *(COMMON)
                0x0000000020001ea4                . = ALIGN (0x4)
                0x0000000020001ea4                _ebss = .
                0x0000000020001ea4                __bss_end__ = _ebss

._user_heap_stack
                0x0000000020001ea4      0x604 load address 0x0000000008009598
                0x0000000020001ea8                . = ALIGN (0x8)
 *fill*         0x0000000020001ea4        0x4 
                [!provide]                        PROVIDE (end = .)
                0x0000000020001ea8                PROVIDE (_end = .)
                0x00000000200020a8                . = (. + _Min_Heap_Size)
 *fill*         0x0000000020001ea8      0x200 
                0x00000000200024a8                . = (. + _Min_Stack_Size)
 *fill*         0x00000000200020a8      0x400 
                0x00000000200024a8                . = ALIGN (0x8)

/DISCARD/
 libc.a(*)
 libm.a(*)
 libgcc.a(*)

.ARM.attributes
                0x0000000000000000       0x29
 *(.ARM.attributes)
 .ARM.attributes
                0x0000000000000000       0x1d c:/st/stm32cubeide_1.12.1/stm32cubeide/plugins/com.st.stm32cube.ide.mcu.externaltools.gnu-tools-for-stm32.10.3-2021.10.win32_1.0.200.202301161003/tools/bin/../lib/gcc/arm-none-eabi/10.3.1/thumb/v7-m/nofp/crti.o
 .ARM.attributes
                0x000000000000001d       0x2d c:/st/stm32cubeide_1.12.1/stm32cubeide/plugins/com.st.stm32cube.ide.mcu.externaltools.gnu-tools-for-stm32.10.3-2021.10.win32_1.0.200.202301161003/tools/bin/../lib/gcc/arm-none-eabi/10.3.1/thumb/v7-m/nofp/crtbegin.o
 .ARM.attributes
                0x000000000000004a       0x2d ./Application/User/Core/freertos.o
 .ARM.attributes
                0x0000000000000077       0x2d ./Application/User/Core/main.o
 .ARM.attributes
                0x00000000000000a4       0x2d ./Application/User/Core/stm32l1xx_hal_msp.o
 .ARM.attributes
                0x00000000000000d1       0x2d ./Application/User/Core/stm32l1xx_hal_timebase_tim.o
 .ARM.attributes
                0x00000000000000fe       0x2d ./Application/User/Core/stm32l1xx_it.o
 .ARM.attributes
                0x000000000000012b       0x2d ./Application/User/Core/sysmem.o
 .ARM.attributes
                0x0000000000000158       0x21 ./Application/User/Startup/startup_stm32l151c8txa.o
 .ARM.attributes
                0x0000000000000179       0x2d ./Drivers/CMSIS/system_stm32l1xx.o
 .ARM.attributes
                0x00000000000001a6       0x2d ./Drivers/STM32L1xx_HAL_Driver/stm32l1xx_hal.o
 .ARM.attributes
                0x00000000000001d3       0x2d ./Drivers/STM32L1xx_HAL_Driver/stm32l1xx_hal_adc.o
 .ARM.attributes
                0x0000000000000200       0x2d ./Drivers/STM32L1xx_HAL_Driver/stm32l1xx_hal_cortex.o
 .ARM.attributes
                0x000000000000022d       0x2d ./Drivers/STM32L1xx_HAL_Driver/stm32l1xx_hal_dma.o
 .ARM.attributes
                0x000000000000025a       0x2d ./Drivers/STM32L1xx_HAL_Driver/stm32l1xx_hal_gpio.o
 .ARM.attributes
                0x0000000000000287       0x2d ./Drivers/STM32L1xx_HAL_Driver/stm32l1xx_hal_i2c.o
 .ARM.attributes
                0x00000000000002b4       0x2d ./Drivers/STM32L1xx_HAL_Driver/stm32l1xx_hal_pwr.o
 .ARM.attributes
                0x00000000000002e1       0x2d ./Drivers/STM32L1xx_HAL_Driver/stm32l1xx_hal_rcc.o
 .ARM.attributes
                0x000000000000030e       0x2d ./Drivers/STM32L1xx_HAL_Driver/stm32l1xx_hal_tim.o
 .ARM.attributes
                0x000000000000033b       0x2d ./Drivers/STM32L1xx_HAL_Driver/stm32l1xx_hal_uart.o
 .ARM.attributes
                0x0000000000000368       0x2d ./Drivers/my_libs/ble.o
 .ARM.attributes
                0x0000000000000395       0x2d ./Drivers/my_libs/drv2605.o
 .ARM.attributes
                0x00000000000003c2       0x2d ./Drivers/my_libs/hm10.o
 .ARM.attributes
                0x00000000000003ef       0x2d ./Drivers/my_libs/lsm6.o
 .ARM.attributes
                0x000000000000041c       0x2d ./Drivers/my_libs/motor.o
 .ARM.attributes
                0x0000000000000449       0x2d ./Drivers/my_libs/sens.o
 .ARM.attributes
                0x0000000000000476       0x2d ./Middlewares/FreeRTOS/cmsis_os.o
 .ARM.attributes
                0x00000000000004a3       0x2d ./Middlewares/FreeRTOS/heap_4.o
 .ARM.attributes
                0x00000000000004d0       0x2d ./Middlewares/FreeRTOS/list.o
 .ARM.attributes
                0x00000000000004fd       0x2d ./Middlewares/FreeRTOS/port.o
 .ARM.attributes
                0x000000000000052a       0x2d ./Middlewares/FreeRTOS/tasks.o
 .ARM.attributes
                0x0000000000000557       0x2d c:/st/stm32cubeide_1.12.1/stm32cubeide/plugins/com.st.stm32cube.ide.mcu.externaltools.gnu-tools-for-stm32.10.3-2021.10.win32_1.0.200.202301161003/tools/bin/../lib/gcc/arm-none-eabi/10.3.1/../../../../arm-none-eabi/lib/thumb/v7-m/nofp\libc_nano.a(lib_a-errno.o)
 .ARM.attributes
                0x0000000000000584       0x2d c:/st/stm32cubeide_1.12.1/stm32cubeide/plugins/com.st.stm32cube.ide.mcu.externaltools.gnu-tools-for-stm32.10.3-2021.10.win32_1.0.200.202301161003/tools/bin/../lib/gcc/arm-none-eabi/10.3.1/../../../../arm-none-eabi/lib/thumb/v7-m/nofp\libc_nano.a(lib_a-findfp.o)
 .ARM.attributes
                0x00000000000005b1       0x2d c:/st/stm32cubeide_1.12.1/stm32cubeide/plugins/com.st.stm32cube.ide.mcu.externaltools.gnu-tools-for-stm32.10.3-2021.10.win32_1.0.200.202301161003/tools/bin/../lib/gcc/arm-none-eabi/10.3.1/../../../../arm-none-eabi/lib/thumb/v7-m/nofp\libc_nano.a(lib_a-impure.o)
 .ARM.attributes
                0x00000000000005de       0x2d c:/st/stm32cubeide_1.12.1/stm32cubeide/plugins/com.st.stm32cube.ide.mcu.externaltools.gnu-tools-for-stm32.10.3-2021.10.win32_1.0.200.202301161003/tools/bin/../lib/gcc/arm-none-eabi/10.3.1/../../../../arm-none-eabi/lib/thumb/v7-m/nofp\libc_nano.a(lib_a-init.o)
 .ARM.attributes
                0x000000000000060b       0x2d c:/st/stm32cubeide_1.12.1/stm32cubeide/plugins/com.st.stm32cube.ide.mcu.externaltools.gnu-tools-for-stm32.10.3-2021.10.win32_1.0.200.202301161003/tools/bin/../lib/gcc/arm-none-eabi/10.3.1/../../../../arm-none-eabi/lib/thumb/v7-m/nofp\libc_nano.a(lib_a-lock.o)
 .ARM.attributes
                0x0000000000000638       0x2d c:/st/stm32cubeide_1.12.1/stm32cubeide/plugins/com.st.stm32cube.ide.mcu.externaltools.gnu-tools-for-stm32.10.3-2021.10.win32_1.0.200.202301161003/tools/bin/../lib/gcc/arm-none-eabi/10.3.1/../../../../arm-none-eabi/lib/thumb/v7-m/nofp\libc_nano.a(lib_a-memcpy-stub.o)
 .ARM.attributes
                0x0000000000000665       0x2d c:/st/stm32cubeide_1.12.1/stm32cubeide/plugins/com.st.stm32cube.ide.mcu.externaltools.gnu-tools-for-stm32.10.3-2021.10.win32_1.0.200.202301161003/tools/bin/../lib/gcc/arm-none-eabi/10.3.1/../../../../arm-none-eabi/lib/thumb/v7-m/nofp\libc_nano.a(lib_a-memset.o)
 .ARM.attributes
                0x0000000000000692       0x2d c:/st/stm32cubeide_1.12.1/stm32cubeide/plugins/com.st.stm32cube.ide.mcu.externaltools.gnu-tools-for-stm32.10.3-2021.10.win32_1.0.200.202301161003/tools/bin/../lib/gcc/arm-none-eabi/10.3.1/../../../../arm-none-eabi/lib/thumb/v7-m/nofp\libc_nano.a(lib_a-nano-mallocr.o)
 .ARM.attributes
                0x00000000000006bf       0x2d c:/st/stm32cubeide_1.12.1/stm32cubeide/plugins/com.st.stm32cube.ide.mcu.externaltools.gnu-tools-for-stm32.10.3-2021.10.win32_1.0.200.202301161003/tools/bin/../lib/gcc/arm-none-eabi/10.3.1/../../../../arm-none-eabi/lib/thumb/v7-m/nofp\libc_nano.a(lib_a-reent.o)
 .ARM.attributes
                0x00000000000006ec       0x2d c:/st/stm32cubeide_1.12.1/stm32cubeide/plugins/com.st.stm32cube.ide.mcu.externaltools.gnu-tools-for-stm32.10.3-2021.10.win32_1.0.200.202301161003/tools/bin/../lib/gcc/arm-none-eabi/10.3.1/../../../../arm-none-eabi/lib/thumb/v7-m/nofp\libc_nano.a(lib_a-sbrkr.o)
 .ARM.attributes
                0x0000000000000719       0x2d c:/st/stm32cubeide_1.12.1/stm32cubeide/plugins/com.st.stm32cube.ide.mcu.externaltools.gnu-tools-for-stm32.10.3-2021.10.win32_1.0.200.202301161003/tools/bin/../lib/gcc/arm-none-eabi/10.3.1/../../../../arm-none-eabi/lib/thumb/v7-m/nofp\libc_nano.a(lib_a-sprintf.o)
 .ARM.attributes
                0x0000000000000746       0x2d c:/st/stm32cubeide_1.12.1/stm32cubeide/plugins/com.st.stm32cube.ide.mcu.externaltools.gnu-tools-for-stm32.10.3-2021.10.win32_1.0.200.202301161003/tools/bin/../lib/gcc/arm-none-eabi/10.3.1/../../../../arm-none-eabi/lib/thumb/v7-m/nofp\libc_nano.a(lib_a-sscanf.o)
 .ARM.attributes
                0x0000000000000773       0x2d c:/st/stm32cubeide_1.12.1/stm32cubeide/plugins/com.st.stm32cube.ide.mcu.externaltools.gnu-tools-for-stm32.10.3-2021.10.win32_1.0.200.202301161003/tools/bin/../lib/gcc/arm-none-eabi/10.3.1/../../../../arm-none-eabi/lib/thumb/v7-m/nofp\libc_nano.a(lib_a-stdio.o)
 .ARM.attributes
                0x00000000000007a0       0x1b c:/st/stm32cubeide_1.12.1/stm32cubeide/plugins/com.st.stm32cube.ide.mcu.externaltools.gnu-tools-for-stm32.10.3-2021.10.win32_1.0.200.202301161003/tools/bin/../lib/gcc/arm-none-eabi/10.3.1/../../../../arm-none-eabi/lib/thumb/v7-m/nofp\libc_nano.a(lib_a-strcmp.o)
 .ARM.attributes
                0x00000000000007bb       0x17 c:/st/stm32cubeide_1.12.1/stm32cubeide/plugins/com.st.stm32cube.ide.mcu.externaltools.gnu-tools-for-stm32.10.3-2021.10.win32_1.0.200.202301161003/tools/bin/../lib/gcc/arm-none-eabi/10.3.1/../../../../arm-none-eabi/lib/thumb/v7-m/nofp\libc_nano.a(lib_a-strlen.o)
 .ARM.attributes
                0x00000000000007d2       0x2d c:/st/stm32cubeide_1.12.1/stm32cubeide/plugins/com.st.stm32cube.ide.mcu.externaltools.gnu-tools-for-stm32.10.3-2021.10.win32_1.0.200.202301161003/tools/bin/../lib/gcc/arm-none-eabi/10.3.1/../../../../arm-none-eabi/lib/thumb/v7-m/nofp\libc_nano.a(lib_a-strncmp.o)
 .ARM.attributes