../../Middlewares/ST/touchgfx/framework/include/touchgfx/Drawable.hpp:315:18:virtual void touchgfx::Drawable::setX(int16_t)	0	static
../../Middlewares/ST/touchgfx/framework/include/touchgfx/Drawable.hpp:327:18:virtual void touchgfx::Drawable::setY(int16_t)	0	static
../../Middlewares/ST/touchgfx/framework/include/touchgfx/Drawable.hpp:356:18:virtual void touchgfx::Drawable::setWidth(int16_t)	0	static
../../Middlewares/ST/touchgfx/framework/include/touchgfx/Drawable.hpp:368:18:virtual void touchgfx::Drawable::setHeight(int16_t)	0	static
../../Middlewares/ST/touchgfx/framework/include/touchgfx/Drawable.hpp:378:18:virtual void touchgfx::Drawable::childGeometryChanged()	0	static
../../Middlewares/ST/touchgfx/framework/include/touchgfx/Drawable.hpp:389:18:virtual void touchgfx::Drawable::handleClickEvent(const touchgfx::ClickEvent&)	0	static
../../Middlewares/ST/touchgfx/framework/include/touchgfx/Drawable.hpp:401:18:virtual void touchgfx::Drawable::handleGestureEvent(const touchgfx::GestureEvent&)	0	static
../../Middlewares/ST/touchgfx/framework/include/touchgfx/Drawable.hpp:490:18:virtual void touchgfx::Drawable::handleDragEvent(const touchgfx::DragEvent&)	0	static
../../Middlewares/ST/touchgfx/framework/include/touchgfx/Drawable.hpp:501:18:virtual void touchgfx::Drawable::handleTickEvent()	0	static
../../Middlewares/ST/touchgfx/framework/include/touchgfx/Drawable.hpp:588:18:virtual void touchgfx::Drawable::moveTo(int16_t, int16_t)	4	static
../../Middlewares/ST/touchgfx/framework/include/touchgfx/containers/Container.hpp:165:23:virtual touchgfx::Drawable* touchgfx::Container::getFirstChild()	0	static
../../TouchGFX/gui/include/gui/containers/ColorContainer.hpp:35:13:ColorContainer::~ColorContainer()	8	static
../../TouchGFX/gui/include/gui/containers/ColorContainer.hpp:35:13:virtual ColorContainer::~ColorContainer()	8	static
../../Middlewares/ST/touchgfx/framework/include/touchgfx/Drawable.hpp:121:18:virtual void touchgfx::Drawable::invalidateContent() const	0	static
../../TouchGFX/generated/gui_generated/include/gui_generated/containers/ColorContainerBase.hpp:40:18:virtual void ColorContainerBase::emitColorSelected1Callback(uint32_t)	16	static
C:/projekty/prywatne/STM-projekty/GUI_sensors_light/TouchGFX/gui/src/containers/ColorContainer.cpp:4:1:ColorContainer::ColorContainer()	8	static
../../Middlewares/ST/touchgfx/framework/include/touchgfx/widgets/RadioButtonGroup.hpp:89:21:int32_t touchgfx::RadioButtonGroup<CAPACITY>::getSelectedRadioButtonIndex() const [with short unsigned int CAPACITY = 15]	8	static
C:/projekty/prywatne/STM-projekty/GUI_sensors_light/TouchGFX/gui/src/containers/ColorContainer.cpp:37:6:virtual void ColorContainer::get_button_name(char*)	8	static
C:/projekty/prywatne/STM-projekty/GUI_sensors_light/TouchGFX/gui/src/containers/ColorContainer.cpp:15:6:virtual void ColorContainer::select_button(uint32_t, char*)	32	static
C:/projekty/prywatne/STM-projekty/GUI_sensors_light/TouchGFX/gui/src/containers/ColorContainer.cpp:9:6:virtual void ColorContainer::initialize()	0	static
