../../Middlewares/ST/touchgfx/framework/include/touchgfx/Drawable.hpp:315:18:virtual void touchgfx::Drawable::setX(int16_t)	0	static
../../Middlewares/ST/touchgfx/framework/include/touchgfx/Drawable.hpp:327:18:virtual void touchgfx::Drawable::setY(int16_t)	0	static
../../Middlewares/ST/touchgfx/framework/include/touchgfx/Drawable.hpp:356:18:virtual void touchgfx::Drawable::setWidth(int16_t)	0	static
../../Middlewares/ST/touchgfx/framework/include/touchgfx/Drawable.hpp:368:18:virtual void touchgfx::Drawable::setHeight(int16_t)	0	static
../../Middlewares/ST/touchgfx/framework/include/touchgfx/Drawable.hpp:378:18:virtual void touchgfx::Drawable::childGeometryChanged()	0	static
../../Middlewares/ST/touchgfx/framework/include/touchgfx/Drawable.hpp:389:18:virtual void touchgfx::Drawable::handleClickEvent(const touchgfx::ClickEvent&)	0	static
../../Middlewares/ST/touchgfx/framework/include/touchgfx/Drawable.hpp:401:18:virtual void touchgfx::Drawable::handleGestureEvent(const touchgfx::GestureEvent&)	0	static
../../Middlewares/ST/touchgfx/framework/include/touchgfx/Drawable.hpp:490:18:virtual void touchgfx::Drawable::handleDragEvent(const touchgfx::DragEvent&)	0	static
../../Middlewares/ST/touchgfx/framework/include/touchgfx/Drawable.hpp:501:18:virtual void touchgfx::Drawable::handleTickEvent()	0	static
../../Middlewares/ST/touchgfx/framework/include/touchgfx/Drawable.hpp:588:18:virtual void touchgfx::Drawable::moveTo(int16_t, int16_t)	4	static
../../Middlewares/ST/touchgfx/framework/include/touchgfx/containers/Container.hpp:165:23:virtual touchgfx::Drawable* touchgfx::Container::getFirstChild()	0	static
../../TouchGFX/gui/include/gui/containers/LightContainer.hpp:10:13:LightContainer::~LightContainer()	8	static
../../TouchGFX/gui/include/gui/containers/LightContainer.hpp:10:13:virtual LightContainer::~LightContainer()	8	static
../../Middlewares/ST/touchgfx/framework/include/touchgfx/Drawable.hpp:121:18:virtual void touchgfx::Drawable::invalidateContent() const	0	static
../../TouchGFX/generated/gui_generated/include/gui_generated/containers/LightContainerBase.hpp:37:18:virtual void LightContainerBase::emitWidgetChangedCallback()	8	static
../../Middlewares/ST/touchgfx/framework/include/touchgfx/Bitmap.hpp:133:14:touchgfx::BitmapId touchgfx::Bitmap::getId() const	8	static
C:/projekty/prywatne/STM-projekty/GUI_sensors_light/TouchGFX/gui/src/containers/LightContainer.cpp:20:6:virtual void LightContainer::getContent(uint8_t*, bool*)	24	static
C:/projekty/prywatne/STM-projekty/GUI_sensors_light/TouchGFX/gui/src/containers/LightContainer.cpp:3:1:LightContainer::LightContainer()	8	static
C:/projekty/prywatne/STM-projekty/GUI_sensors_light/TouchGFX/gui/src/containers/LightContainer.cpp:8:6:virtual void LightContainer::initialize()	0	static
C:/projekty/prywatne/STM-projekty/GUI_sensors_light/TouchGFX/gui/src/containers/LightContainer.cpp:13:6:virtual void LightContainer::updateContent(uint8_t, bool)	16	static
