../../Middlewares/ST/touchgfx/framework/include/touchgfx/Screen.hpp:104:18:virtual void touchgfx::Screen::afterTransition()	0	static
../../Middlewares/ST/touchgfx/framework/include/touchgfx/Screen.hpp:144:18:virtual void touchgfx::Screen::handleTickEvent()	0	static
../../Middlewares/ST/touchgfx/framework/include/touchgfx/Screen.hpp:154:18:virtual void touchgfx::Screen::handleKeyEvent(uint8_t)	0	static
C:/projekty/prywatne/STM-projekty/GUI_sensors_light/TouchGFX/gui/src/lightscreen_screen/LightScreenView.cpp:14:6:virtual void LightScreenView::tearDownScreen()	0	static
C:/projekty/prywatne/STM-projekty/GUI_sensors_light/TouchGFX/gui/src/lightscreen_screen/LightScreenView.cpp:45:6:virtual void LightScreenView::updateDefaultColor()	0	static
../../TouchGFX/gui/include/gui/lightscreen_screen/LightScreenView.hpp:11:13:LightScreenView::~LightScreenView()	8	static
../../TouchGFX/gui/include/gui/lightscreen_screen/LightScreenView.hpp:11:13:virtual LightScreenView::~LightScreenView()	8	static
C:/projekty/prywatne/STM-projekty/GUI_sensors_light/TouchGFX/gui/src/lightscreen_screen/LightScreenView.cpp:4:1:LightScreenView::LightScreenView()	8	static
C:/projekty/prywatne/STM-projekty/GUI_sensors_light/TouchGFX/gui/src/lightscreen_screen/LightScreenView.cpp:9:6:virtual void LightScreenView::setupScreen()	0	static
C:/projekty/prywatne/STM-projekty/GUI_sensors_light/TouchGFX/gui/src/lightscreen_screen/LightScreenView.cpp:19:6:virtual void LightScreenView::initDefaultColor(unsigned int)	48	static
C:/projekty/prywatne/STM-projekty/GUI_sensors_light/TouchGFX/gui/src/lightscreen_screen/LightScreenView.cpp:82:6:virtual void LightScreenView::sliderChaged(uint8_t)	32	static
C:/projekty/prywatne/STM-projekty/GUI_sensors_light/TouchGFX/gui/src/lightscreen_screen/LightScreenView.cpp:53:6:virtual void LightScreenView::NewColorSelected(uint32_t)	48	static
