C:/projekty/prywatne/STM-projekty/GUI_sensors_light/TouchGFX/gui/src/model/Model.cpp:5:1:Model::Model()	0	static
C:/projekty/prywatne/STM-projekty/GUI_sensors_light/TouchGFX/gui/src/model/Model.cpp:10:6:void Model::tick()	0	static
C:/projekty/prywatne/STM-projekty/GUI_sensors_light/TouchGFX/gui/src/model/Model.cpp:15:6:void Model::saveDefaultColor(unsigned int)	0	static
C:/projekty/prywatne/STM-projekty/GUI_sensors_light/TouchGFX/gui/src/model/Model.cpp:25:6:void Model::updateColor(unsigned int)	8	static
C:/projekty/prywatne/STM-projekty/GUI_sensors_light/TouchGFX/gui/src/model/Model.cpp:32:14:unsigned int Model::getDefaultColor()	8	static
C:/projekty/prywatne/STM-projekty/GUI_sensors_light/TouchGFX/gui/src/model/Model.cpp:40:6:void Model::getDefaultScreenData(color_settings_st*, enviroment_struct*)	8	static
C:/projekty/prywatne/STM-projekty/GUI_sensors_light/TouchGFX/gui/src/model/Model.cpp:47:6:void Model::updateLightInfo(color_settings_st)	16	static
